Archive member included because of file (symbol)

../critical_library/libcritical_library.a(fingerprint.o)
                              obj/default/hello_ucosii_0.o (fprint_set_block_size)
../critical_library/libcritical_library.a(context_switch.o)
                              obj/default/hello_ucosii_0.o (context_switch)
../critical_library/libcritical_library.a(gp.o)
                              obj/default/hello_ucosii_0.o (set_gp)
/CMC/tools/altera/13.1/nios2eds/bin/gnu/H-i686-pc-linux-gnu/bin/../lib/gcc/nios2-elf/4.7.3/../../../../../H-i686-pc-linux-gnu/nios2-elf/lib/mno-hw-mul/libc.a(lib_a-puts.o)
                              obj/default/hello_ucosii_0.o (puts)
/CMC/tools/altera/13.1/nios2eds/bin/gnu/H-i686-pc-linux-gnu/bin/../lib/gcc/nios2-elf/4.7.3/../../../../../H-i686-pc-linux-gnu/nios2-elf/lib/mno-hw-mul/libc.a(lib_a-strlen.o)
                              /CMC/tools/altera/13.1/nios2eds/bin/gnu/H-i686-pc-linux-gnu/bin/../lib/gcc/nios2-elf/4.7.3/../../../../../H-i686-pc-linux-gnu/nios2-elf/lib/mno-hw-mul/libc.a(lib_a-puts.o) (strlen)
/CMC/tools/altera/13.1/nios2eds/bin/gnu/H-i686-pc-linux-gnu/bin/../lib/gcc/nios2-elf/4.7.3/../../../../../H-i686-pc-linux-gnu/nios2-elf/lib/mno-hw-mul/libc.a(lib_a-fvwrite.o)
                              /CMC/tools/altera/13.1/nios2eds/bin/gnu/H-i686-pc-linux-gnu/bin/../lib/gcc/nios2-elf/4.7.3/../../../../../H-i686-pc-linux-gnu/nios2-elf/lib/mno-hw-mul/libc.a(lib_a-puts.o) (__sfvwrite_r)
/CMC/tools/altera/13.1/nios2eds/bin/gnu/H-i686-pc-linux-gnu/bin/../lib/gcc/nios2-elf/4.7.3/../../../../../H-i686-pc-linux-gnu/nios2-elf/lib/mno-hw-mul/libc.a(lib_a-impure.o)
                              /CMC/tools/altera/13.1/nios2eds/bin/gnu/H-i686-pc-linux-gnu/bin/../lib/gcc/nios2-elf/4.7.3/../../../../../H-i686-pc-linux-gnu/nios2-elf/lib/mno-hw-mul/libc.a(lib_a-puts.o) (_impure_ptr)
/CMC/tools/altera/13.1/nios2eds/bin/gnu/H-i686-pc-linux-gnu/bin/../lib/gcc/nios2-elf/4.7.3/../../../../../H-i686-pc-linux-gnu/nios2-elf/lib/mno-hw-mul/libc.a(lib_a-mallocr.o)
                              /CMC/tools/altera/13.1/nios2eds/bin/gnu/H-i686-pc-linux-gnu/bin/../lib/gcc/nios2-elf/4.7.3/../../../../../H-i686-pc-linux-gnu/nios2-elf/lib/mno-hw-mul/libc.a(lib_a-fvwrite.o) (_malloc_r)
/CMC/tools/altera/13.1/nios2eds/bin/gnu/H-i686-pc-linux-gnu/bin/../lib/gcc/nios2-elf/4.7.3/../../../../../H-i686-pc-linux-gnu/nios2-elf/lib/mno-hw-mul/libc.a(lib_a-memchr.o)
                              /CMC/tools/altera/13.1/nios2eds/bin/gnu/H-i686-pc-linux-gnu/bin/../lib/gcc/nios2-elf/4.7.3/../../../../../H-i686-pc-linux-gnu/nios2-elf/lib/mno-hw-mul/libc.a(lib_a-fvwrite.o) (memchr)
/CMC/tools/altera/13.1/nios2eds/bin/gnu/H-i686-pc-linux-gnu/bin/../lib/gcc/nios2-elf/4.7.3/../../../../../H-i686-pc-linux-gnu/nios2-elf/lib/mno-hw-mul/libc.a(lib_a-memcpy.o)
                              /CMC/tools/altera/13.1/nios2eds/bin/gnu/H-i686-pc-linux-gnu/bin/../lib/gcc/nios2-elf/4.7.3/../../../../../H-i686-pc-linux-gnu/nios2-elf/lib/mno-hw-mul/libc.a(lib_a-fvwrite.o) (memcpy)
/CMC/tools/altera/13.1/nios2eds/bin/gnu/H-i686-pc-linux-gnu/bin/../lib/gcc/nios2-elf/4.7.3/../../../../../H-i686-pc-linux-gnu/nios2-elf/lib/mno-hw-mul/libc.a(lib_a-memmove.o)
                              /CMC/tools/altera/13.1/nios2eds/bin/gnu/H-i686-pc-linux-gnu/bin/../lib/gcc/nios2-elf/4.7.3/../../../../../H-i686-pc-linux-gnu/nios2-elf/lib/mno-hw-mul/libc.a(lib_a-fvwrite.o) (memmove)
/CMC/tools/altera/13.1/nios2eds/bin/gnu/H-i686-pc-linux-gnu/bin/../lib/gcc/nios2-elf/4.7.3/../../../../../H-i686-pc-linux-gnu/nios2-elf/lib/mno-hw-mul/libc.a(lib_a-reallocr.o)
                              /CMC/tools/altera/13.1/nios2eds/bin/gnu/H-i686-pc-linux-gnu/bin/../lib/gcc/nios2-elf/4.7.3/../../../../../H-i686-pc-linux-gnu/nios2-elf/lib/mno-hw-mul/libc.a(lib_a-fvwrite.o) (_realloc_r)
/CMC/tools/altera/13.1/nios2eds/bin/gnu/H-i686-pc-linux-gnu/bin/../lib/gcc/nios2-elf/4.7.3/../../../../../H-i686-pc-linux-gnu/nios2-elf/lib/mno-hw-mul/libc.a(lib_a-sbrkr.o)
                              /CMC/tools/altera/13.1/nios2eds/bin/gnu/H-i686-pc-linux-gnu/bin/../lib/gcc/nios2-elf/4.7.3/../../../../../H-i686-pc-linux-gnu/nios2-elf/lib/mno-hw-mul/libc.a(lib_a-mallocr.o) (_sbrk_r)
/CMC/tools/altera/13.1/nios2eds/bin/gnu/H-i686-pc-linux-gnu/bin/../lib/gcc/nios2-elf/4.7.3/../../../../../H-i686-pc-linux-gnu/nios2-elf/lib/mno-hw-mul/libc.a(lib_a-wsetup.o)
                              /CMC/tools/altera/13.1/nios2eds/bin/gnu/H-i686-pc-linux-gnu/bin/../lib/gcc/nios2-elf/4.7.3/../../../../../H-i686-pc-linux-gnu/nios2-elf/lib/mno-hw-mul/libc.a(lib_a-fvwrite.o) (__swsetup_r)
/CMC/tools/altera/13.1/nios2eds/bin/gnu/H-i686-pc-linux-gnu/bin/../lib/gcc/nios2-elf/4.7.3/../../../../../H-i686-pc-linux-gnu/nios2-elf/lib/mno-hw-mul/libc.a(lib_a-fflush.o)
                              /CMC/tools/altera/13.1/nios2eds/bin/gnu/H-i686-pc-linux-gnu/bin/../lib/gcc/nios2-elf/4.7.3/../../../../../H-i686-pc-linux-gnu/nios2-elf/lib/mno-hw-mul/libc.a(lib_a-fvwrite.o) (_fflush_r)
[...]
Memory Configuration

Name             Origin             Length             Attributes
memory_0_onchip_memoryMain_BEFORE_RESET 0x00400000         0x00064000
reset            0x00464000         0x00000020
memory_0_onchip_memoryMain 0x00464020         0x00031fe0
shared_memory    0x02500000         0x00000400
processor0_0_scratchpad 0x04200000         0x00003000
global           0x04203000         0x00001000
*default*        0x00000000         0xffffffff

Linker script and memory map

LOAD ../ucos0_bsp//obj/HAL/src/crt0.o
LOAD obj/default/hello_ucosii_0.o
LOAD obj/default/tlb.o
LOAD ../critical_library/libcritical_library.a
LOAD /CMC/tools/altera/13.1/nios2eds/bin/gnu/H-i686-pc-linux-gnu/bin/../lib/gcc/nios2-elf/4.7.3/../../../../../H-i686-pc-linux-gnu/nios2-elf/lib/mno-hw-mul/libstdc++.a
LOAD /CMC/tools/altera/13.1/nios2eds/bin/gnu/H-i686-pc-linux-gnu/bin/../lib/gcc/nios2-elf/4.7.3/../../../../../H-i686-pc-linux-gnu/nios2-elf/lib/mno-hw-mul/libm.a
LOAD /CMC/tools/altera/13.1/nios2eds/bin/gnu/H-i686-pc-linux-gnu/bin/../lib/gcc/nios2-elf/4.7.3/mno-hw-mul/libgcc.a
START GROUP
LOAD /CMC/tools/altera/13.1/nios2eds/bin/gnu/H-i686-pc-linux-gnu/bin/../lib/gcc/nios2-elf/4.7.3/../../../../../H-i686-pc-linux-gnu/nios2-elf/lib/mno-hw-mul/libc.a
LOAD /CMC/tools/altera/13.1/nios2eds/bin/gnu/H-i686-pc-linux-gnu/bin/../lib/gcc/nios2-elf/4.7.3/mno-hw-mul/libgcc.a
LOAD ../ucos0_bsp//libucosii_bsp.a
END GROUP
LOAD /CMC/tools/altera/13.1/nios2eds/bin/gnu/H-i686-pc-linux-gnu/bin/../lib/gcc/nios2-elf/4.7.3/mno-hw-mul/libgcc.a
                0x00400000                __alt_mem_memory_0_onchip_memoryMain = 0x400000
                0x02500000                __alt_mem_shared_memory = 0x2500000
                0x04200000                __alt_mem_processor0_0_scratchpad = 0x4200000

.entry          0x00464000       0x20
 *(.entry)
 .entry         0x00464000       0x20 ../ucos0_bsp//obj/HAL/src/crt0.o
                0x00464000                __reset

.exceptions     0x00464020      0x1c0
                0x00464020                PROVIDE (__ram_exceptions_start, ABSOLUTE (.))
                0x00464020                . = ALIGN (0x20)
 *(.irq)
 *(.exceptions.entry.label)
 .exceptions.entry.label
                0x00464020        0x0 ../ucos0_bsp//libucosii_bsp.a(alt_irq_entry.o)
                0x00464020                alt_irq_entry
 .exceptions.entry.label
                0x00464020        0x0 ../ucos0_bsp//libucosii_bsp.a(alt_exception_entry.o)
                0x00464020                alt_exception
 *(.exceptions.entry.user)
 *(.exceptions.entry.ecc_fatal)
 *(.exceptions.entry)
 .exceptions.entry
                0x00464020       0x6c ../ucos0_bsp//libucosii_bsp.a(alt_exception_entry.o)
 *(.exceptions.irqtest.user)
 *(.exceptions.irqtest)
 .exceptions.irqtest
                0x0046408c       0x10 ../ucos0_bsp//libucosii_bsp.a(alt_irq_entry.o)
 *(.exceptions.irqhandler.user)
 *(.exceptions.irqhandler)
 .exceptions.irqhandler
                0x0046409c        0x4 ../ucos0_bsp//libucosii_bsp.a(alt_irq_entry.o)
 *(.exceptions.irqreturn.user)
 *(.exceptions.irqreturn)
 .exceptions.irqreturn
                0x004640a0        0x4 ../ucos0_bsp//libucosii_bsp.a(alt_irq_entry.o)
 *(.exceptions.notirq.label)
 .exceptions.notirq.label
                0x004640a4        0x0 ../ucos0_bsp//libucosii_bsp.a(alt_irq_entry.o)
 *(.exceptions.notirq.user)
 *(.exceptions.notirq)
 .exceptions.notirq
                0x004640a4        0x8 ../ucos0_bsp//libucosii_bsp.a(alt_exception_entry.o)
 *(.exceptions.soft.user)
 *(.exceptions.soft)
 *(.exceptions.unknown.user)
 *(.exceptions.unknown)
 .exceptions.unknown
                0x004640ac        0x4 ../ucos0_bsp//libucosii_bsp.a(alt_exception_entry.o)
 *(.exceptions.exit.label)
 .exceptions.exit.label
                0x004640b0        0x0 ../ucos0_bsp//libucosii_bsp.a(alt_irq_entry.o)
 .exceptions.exit.label
                0x004640b0        0x0 ../ucos0_bsp//libucosii_bsp.a(alt_exception_entry.o)
 *(.exceptions.exit.user)
 *(.exceptions.exit)
 .exceptions.exit
                0x004640b0       0x60 ../ucos0_bsp//libucosii_bsp.a(alt_exception_entry.o)
 *(.exceptions)
 .exceptions    0x00464110       0xd0 ../ucos0_bsp//libucosii_bsp.a(alt_irq_handler.o)
                0x00464110                alt_irq_handler
                0x004641e0                PROVIDE (__ram_exceptions_end, ABSOLUTE (.))
                0x00464020                PROVIDE (__flash_exceptions_start, LOADADDR (.exceptions))

.critical       0x04200000     0x1000
                0x04200000                PROVIDE (_alt_partition_critical_start, ABSOLUTE (.))
 *(.critical .critical.*)
 .critical      0x04200000     0x1000 obj/default/hello_ucosii_0.o
                0x04200000                critical_task_stk
                0x04201000                . = ALIGN (0x4)
                0x04201000                PROVIDE (_alt_partition_critical_end, ABSOLUTE (.))

.global         0x04203000        0x0
                0x04203000                PROVIDE (_alt_partition_global_start, ABSOLUTE (.))
 *(.global .global.*)
                0x04203000                . = ALIGN (0x4)
                0x04203000                PROVIDE (_alt_partition_global_end, ABSOLUTE (.))

.text           0x004641e0    0x11de4
                0x004641e0                PROVIDE (stext, ABSOLUTE (.))
 *(.interp)
 *(.hash)
 *(.dynsym)
 *(.dynstr)
 *(.gnu.version)
 *(.gnu.version_d)
 *(.gnu.version_r)
 *(.rel.init)
 *(.rela.init)
 *(.rel.text .rel.text.* .rel.gnu.linkonce.t.*)
 *(.rela.text .rela.text.* .rela.gnu.linkonce.t.*)
 *(.rel.fini)
 *(.rela.fini)
 *(.rel.rodata .rel.rodata.* .rel.gnu.linkonce.r.*)
 *(.rela.rodata .rela.rodata.* .rela.gnu.linkonce.r.*)
 *(.rel.data .rel.data.* .rel.gnu.linkonce.d.*)
 *(.rela.data .rela.data.* .rela.gnu.linkonce.d.*)
 *(.rel.tdata .rel.tdata.* .rel.gnu.linkonce.td.*)
 *(.rela.tdata .rela.tdata.* .rela.gnu.linkonce.td.*)
 *(.rel.tbss .rel.tbss.* .rel.gnu.linkonce.tb.*)
 *(.rela.tbss .rela.tbss.* .rela.gnu.linkonce.tb.*)
 *(.rel.ctors)
 *(.rela.ctors)
 *(.rel.dtors)
 *(.rela.dtors)
 *(.rel.got)
 *(.rela.got)
 *(.rel.sdata .rel.sdata.* .rel.gnu.linkonce.s.*)
 *(.rela.sdata .rela.sdata.* .rela.gnu.linkonce.s.*)
 *(.rel.sbss .rel.sbss.* .rel.gnu.linkonce.sb.*)
 *(.rela.sbss .rela.sbss.* .rela.gnu.linkonce.sb.*)
 *(.rel.sdata2 .rel.sdata2.* .rel.gnu.linkonce.s2.*)
 *(.rela.sdata2 .rela.sdata2.* .rela.gnu.linkonce.s2.*)
 *(.rel.sbss2 .rel.sbss2.* .rel.gnu.linkonce.sb2.*)
 *(.rela.sbss2 .rela.sbss2.* .rela.gnu.linkonce.sb2.*)
 *(.rel.bss .rel.bss.* .rel.gnu.linkonce.b.*)
 *(.rela.bss .rela.bss.* .rela.gnu.linkonce.b.*)
 *(.rel.plt)
 *(.rela.plt)
 *(.rel.dyn)
 *(.init)
 *(.plt)
 *(.text .stub .text.* .gnu.linkonce.t.*)
 .text          0x004641e0       0x3c ../ucos0_bsp//obj/HAL/src/crt0.o
                0x004641e0                _start
 .text          0x0046421c      0x400 obj/default/hello_ucosii_0.o
                0x00464308                preemption_task
                0x0046449c                init_tlb
                0x004644d8                main
 .text          0x0046461c      0x1cc obj/default/tlb.o
                0x0046461c                disable_tlb
                0x00464628                enable_tlb
                0x00464638                reset_tlb
                0x0046469c                tlb_is_on
                0x004646b0                set_enable
                0x004646d8                reset_enable
                0x004646e4                get_enable
                0x004646f0                set_valid
                0x00464718                reset_valid
                0x00464724                get_valid
                0x00464730                set_cputable_entry
                0x00464764                get_cputable_entry
                0x0046478c                set_spmtable_entry
                0x004647c0                get_spmtable_entry
 .text          0x004647e8      0x260 ../critical_library/libcritical_library.a(fingerprint.o)
                0x004647e8                set_task_directory
                0x00464880                enable_fprint_task
                0x004648ac                disable_fprint_task
                0x004648d0                fprint_reset_irq
                0x004648f0                fprint_status
                0x00464940                fprint_set_block_size
                0x00464968                set_core_assignment
                0x004649b4                set_core_assignment_table
 .text          0x00464a48       0x68 ../critical_library/libcritical_library.a(context_switch.o)
                0x00464a48                context_switch
                0x00464a8c                context_restore
 .text          0x00464ab0       0x24 ../critical_library/libcritical_library.a(gp.o)
                0x00464ab0                get_gp
                0x00464abc                set_gp
                0x00464ac8                restore_gp
 .text          0x00464ad4       0x98 /CMC/tools/altera/13.1/nios2eds/bin/gnu/H-i686-pc-linux-gnu/bin/../lib/gcc/nios2-elf/4.7.3/../../../../../H-i686-pc-linux-gnu/nios2-elf/lib/mno-hw-mul/libc.a(lib_a-puts.o)
                0x00464ad4                _puts_r
                0x00464b58                puts
 .text          0x00464b6c       0x8c /CMC/tools/altera/13.1/nios2eds/bin/gnu/H-i686-pc-linux-gnu/bin/../lib/gcc/nios2-elf/4.7.3/../../../../../H-i686-pc-linux-gnu/nios2-elf/lib/mno-hw-mul/libc.a(lib_a-strlen.o)
                0x00464b6c                strlen
 .text          0x00464bf8      0x4e4 /CMC/tools/altera/13.1/nios2eds/bin/gnu/H-i686-pc-linux-gnu/bin/../lib/gcc/nios2-elf/4.7.3/../../../../../H-i686-pc-linux-gnu/nios2-elf/lib/mno-hw-mul/libc.a(lib_a-fvwrite.o)
                0x00464bf8                __sfvwrite_r
 .text          0x004650dc        0x0 /CMC/tools/altera/13.1/nios2eds/bin/gnu/H-i686-pc-linux-gnu/bin/../lib/gcc/nios2-elf/4.7.3/../../../../../H-i686-pc-linux-gnu/nios2-elf/lib/mno-hw-mul/libc.a(lib_a-impure.o)
 .text          0x004650dc      0x784 /CMC/tools/altera/13.1/nios2eds/bin/gnu/H-i686-pc-linux-gnu/bin/../lib/gcc/nios2-elf/4.7.3/../../../../../H-i686-pc-linux-gnu/nios2-elf/lib/mno-hw-mul/libc.a(lib_a-mallocr.o)
                0x004650dc                _malloc_r
 .text          0x00465860       0xf8 /CMC/tools/altera/13.1/nios2eds/bin/gnu/H-i686-pc-linux-gnu/bin/../lib/gcc/nios2-elf/4.7.3/../../../../../H-i686-pc-linux-gnu/nios2-elf/lib/mno-hw-mul/libc.a(lib_a-memchr.o)
                0x00465860                memchr
 .text          0x00465958      0x140 /CMC/tools/altera/13.1/nios2eds/bin/gnu/H-i686-pc-linux-gnu/bin/../lib/gcc/nios2-elf/4.7.3/../../../../../H-i686-pc-linux-gnu/nios2-elf/lib/mno-hw-mul/libc.a(lib_a-memcpy.o)
                0x00465958                memcpy
 .text          0x00465a98      0x18c /CMC/tools/altera/13.1/nios2eds/bin/gnu/H-i686-pc-linux-gnu/bin/../lib/gcc/nios2-elf/4.7.3/../../../../../H-i686-pc-linux-gnu/nios2-elf/lib/mno-hw-mul/libc.a(lib_a-memmove.o)
                0x00465a98                memmove
 .text          0x00465c24      0x5fc /CMC/tools/altera/13.1/nios2eds/bin/gnu/H-i686-pc-linux-gnu/bin/../lib/gcc/nios2-elf/4.7.3/../../../../../H-i686-pc-linux-gnu/nios2-elf/lib/mno-hw-mul/libc.a(lib_a-reallocr.o)
                0x00465c24                _realloc_r
 .text          0x00466220       0x64 /CMC/tools/altera/13.1/nios2eds/bin/gnu/H-i686-pc-linux-gnu/bin/../lib/gcc/nios2-elf/4.7.3/../../../../../H-i686-pc-linux-gnu/nios2-elf/lib/mno-hw-mul/libc.a(lib_a-sbrkr.o)
                0x00466220                _sbrk_r
 .text          0x00466284      0x174 /CMC/tools/altera/13.1/nios2eds/bin/gnu/H-i686-pc-linux-gnu/bin/../lib/gcc/nios2-elf/4.7.3/../../../../../H-i686-pc-linux-gnu/nios2-elf/lib/mno-hw-mul/libc.a(lib_a-wsetup.o)
                0x00466284                __swsetup_r
 .text          0x004663f8      0x218 /CMC/tools/altera/13.1/nios2eds/bin/gnu/H-i686-pc-linux-gnu/bin/../lib/gcc/nios2-elf/4.7.3/../../../../../H-i686-pc-linux-gnu/nios2-elf/lib/mno-hw-mul/libc.a(lib_a-fflush.o)
                0x004663f8                _fflush_r
                0x004665e0                fflush
 .text          0x00466610      0x2ec /CMC/tools/altera/13.1/nios2eds/bin/gnu/H-i686-pc-linux-gnu/bin/../lib/gcc/nios2-elf/4.7.3/../../../../../H-i686-pc-linux-gnu/nios2-elf/lib/mno-hw-mul/libc.a(lib_a-findfp.o)
                0x00466620                _cleanup_r
                0x0046662c                __sfmoreglue
                0x004666a4                _cleanup
                0x004666b4                __sinit
                0x004667c0                __sfp
                0x004668bc                __sfp_lock_acquire
                0x004668c0                __sfp_lock_release
                0x004668c4                __sinit_lock_acquire
                0x004668c8                __sinit_lock_release
                0x004668cc                __fp_lock_all
                0x004668e4                __fp_unlock_all
 .text          0x004668fc      0x40c /CMC/tools/altera/13.1/nios2eds/bin/gnu/H-i686-pc-linux-gnu/bin/../lib/gcc/nios2-elf/4.7.3/../../../../../H-i686-pc-linux-gnu/nios2-elf/lib/mno-hw-mul/libc.a(lib_a-freer.o)
                0x004668fc                _malloc_trim_r
                0x00466a38                _free_r
 .text          0x00466d08      0x160 /CMC/tools/altera/13.1/nios2eds/bin/gnu/H-i686-pc-linux-gnu/bin/../lib/gcc/nios2-elf/4.7.3/../../../../../H-i686-pc-linux-gnu/nios2-elf/lib/mno-hw-mul/libc.a(lib_a-fwalk.o)
                0x00466d08                _fwalk
                0x00466db0                _fwalk_reent
 .text          0x00466e68        0x0 /CMC/tools/altera/13.1/nios2eds/bin/gnu/H-i686-pc-linux-gnu/bin/../lib/gcc/nios2-elf/4.7.3/../../../../../H-i686-pc-linux-gnu/nios2-elf/lib/mno-hw-mul/libc.a(lib_a-int_errno.o)
 .text          0x00466e68      0x1a8 /CMC/tools/altera/13.1/nios2eds/bin/gnu/H-i686-pc-linux-gnu/bin/../lib/gcc/nios2-elf/4.7.3/../../../../../H-i686-pc-linux-gnu/nios2-elf/lib/mno-hw-mul/libc.a(lib_a-makebuf.o)
                0x00466e68                __smakebuf_r
 .text          0x00467010       0xdc /CMC/tools/altera/13.1/nios2eds/bin/gnu/H-i686-pc-linux-gnu/bin/../lib/gcc/nios2-elf/4.7.3/../../../../../H-i686-pc-linux-gnu/nios2-elf/lib/mno-hw-mul/libc.a(lib_a-memset.o)
                0x00467010                memset
 .text          0x004670ec      0x140 /CMC/tools/altera/13.1/nios2eds/bin/gnu/H-i686-pc-linux-gnu/bin/../lib/gcc/nios2-elf/4.7.3/../../../../../H-i686-pc-linux-gnu/nios2-elf/lib/mno-hw-mul/libc.a(lib_a-stdio.o)
                0x004670ec                __sread
                0x00467140                __swrite
                0x004671c8                __sseek
                0x00467224                __sclose
 .text          0x0046722c       0x6c /CMC/tools/altera/13.1/nios2eds/bin/gnu/H-i686-pc-linux-gnu/bin/../lib/gcc/nios2-elf/4.7.3/../../../../../H-i686-pc-linux-gnu/nios2-elf/lib/mno-hw-mul/libc.a(lib_a-writer.o)
                0x0046722c                _write_r
 .text          0x00467298       0x64 /CMC/tools/altera/13.1/nios2eds/bin/gnu/H-i686-pc-linux-gnu/bin/../lib/gcc/nios2-elf/4.7.3/../../../../../H-i686-pc-linux-gnu/nios2-elf/lib/mno-hw-mul/libc.a(lib_a-closer.o)
                0x00467298                _close_r
 .text          0x004672fc      0x150 /CMC/tools/altera/13.1/nios2eds/bin/gnu/H-i686-pc-linux-gnu/bin/../lib/gcc/nios2-elf/4.7.3/../../../../../H-i686-pc-linux-gnu/nios2-elf/lib/mno-hw-mul/libc.a(lib_a-fclose.o)
                0x004672fc                _fclose_r
                0x00467438                fclose
 .text          0x0046744c       0x68 /CMC/tools/altera/13.1/nios2eds/bin/gnu/H-i686-pc-linux-gnu/bin/../lib/gcc/nios2-elf/4.7.3/../../../../../H-i686-pc-linux-gnu/nios2-elf/lib/mno-hw-mul/libc.a(lib_a-fstatr.o)
                0x0046744c                _fstat_r
 .text          0x004674b4       0x64 /CMC/tools/altera/13.1/nios2eds/bin/gnu/H-i686-pc-linux-gnu/bin/../lib/gcc/nios2-elf/4.7.3/../../../../../H-i686-pc-linux-gnu/nios2-elf/lib/mno-hw-mul/libc.a(lib_a-isattyr.o)
                0x004674b4                _isatty_r
 .text          0x00467518       0x6c /CMC/tools/altera/13.1/nios2eds/bin/gnu/H-i686-pc-linux-gnu/bin/../lib/gcc/nios2-elf/4.7.3/../../../../../H-i686-pc-linux-gnu/nios2-elf/lib/mno-hw-mul/libc.a(lib_a-lseekr.o)
                0x00467518                _lseek_r
 .text          0x00467584       0x6c /CMC/tools/altera/13.1/nios2eds/bin/gnu/H-i686-pc-linux-gnu/bin/../lib/gcc/nios2-elf/4.7.3/../../../../../H-i686-pc-linux-gnu/nios2-elf/lib/mno-hw-mul/libc.a(lib_a-readr.o)
                0x00467584                _read_r
 .text          0x004675f0       0x28 /CMC/tools/altera/13.1/nios2eds/bin/gnu/H-i686-pc-linux-gnu/bin/../lib/gcc/nios2-elf/4.7.3/mno-hw-mul/libgcc.a(lib2-mul.o)
                0x004675f0                __mulsi3
 .text          0x00467618      0x11c ../ucos0_bsp//libucosii_bsp.a(alt_close.o)
                0x00467668                close
 .text          0x00467734       0x2c ../ucos0_bsp//libucosii_bsp.a(alt_dev.o)
 .text          0x00467760        0x0 ../ucos0_bsp//libucosii_bsp.a(alt_errno.o)
 .text          0x00467760      0x100 ../ucos0_bsp//libucosii_bsp.a(alt_fstat.o)
                0x004677b0                fstat
 .text          0x00467860      0x230 ../ucos0_bsp//libucosii_bsp.a(alt_iic.o)
                0x00467860                alt_ic_isr_register
                0x004678b0                alt_ic_irq_enable
                0x00467978                alt_ic_irq_disable
                0x00467a44                alt_ic_irq_enabled
 .text          0x00467a90      0x11c ../ucos0_bsp//libucosii_bsp.a(alt_iic_isr_register.o)
                0x00467a90                alt_iic_isr_register
 .text          0x00467bac        0x0 ../ucos0_bsp//libucosii_bsp.a(alt_irq_entry.o)
 .text          0x00467bac        0x0 ../ucos0_bsp//libucosii_bsp.a(alt_irq_handler.o)
 .text          0x00467bac        0x0 ../ucos0_bsp//libucosii_bsp.a(alt_irq_vars.o)
 .text          0x00467bac       0xf4 ../ucos0_bsp//libucosii_bsp.a(alt_isatty.o)
                0x00467bfc                isatty
 .text          0x00467ca0       0xec ../ucos0_bsp//libucosii_bsp.a(alt_load.o)
                0x00467d0c                alt_load
 .text          0x00467d8c      0x124 ../ucos0_bsp//libucosii_bsp.a(alt_lseek.o)
                0x00467ddc                lseek
 .text          0x00467eb0       0xcc ../ucos0_bsp//libucosii_bsp.a(alt_main.o)
                0x00467eb0                alt_main
 .text          0x00467f7c      0x144 ../ucos0_bsp//libucosii_bsp.a(alt_read.o)
                0x00467fcc                read
 .text          0x004680c0       0x80 ../ucos0_bsp//libucosii_bsp.a(alt_release_fd.o)
                0x004680c0                alt_release_fd
 .text          0x00468140      0x108 ../ucos0_bsp//libucosii_bsp.a(alt_sbrk.o)
                0x00468140                sbrk
 .text          0x00468248      0x140 ../ucos0_bsp//libucosii_bsp.a(alt_write.o)
                0x00468298                write
 .text          0x00468388      0x118 ../ucos0_bsp//libucosii_bsp.a(alt_env_lock.o)
                0x00468388                __env_lock
                0x00468440                __env_unlock
 .text          0x004684a0      0x2c4 ../ucos0_bsp//libucosii_bsp.a(alt_malloc_lock.o)
                0x004684a0                __malloc_lock
                0x0046860c                __malloc_unlock
 .text          0x00468764     0x250c ../ucos0_bsp//libucosii_bsp.a(os_core.o)
                0x00468764                OSEventNameGet
                0x004688b0                OSEventNameSet
                0x00468a4c                OSEventPendMulti
                0x00469164                OSInit
                0x004691b8                OSIntEnter
                0x00469260                OSIntExit
                0x0046941c                OSSchedLock
                0x004694d0                OSSchedUnlock
                0x00469658                OSStart
                0x004696c4                OSStatInit
                0x004697c8                OSTimeTick
                0x00469a40                OSVersion
                0x00469a60                OS_Dummy
                0x00469a7c                OS_EventTaskRdy
                0x00469c14                OS_EventTaskWait
                0x00469d1c                OS_EventTaskWaitMulti
                0x00469e64                OS_EventTaskRemove
                0x00469f14                OS_EventTaskRemoveMulti
                0x0046a00c                OS_EventWaitListInit
                0x0046a3d8                OS_MemClr
                0x0046a42c                OS_MemCopy
                0x0046a498                OS_Sched
                0x0046a600                OS_StrCopy
                0x0046a67c                OS_StrLen
                0x0046a6d0                OS_TaskIdle
                0x0046a758                OS_TaskStat
                0x0046a84c                OS_TaskStatStkChk
                0x0046a914                OS_TCBInit
 .text          0x0046ac70      0x18c ../ucos0_bsp//libucosii_bsp.a(os_dbg.o)
                0x0046ac70                OSDebugInit
 .text          0x0046adfc     0x1e0c ../ucos0_bsp//libucosii_bsp.a(os_flag.o)
                0x0046adfc                OSFlagAccept
                0x0046b1e0                OSFlagCreate
                0x0046b360                OSFlagDel
                0x0046b680                OSFlagNameGet
                0x0046b808                OSFlagNameSet
                0x0046b9e0                OSFlagPend
                0x0046c1f0                OSFlagPendGetFlagsRdy
                0x0046c284                OSFlagPost
                0x0046c6c8                OSFlagQuery
                0x0046c978                OS_FlagInit
                0x0046cb68                OS_FlagUnlink
 .text          0x0046cc08      0x91c ../ucos0_bsp//libucosii_bsp.a(os_mem.o)
                0x0046cc08                OSMemCreate
                0x0046ce28                OSMemGet
                0x0046cf70                OSMemNameGet
                0x0046d094                OSMemNameSet
                0x0046d208                OSMemPut
                0x0046d338                OSMemQuery
                0x0046d44c                OS_MemInit
 .text          0x0046d524     0x1644 ../ucos0_bsp//libucosii_bsp.a(os_q.o)
                0x0046d524                OSQAccept
                0x0046d690                OSQCreate
                0x0046d90c                OSQDel
                0x0046dc8c                OSQFlush
                0x0046dd70                OSQPend
                0x0046e0f0                OSQPendAbort
                0x0046e2bc                OSQPost
                0x0046e4a8                OSQPostFront
                0x0046e69c                OSQPostOpt
                0x0046e92c                OSQQuery
                0x0046eabc                OS_QInit
 .text          0x0046eb68      0xde8 ../ucos0_bsp//libucosii_bsp.a(os_sem.o)
                0x0046eb68                OSSemAccept
                0x0046ec44                OSSemCreate
                0x0046ed70                OSSemDel
                0x0046f090                OSSemPend
                0x0046f380                OSSemPendAbort
                0x0046f54c                OSSemPost
                0x0046f6e0                OSSemQuery
                0x0046f824                OSSemSet
 .text          0x0046f950     0x2050 ../ucos0_bsp//libucosii_bsp.a(os_task.o)
                0x0046f950                OSTaskChangePrio
                0x0046ff28                OSTaskCreate
                0x00470194                OSTaskCreateExt
                0x00470438                OSTaskDel
                0x004708c4                OSTaskDelReq
                0x00470acc                OSTaskNameGet
                0x00470cf8                OSTaskNameSet
                0x00470f6c                OSTaskResume
                0x00471268                OSTaskStkChk
                0x004714ec                OSTaskSuspend
                0x00471780                OSTaskQuery
                0x00471930                OS_TaskStkClr
 .text          0x004719a0      0x7a0 ../ucos0_bsp//libucosii_bsp.a(os_time.o)
                0x004719a0                OSTimeDly
                0x00471b14                OSTimeDlyHMSM
                0x00471d58                OSTimeDlyResume
                0x00472020                OSTimeGet
                0x004720b0                OSTimeSet
 .text          0x00472140      0x1f0 ../ucos0_bsp//libucosii_bsp.a(alt_sys_init.o)
                0x0047226c                alt_irq_init
                0x004722a0                alt_sys_init
 .text          0x00472330      0x164 ../ucos0_bsp//libucosii_bsp.a(altera_avalon_jtag_uart_fd.o)
                0x00472330                altera_avalon_jtag_uart_read_fd
                0x00472390                altera_avalon_jtag_uart_write_fd
                0x004723f0                altera_avalon_jtag_uart_close_fd
                0x00472440                altera_avalon_jtag_uart_ioctl_fd
 .text          0x00472494      0x55c ../ucos0_bsp//libucosii_bsp.a(altera_avalon_jtag_uart_init.o)
                0x00472494                altera_avalon_jtag_uart_init
                0x00472988                altera_avalon_jtag_uart_close
 .text          0x004729f0       0xf4 ../ucos0_bsp//libucosii_bsp.a(altera_avalon_jtag_uart_ioctl.o)
                0x004729f0                altera_avalon_jtag_uart_ioctl
 .text          0x00472ae4      0x2f0 ../ucos0_bsp//libucosii_bsp.a(altera_avalon_jtag_uart_read.o)
                0x00472ae4                altera_avalon_jtag_uart_read
 .text          0x00472dd4      0x2fc ../ucos0_bsp//libucosii_bsp.a(altera_avalon_jtag_uart_write.o)
                0x00472dd4                altera_avalon_jtag_uart_write
 .text          0x004730d0      0x354 ../ucos0_bsp//libucosii_bsp.a(altera_avalon_mutex.o)
                0x0047319c                altera_avalon_mutex_open
                0x004731ec                altera_avalon_mutex_close
                0x00473210                altera_avalon_mutex_lock
                0x00473278                altera_avalon_mutex_trylock
                0x004732f8                altera_avalon_mutex_unlock
                0x00473360                altera_avalon_mutex_is_mine
                0x004733d4                altera_avalon_mutex_first_lock
 .text          0x00473424      0x128 ../ucos0_bsp//libucosii_bsp.a(altera_avalon_timer_sc.o)
                0x004734c4                alt_avalon_timer_sc_init
 .text          0x0047354c      0x270 ../ucos0_bsp//libucosii_bsp.a(altera_avalon_timer_ts.o)
                0x0047354c                alt_timestamp_start
                0x004735f4                alt_timestamp
                0x00473794                alt_timestamp_freq
 .text          0x004737bc        0x0 ../ucos0_bsp//libucosii_bsp.a(altera_avalon_timer_vars.o)
 .text          0x004737bc      0x16c ../ucos0_bsp//libucosii_bsp.a(alt_alarm_start.o)
                0x004737bc                alt_alarm_start
 .text          0x00473928       0x1c ../ucos0_bsp//libucosii_bsp.a(alt_dcache_flush_all.o)
                0x00473928                alt_dcache_flush_all
 .text          0x00473944       0xf0 ../ucos0_bsp//libucosii_bsp.a(alt_dev_llist_insert.o)
                0x00473994                alt_dev_llist_insert
 .text          0x00473a34       0x5c ../ucos0_bsp//libucosii_bsp.a(alt_do_ctors.o)
                0x00473a34                _do_ctors
 .text          0x00473a90       0x5c ../ucos0_bsp//libucosii_bsp.a(alt_do_dtors.o)
                0x00473a90                _do_dtors
 .text          0x00473aec        0x0 ../ucos0_bsp//libucosii_bsp.a(alt_exception_entry.o)
 .text          0x00473aec       0x90 ../ucos0_bsp//libucosii_bsp.a(alt_find_dev.o)
                0x00473aec                alt_find_dev
 .text          0x00473b7c       0x30 ../ucos0_bsp//libucosii_bsp.a(alt_icache_flush_all.o)
                0x00473b7c                alt_icache_flush_all
 .text          0x00473bac      0x158 ../ucos0_bsp//libucosii_bsp.a(alt_io_redirect.o)
                0x00473c8c                alt_io_redirect
 .text          0x00473d04      0x298 ../ucos0_bsp//libucosii_bsp.a(alt_open.o)
                0x00473e44                open
 .text          0x00473f9c      0x1c8 ../ucos0_bsp//libucosii_bsp.a(alt_tick.o)
                0x00473f9c                alt_alarm_stop
                0x00474060                alt_tick
 .text          0x00474164       0x20 ../ucos0_bsp//libucosii_bsp.a(altera_nios2_qsys_irq.o)
                0x00474164                altera_nios2_qsys_irq_init
 .text          0x00474184       0xd0 ../ucos0_bsp//libucosii_bsp.a(os_cpu_a.o)
                0x00474184                OSCtxSw
                0x00474184                OSIntCtxSw
                0x00474210                OSStartHighRdy
                0x00474230                OSStartTsk
 .text          0x00474254      0x3fc ../ucos0_bsp//libucosii_bsp.a(os_cpu_c.o)
                0x00474254                OSTaskStkInit
                0x00474548                OSTaskCreateHook
                0x00474568                OSTaskDelHook
                0x00474588                OSTaskSwHook
                0x004745a4                OSTaskStatHook
                0x004745c0                OSTimeTickHook
                0x004745dc                OSInitHookBegin
                0x004745f8                OSInitHookEnd
                0x00474614                OSTaskIdleHook
                0x00474630                OSTCBInitHook
 .text          0x00474650      0x114 ../ucos0_bsp//libucosii_bsp.a(alt_find_file.o)
                0x00474650                alt_find_file
 .text          0x00474764      0x114 ../ucos0_bsp//libucosii_bsp.a(alt_get_fd.o)
                0x00474764                alt_get_fd
 .text          0x00474878       0x8c ../ucos0_bsp//libucosii_bsp.a(alt_icache_flush.o)
                0x00474878                alt_icache_flush
 .text          0x00474904       0x14 /CMC/tools/altera/13.1/nios2eds/bin/gnu/H-i686-pc-linux-gnu/bin/../lib/gcc/nios2-elf/4.7.3/../../../../../H-i686-pc-linux-gnu/nios2-elf/lib/mno-hw-mul/libc.a(lib_a-atexit.o)
                0x00474904                atexit
 .text          0x00474918       0x38 /CMC/tools/altera/13.1/nios2eds/bin/gnu/H-i686-pc-linux-gnu/bin/../lib/gcc/nios2-elf/4.7.3/../../../../../H-i686-pc-linux-gnu/nios2-elf/lib/mno-hw-mul/libc.a(lib_a-exit.o)
                0x00474918                exit
 .text          0x00474950       0x7c /CMC/tools/altera/13.1/nios2eds/bin/gnu/H-i686-pc-linux-gnu/bin/../lib/gcc/nios2-elf/4.7.3/../../../../../H-i686-pc-linux-gnu/nios2-elf/lib/mno-hw-mul/libc.a(lib_a-memcmp.o)
                0x00474950                memcmp
 .text          0x004749cc      0x130 /CMC/tools/altera/13.1/nios2eds/bin/gnu/H-i686-pc-linux-gnu/bin/../lib/gcc/nios2-elf/4.7.3/../../../../../H-i686-pc-linux-gnu/nios2-elf/lib/mno-hw-mul/libc.a(lib_a-__atexit.o)
                0x004749cc                __register_exitproc
 .text          0x00474afc      0x1a0 /CMC/tools/altera/13.1/nios2eds/bin/gnu/H-i686-pc-linux-gnu/bin/../lib/gcc/nios2-elf/4.7.3/../../../../../H-i686-pc-linux-gnu/nios2-elf/lib/mno-hw-mul/libc.a(lib_a-__call_atexit.o)
                0x00474afc                __call_exitprocs
 .text          0x00474c9c       0x84 /CMC/tools/altera/13.1/nios2eds/bin/gnu/H-i686-pc-linux-gnu/bin/../lib/gcc/nios2-elf/4.7.3/mno-hw-mul/libgcc.a(_fixunsdfsi.o)
                0x00474c9c                __fixunsdfsi
 .text          0x00474d20      0x408 /CMC/tools/altera/13.1/nios2eds/bin/gnu/H-i686-pc-linux-gnu/bin/../lib/gcc/nios2-elf/4.7.3/mno-hw-mul/libgcc.a(_addsub_df.o)
                0x00475074                __adddf3
                0x004750c8                __subdf3
 .text          0x00475128      0x2e4 /CMC/tools/altera/13.1/nios2eds/bin/gnu/H-i686-pc-linux-gnu/bin/../lib/gcc/nios2-elf/4.7.3/mno-hw-mul/libgcc.a(_mul_df.o)
                0x00475128                __muldf3
 .text          0x0047540c      0x1b4 /CMC/tools/altera/13.1/nios2eds/bin/gnu/H-i686-pc-linux-gnu/bin/../lib/gcc/nios2-elf/4.7.3/mno-hw-mul/libgcc.a(_div_df.o)
                0x0047540c                __divdf3
 .text          0x004755c0       0x64 /CMC/tools/altera/13.1/nios2eds/bin/gnu/H-i686-pc-linux-gnu/bin/../lib/gcc/nios2-elf/4.7.3/mno-hw-mul/libgcc.a(_ge_df.o)
                0x004755c0                __gedf2
 .text          0x00475624       0xd4 /CMC/tools/altera/13.1/nios2eds/bin/gnu/H-i686-pc-linux-gnu/bin/../lib/gcc/nios2-elf/4.7.3/mno-hw-mul/libgcc.a(_df_to_si.o)
                0x00475624                __fixdfsi
 .text          0x004756f8        0x0 /CMC/tools/altera/13.1/nios2eds/bin/gnu/H-i686-pc-linux-gnu/bin/../lib/gcc/nios2-elf/4.7.3/mno-hw-mul/libgcc.a(_thenan_df.o)
 .text          0x004756f8      0x11c /CMC/tools/altera/13.1/nios2eds/bin/gnu/H-i686-pc-linux-gnu/bin/../lib/gcc/nios2-elf/4.7.3/mno-hw-mul/libgcc.a(_usi_to_df.o)
                0x004756f8                __floatunsidf
 .text          0x00475814      0x130 /CMC/tools/altera/13.1/nios2eds/bin/gnu/H-i686-pc-linux-gnu/bin/../lib/gcc/nios2-elf/4.7.3/mno-hw-mul/libgcc.a(lib2-divmod.o)
                0x00475888                __divsi3
                0x004758d8                __modsi3
                0x00475934                __udivsi3
                0x0047593c                __umodsi3
 .text          0x00475944      0x110 /CMC/tools/altera/13.1/nios2eds/bin/gnu/H-i686-pc-linux-gnu/bin/../lib/gcc/nios2-elf/4.7.3/mno-hw-mul/libgcc.a(_muldi3.o)
                0x00475944                __muldi3
 .text          0x00475a54       0xac /CMC/tools/altera/13.1/nios2eds/bin/gnu/H-i686-pc-linux-gnu/bin/../lib/gcc/nios2-elf/4.7.3/mno-hw-mul/libgcc.a(_clzsi2.o)
                0x00475a54                __clzsi2
 .text          0x00475b00      0x224 /CMC/tools/altera/13.1/nios2eds/bin/gnu/H-i686-pc-linux-gnu/bin/../lib/gcc/nios2-elf/4.7.3/mno-hw-mul/libgcc.a(_pack_df.o)
                0x00475b00                __pack_d
 .text          0x00475d24      0x104 /CMC/tools/altera/13.1/nios2eds/bin/gnu/H-i686-pc-linux-gnu/bin/../lib/gcc/nios2-elf/4.7.3/mno-hw-mul/libgcc.a(_unpack_df.o)
                0x00475d24                __unpack_d
 .text          0x00475e28       0xd0 /CMC/tools/altera/13.1/nios2eds/bin/gnu/H-i686-pc-linux-gnu/bin/../lib/gcc/nios2-elf/4.7.3/mno-hw-mul/libgcc.a(_fpcmp_parts_df.o)
                0x00475e28                __fpcmp_parts_d
 .text          0x00475ef8       0x44 /CMC/tools/altera/13.1/nios2eds/bin/gnu/H-i686-pc-linux-gnu/bin/../lib/gcc/nios2-elf/4.7.3/mno-hw-mul/libgcc.a(_lshrdi3.o)
                0x00475ef8                __lshrdi3
 .text          0x00475f3c       0x44 /CMC/tools/altera/13.1/nios2eds/bin/gnu/H-i686-pc-linux-gnu/bin/../lib/gcc/nios2-elf/4.7.3/mno-hw-mul/libgcc.a(_ashldi3.o)
                0x00475f3c                __ashldi3
 .text          0x00475f80        0x0 /CMC/tools/altera/13.1/nios2eds/bin/gnu/H-i686-pc-linux-gnu/bin/../lib/gcc/nios2-elf/4.7.3/mno-hw-mul/libgcc.a(_clz.o)
 .text          0x00475f80       0x44 ../ucos0_bsp//libucosii_bsp.a(alt_exit.o)
                0x00475f80                _exit
 *(.gnu.warning.*)
 *(.fini)
                0x00475fc4                PROVIDE (__etext, ABSOLUTE (.))
                0x00475fc4                PROVIDE (_etext, ABSOLUTE (.))
                0x00475fc4                PROVIDE (etext, ABSOLUTE (.))
 *(.eh_frame_hdr)
                0x00475fc4                . = ALIGN (0x4)
                0x00475fc4                PROVIDE (__preinit_array_start, ABSOLUTE (.))
 *(.preinit_array)
                0x00475fc4                PROVIDE (__preinit_array_end, ABSOLUTE (.))
                0x00475fc4                PROVIDE (__init_array_start, ABSOLUTE (.))
 *(.init_array)
                0x00475fc4                PROVIDE (__init_array_end, ABSOLUTE (.))
                0x00475fc4                PROVIDE (__fini_array_start, ABSOLUTE (.))
 *(.fini_array)
                0x00475fc4                PROVIDE (__fini_array_end, ABSOLUTE (.))
 *(.eh_frame)
 *(.gcc_except_table .gcc_except_table.*)
 *(.dynamic)
                0x00475fc4                PROVIDE (__CTOR_LIST__, ABSOLUTE (.))
 *(.ctors)
 *(SORT(.ctors.*))
                0x00475fc4                PROVIDE (__CTOR_END__, ABSOLUTE (.))
                0x00475fc4                PROVIDE (__DTOR_LIST__, ABSOLUTE (.))
 *(.dtors)
 *(SORT(.dtors.*))
                0x00475fc4                PROVIDE (__DTOR_END__, ABSOLUTE (.))
 *(.jcr)
                0x00475fc4                . = ALIGN (0x4)

.rodata         0x00475fc4      0x2d8
                0x00475fc4                PROVIDE (__ram_rodata_start, ABSOLUTE (.))
                0x00475fc4                . = ALIGN (0x4)
 *(.rodata .rodata.* .gnu.linkonce.r.*)
 .rodata        0x00475fc4       0x44 obj/default/hello_ucosii_0.o
 .rodata.str1.4
                0x00476008        0x2 /CMC/tools/altera/13.1/nios2eds/bin/gnu/H-i686-pc-linux-gnu/bin/../lib/gcc/nios2-elf/4.7.3/../../../../../H-i686-pc-linux-gnu/nios2-elf/lib/mno-hw-mul/libc.a(lib_a-puts.o)
                                  0x4 (size before relaxing)
 *fill*         0x0047600a        0x2 
 .rodata.str1.4
                0x0047600c        0x4 /CMC/tools/altera/13.1/nios2eds/bin/gnu/H-i686-pc-linux-gnu/bin/../lib/gcc/nios2-elf/4.7.3/../../../../../H-i686-pc-linux-gnu/nios2-elf/lib/mno-hw-mul/libc.a(lib_a-impure.o)
 .rodata        0x00476010        0xc ../ucos0_bsp//libucosii_bsp.a(alt_dev.o)
 .rodata        0x0047601c       0x1c ../ucos0_bsp//libucosii_bsp.a(alt_main.o)
 .rodata        0x00476038      0x120 ../ucos0_bsp//libucosii_bsp.a(os_core.o)
                0x00476038                OSUnMapTbl
 .rodata        0x00476158       0x2c ../ucos0_bsp//libucosii_bsp.a(alt_sys_init.o)
 .rodata        0x00476184        0x4 ../ucos0_bsp//libucosii_bsp.a(os_cpu_c.o)
 .rodata        0x00476188       0x14 /CMC/tools/altera/13.1/nios2eds/bin/gnu/H-i686-pc-linux-gnu/bin/../lib/gcc/nios2-elf/4.7.3/mno-hw-mul/libgcc.a(_thenan_df.o)
                0x00476188                __thenan_df
 .rodata        0x0047619c      0x100 /CMC/tools/altera/13.1/nios2eds/bin/gnu/H-i686-pc-linux-gnu/bin/../lib/gcc/nios2-elf/4.7.3/mno-hw-mul/libgcc.a(_clz.o)
                0x0047619c                __clz_tab
 *(.rodata1)
                0x0047629c                . = ALIGN (0x4)
                0x0047629c                PROVIDE (__ram_rodata_end, ABSOLUTE (.))
                0x00475fc4                PROVIDE (__flash_rodata_start, LOADADDR (.rodata))

.rwdata         0x0047629c     0x1b04 load address 0x00477da0
                0x0047629c                PROVIDE (__ram_rwdata_start, ABSOLUTE (.))
                0x0047629c                . = ALIGN (0x4)
 *(.got.plt)
 *(.got)
 *(.data1)
 *(.data .data.* .gnu.linkonce.d.*)
 .data          0x0047629c        0x0 ../ucos0_bsp//obj/HAL/src/crt0.o
 .data          0x0047629c        0x0 obj/default/hello_ucosii_0.o
 .data          0x0047629c        0x0 obj/default/tlb.o
 .data          0x0047629c        0x0 ../critical_library/libcritical_library.a(fingerprint.o)
 .data          0x0047629c        0x0 ../critical_library/libcritical_library.a(context_switch.o)
 .data          0x0047629c        0x0 ../critical_library/libcritical_library.a(gp.o)
 .data          0x0047629c        0x0 /CMC/tools/altera/13.1/nios2eds/bin/gnu/H-i686-pc-linux-gnu/bin/../lib/gcc/nios2-elf/4.7.3/../../../../../H-i686-pc-linux-gnu/nios2-elf/lib/mno-hw-mul/libc.a(lib_a-puts.o)
 .data          0x0047629c        0x0 /CMC/tools/altera/13.1/nios2eds/bin/gnu/H-i686-pc-linux-gnu/bin/../lib/gcc/nios2-elf/4.7.3/../../../../../H-i686-pc-linux-gnu/nios2-elf/lib/mno-hw-mul/libc.a(lib_a-strlen.o)
 .data          0x0047629c        0x0 /CMC/tools/altera/13.1/nios2eds/bin/gnu/H-i686-pc-linux-gnu/bin/../lib/gcc/nios2-elf/4.7.3/../../../../../H-i686-pc-linux-gnu/nios2-elf/lib/mno-hw-mul/libc.a(lib_a-fvwrite.o)
 .data          0x0047629c      0x400 /CMC/tools/altera/13.1/nios2eds/bin/gnu/H-i686-pc-linux-gnu/bin/../lib/gcc/nios2-elf/4.7.3/../../../../../H-i686-pc-linux-gnu/nios2-elf/lib/mno-hw-mul/libc.a(lib_a-impure.o)
 .data          0x0047669c      0x408 /CMC/tools/altera/13.1/nios2eds/bin/gnu/H-i686-pc-linux-gnu/bin/../lib/gcc/nios2-elf/4.7.3/../../../../../H-i686-pc-linux-gnu/nios2-elf/lib/mno-hw-mul/libc.a(lib_a-mallocr.o)
                0x0047669c                __malloc_av_
 .data          0x00476aa4        0x0 /CMC/tools/altera/13.1/nios2eds/bin/gnu/H-i686-pc-linux-gnu/bin/../lib/gcc/nios2-elf/4.7.3/../../../../../H-i686-pc-linux-gnu/nios2-elf/lib/mno-hw-mul/libc.a(lib_a-memchr.o)
 .data          0x00476aa4        0x0 /CMC/tools/altera/13.1/nios2eds/bin/gnu/H-i686-pc-linux-gnu/bin/../lib/gcc/nios2-elf/4.7.3/../../../../../H-i686-pc-linux-gnu/nios2-elf/lib/mno-hw-mul/libc.a(lib_a-memcpy.o)
 .data          0x00476aa4        0x0 /CMC/tools/altera/13.1/nios2eds/bin/gnu/H-i686-pc-linux-gnu/bin/../lib/gcc/nios2-elf/4.7.3/../../../../../H-i686-pc-linux-gnu/nios2-elf/lib/mno-hw-mul/libc.a(lib_a-memmove.o)
 .data          0x00476aa4        0x0 /CMC/tools/altera/13.1/nios2eds/bin/gnu/H-i686-pc-linux-gnu/bin/../lib/gcc/nios2-elf/4.7.3/../../../../../H-i686-pc-linux-gnu/nios2-elf/lib/mno-hw-mul/libc.a(lib_a-reallocr.o)
 .data          0x00476aa4        0x0 /CMC/tools/altera/13.1/nios2eds/bin/gnu/H-i686-pc-linux-gnu/bin/../lib/gcc/nios2-elf/4.7.3/../../../../../H-i686-pc-linux-gnu/nios2-elf/lib/mno-hw-mul/libc.a(lib_a-sbrkr.o)
 .data          0x00476aa4        0x0 /CMC/tools/altera/13.1/nios2eds/bin/gnu/H-i686-pc-linux-gnu/bin/../lib/gcc/nios2-elf/4.7.3/../../../../../H-i686-pc-linux-gnu/nios2-elf/lib/mno-hw-mul/libc.a(lib_a-wsetup.o)
 .data          0x00476aa4        0x0 /CMC/tools/altera/13.1/nios2eds/bin/gnu/H-i686-pc-linux-gnu/bin/../lib/gcc/nios2-elf/4.7.3/../../../../../H-i686-pc-linux-gnu/nios2-elf/lib/mno-hw-mul/libc.a(lib_a-fflush.o)
 .data          0x00476aa4        0x0 /CMC/tools/altera/13.1/nios2eds/bin/gnu/H-i686-pc-linux-gnu/bin/../lib/gcc/nios2-elf/4.7.3/../../../../../H-i686-pc-linux-gnu/nios2-elf/lib/mno-hw-mul/libc.a(lib_a-findfp.o)
 .data          0x00476aa4        0x0 /CMC/tools/altera/13.1/nios2eds/bin/gnu/H-i686-pc-linux-gnu/bin/../lib/gcc/nios2-elf/4.7.3/../../../../../H-i686-pc-linux-gnu/nios2-elf/lib/mno-hw-mul/libc.a(lib_a-freer.o)
 .data          0x00476aa4        0x0 /CMC/tools/altera/13.1/nios2eds/bin/gnu/H-i686-pc-linux-gnu/bin/../lib/gcc/nios2-elf/4.7.3/../../../../../H-i686-pc-linux-gnu/nios2-elf/lib/mno-hw-mul/libc.a(lib_a-fwalk.o)
 .data          0x00476aa4        0x0 /CMC/tools/altera/13.1/nios2eds/bin/gnu/H-i686-pc-linux-gnu/bin/../lib/gcc/nios2-elf/4.7.3/../../../../../H-i686-pc-linux-gnu/nios2-elf/lib/mno-hw-mul/libc.a(lib_a-int_errno.o)
 .data          0x00476aa4        0x0 /CMC/tools/altera/13.1/nios2eds/bin/gnu/H-i686-pc-linux-gnu/bin/../lib/gcc/nios2-elf/4.7.3/../../../../../H-i686-pc-linux-gnu/nios2-elf/lib/mno-hw-mul/libc.a(lib_a-makebuf.o)
 .data          0x00476aa4        0x0 /CMC/tools/altera/13.1/nios2eds/bin/gnu/H-i686-pc-linux-gnu/bin/../lib/gcc/nios2-elf/4.7.3/../../../../../H-i686-pc-linux-gnu/nios2-elf/lib/mno-hw-mul/libc.a(lib_a-memset.o)
 .data          0x00476aa4        0x0 /CMC/tools/altera/13.1/nios2eds/bin/gnu/H-i686-pc-linux-gnu/bin/../lib/gcc/nios2-elf/4.7.3/../../../../../H-i686-pc-linux-gnu/nios2-elf/lib/mno-hw-mul/libc.a(lib_a-stdio.o)
 .data          0x00476aa4        0x0 /CMC/tools/altera/13.1/nios2eds/bin/gnu/H-i686-pc-linux-gnu/bin/../lib/gcc/nios2-elf/4.7.3/../../../../../H-i686-pc-linux-gnu/nios2-elf/lib/mno-hw-mul/libc.a(lib_a-writer.o)
 .data          0x00476aa4        0x0 /CMC/tools/altera/13.1/nios2eds/bin/gnu/H-i686-pc-linux-gnu/bin/../lib/gcc/nios2-elf/4.7.3/../../../../../H-i686-pc-linux-gnu/nios2-elf/lib/mno-hw-mul/libc.a(lib_a-closer.o)
 .data          0x00476aa4        0x0 /CMC/tools/altera/13.1/nios2eds/bin/gnu/H-i686-pc-linux-gnu/bin/../lib/gcc/nios2-elf/4.7.3/../../../../../H-i686-pc-linux-gnu/nios2-elf/lib/mno-hw-mul/libc.a(lib_a-fclose.o)
 .data          0x00476aa4        0x0 /CMC/tools/altera/13.1/nios2eds/bin/gnu/H-i686-pc-linux-gnu/bin/../lib/gcc/nios2-elf/4.7.3/../../../../../H-i686-pc-linux-gnu/nios2-elf/lib/mno-hw-mul/libc.a(lib_a-fstatr.o)
 .data          0x00476aa4        0x0 /CMC/tools/altera/13.1/nios2eds/bin/gnu/H-i686-pc-linux-gnu/bin/../lib/gcc/nios2-elf/4.7.3/../../../../../H-i686-pc-linux-gnu/nios2-elf/lib/mno-hw-mul/libc.a(lib_a-isattyr.o)
 .data          0x00476aa4        0x0 /CMC/tools/altera/13.1/nios2eds/bin/gnu/H-i686-pc-linux-gnu/bin/../lib/gcc/nios2-elf/4.7.3/../../../../../H-i686-pc-linux-gnu/nios2-elf/lib/mno-hw-mul/libc.a(lib_a-lseekr.o)
 .data          0x00476aa4        0x0 /CMC/tools/altera/13.1/nios2eds/bin/gnu/H-i686-pc-linux-gnu/bin/../lib/gcc/nios2-elf/4.7.3/../../../../../H-i686-pc-linux-gnu/nios2-elf/lib/mno-hw-mul/libc.a(lib_a-readr.o)
 .data          0x00476aa4        0x0 /CMC/tools/altera/13.1/nios2eds/bin/gnu/H-i686-pc-linux-gnu/bin/../lib/gcc/nios2-elf/4.7.3/mno-hw-mul/libgcc.a(lib2-mul.o)
 .data          0x00476aa4        0x0 ../ucos0_bsp//libucosii_bsp.a(alt_close.o)
 .data          0x00476aa4      0x1a8 ../ucos0_bsp//libucosii_bsp.a(alt_dev.o)
                0x00476aa4                alt_dev_null
                0x00476acc                alt_fd_list
 .data          0x00476c4c        0x0 ../ucos0_bsp//libucosii_bsp.a(alt_errno.o)
 .data          0x00476c4c        0x0 ../ucos0_bsp//libucosii_bsp.a(alt_fstat.o)
 .data          0x00476c4c        0x0 ../ucos0_bsp//libucosii_bsp.a(alt_iic.o)
 .data          0x00476c4c        0x0 ../ucos0_bsp//libucosii_bsp.a(alt_iic_isr_register.o)
 .data          0x00476c4c        0x0 ../ucos0_bsp//libucosii_bsp.a(alt_irq_entry.o)
 .data          0x00476c4c        0x0 ../ucos0_bsp//libucosii_bsp.a(alt_irq_handler.o)
 .data          0x00476c4c        0x0 ../ucos0_bsp//libucosii_bsp.a(alt_irq_vars.o)
 .data          0x00476c4c        0x0 ../ucos0_bsp//libucosii_bsp.a(alt_isatty.o)
 .data          0x00476c4c        0x0 ../ucos0_bsp//libucosii_bsp.a(alt_load.o)
 .data          0x00476c4c        0x0 ../ucos0_bsp//libucosii_bsp.a(alt_lseek.o)
 .data          0x00476c4c        0x0 ../ucos0_bsp//libucosii_bsp.a(alt_main.o)
 .data          0x00476c4c        0x0 ../ucos0_bsp//libucosii_bsp.a(alt_read.o)
 .data          0x00476c4c        0x0 ../ucos0_bsp//libucosii_bsp.a(alt_release_fd.o)
 .data          0x00476c4c        0x0 ../ucos0_bsp//libucosii_bsp.a(alt_sbrk.o)
 .data          0x00476c4c        0x0 ../ucos0_bsp//libucosii_bsp.a(alt_write.o)
 .data          0x00476c4c        0x0 ../ucos0_bsp//libucosii_bsp.a(alt_env_lock.o)
 .data          0x00476c4c        0x0 ../ucos0_bsp//libucosii_bsp.a(alt_malloc_lock.o)
 .data          0x00476c4c        0x0 ../ucos0_bsp//libucosii_bsp.a(os_core.o)
 .data          0x00476c4c        0x0 ../ucos0_bsp//libucosii_bsp.a(os_dbg.o)
 .data          0x00476c4c        0x0 ../ucos0_bsp//libucosii_bsp.a(os_flag.o)
 .data          0x00476c4c        0x0 ../ucos0_bsp//libucosii_bsp.a(os_mem.o)
 .data          0x00476c4c        0x0 ../ucos0_bsp//libucosii_bsp.a(os_q.o)
 .data          0x00476c4c        0x0 ../ucos0_bsp//libucosii_bsp.a(os_sem.o)
 .data          0x00476c4c        0x0 ../ucos0_bsp//libucosii_bsp.a(os_task.o)
 .data          0x00476c4c        0x0 ../ucos0_bsp//libucosii_bsp.a(os_time.o)
 .data          0x00476c4c     0x1080 ../ucos0_bsp//libucosii_bsp.a(alt_sys_init.o)
 .data          0x00477ccc        0x0 ../ucos0_bsp//libucosii_bsp.a(altera_avalon_jtag_uart_fd.o)
 .data          0x00477ccc        0x0 ../ucos0_bsp//libucosii_bsp.a(altera_avalon_jtag_uart_init.o)
 .data          0x00477ccc        0x0 ../ucos0_bsp//libucosii_bsp.a(altera_avalon_jtag_uart_ioctl.o)
 .data          0x00477ccc        0x0 ../ucos0_bsp//libucosii_bsp.a(altera_avalon_jtag_uart_read.o)
 .data          0x00477ccc        0x0 ../ucos0_bsp//libucosii_bsp.a(altera_avalon_jtag_uart_write.o)
 .data          0x00477ccc        0x0 ../ucos0_bsp//libucosii_bsp.a(altera_avalon_mutex.o)
 .data          0x00477ccc        0x0 ../ucos0_bsp//libucosii_bsp.a(altera_avalon_timer_sc.o)
 .data          0x00477ccc        0x0 ../ucos0_bsp//libucosii_bsp.a(altera_avalon_timer_ts.o)
 .data          0x00477ccc        0x0 ../ucos0_bsp//libucosii_bsp.a(altera_avalon_timer_vars.o)
 .data          0x00477ccc        0x0 ../ucos0_bsp//libucosii_bsp.a(alt_alarm_start.o)
 .data          0x00477ccc        0x0 ../ucos0_bsp//libucosii_bsp.a(alt_dcache_flush_all.o)
 .data          0x00477ccc        0x0 ../ucos0_bsp//libucosii_bsp.a(alt_dev_llist_insert.o)
 .data          0x00477ccc        0x0 ../ucos0_bsp//libucosii_bsp.a(alt_do_ctors.o)
 .data          0x00477ccc        0x0 ../ucos0_bsp//libucosii_bsp.a(alt_do_dtors.o)
 .data          0x00477ccc        0x0 ../ucos0_bsp//libucosii_bsp.a(alt_exception_entry.o)
 .data          0x00477ccc        0x0 ../ucos0_bsp//libucosii_bsp.a(alt_find_dev.o)
 .data          0x00477ccc        0x0 ../ucos0_bsp//libucosii_bsp.a(alt_icache_flush_all.o)
 .data          0x00477ccc        0x0 ../ucos0_bsp//libucosii_bsp.a(alt_io_redirect.o)
 .data          0x00477ccc        0x0 ../ucos0_bsp//libucosii_bsp.a(alt_open.o)
 .data          0x00477ccc        0x0 ../ucos0_bsp//libucosii_bsp.a(alt_tick.o)
 .data          0x00477ccc        0x0 ../ucos0_bsp//libucosii_bsp.a(altera_nios2_qsys_irq.o)
 .data          0x00477ccc        0x0 ../ucos0_bsp//libucosii_bsp.a(os_cpu_a.o)
 .data          0x00477ccc        0x0 ../ucos0_bsp//libucosii_bsp.a(os_cpu_c.o)
 .data          0x00477ccc        0x0 ../ucos0_bsp//libucosii_bsp.a(alt_find_file.o)
 .data          0x00477ccc        0x0 ../ucos0_bsp//libucosii_bsp.a(alt_get_fd.o)
 .data          0x00477ccc        0x0 ../ucos0_bsp//libucosii_bsp.a(alt_icache_flush.o)
 .data          0x00477ccc        0x0 /CMC/tools/altera/13.1/nios2eds/bin/gnu/H-i686-pc-linux-gnu/bin/../lib/gcc/nios2-elf/4.7.3/../../../../../H-i686-pc-linux-gnu/nios2-elf/lib/mno-hw-mul/libc.a(lib_a-atexit.o)
 .data          0x00477ccc        0x0 /CMC/tools/altera/13.1/nios2eds/bin/gnu/H-i686-pc-linux-gnu/bin/../lib/gcc/nios2-elf/4.7.3/../../../../../H-i686-pc-linux-gnu/nios2-elf/lib/mno-hw-mul/libc.a(lib_a-exit.o)
 .data          0x00477ccc        0x0 /CMC/tools/altera/13.1/nios2eds/bin/gnu/H-i686-pc-linux-gnu/bin/../lib/gcc/nios2-elf/4.7.3/../../../../../H-i686-pc-linux-gnu/nios2-elf/lib/mno-hw-mul/libc.a(lib_a-memcmp.o)
 .data          0x00477ccc        0x0 /CMC/tools/altera/13.1/nios2eds/bin/gnu/H-i686-pc-linux-gnu/bin/../lib/gcc/nios2-elf/4.7.3/../../../../../H-i686-pc-linux-gnu/nios2-elf/lib/mno-hw-mul/libc.a(lib_a-__atexit.o)
 .data          0x00477ccc        0x0 /CMC/tools/altera/13.1/nios2eds/bin/gnu/H-i686-pc-linux-gnu/bin/../lib/gcc/nios2-elf/4.7.3/../../../../../H-i686-pc-linux-gnu/nios2-elf/lib/mno-hw-mul/libc.a(lib_a-__call_atexit.o)
 .data          0x00477ccc        0x0 /CMC/tools/altera/13.1/nios2eds/bin/gnu/H-i686-pc-linux-gnu/bin/../lib/gcc/nios2-elf/4.7.3/mno-hw-mul/libgcc.a(_fixunsdfsi.o)
 .data          0x00477ccc        0x0 /CMC/tools/altera/13.1/nios2eds/bin/gnu/H-i686-pc-linux-gnu/bin/../lib/gcc/nios2-elf/4.7.3/mno-hw-mul/libgcc.a(_addsub_df.o)
 .data          0x00477ccc        0x0 /CMC/tools/altera/13.1/nios2eds/bin/gnu/H-i686-pc-linux-gnu/bin/../lib/gcc/nios2-elf/4.7.3/mno-hw-mul/libgcc.a(_mul_df.o)
 .data          0x00477ccc        0x0 /CMC/tools/altera/13.1/nios2eds/bin/gnu/H-i686-pc-linux-gnu/bin/../lib/gcc/nios2-elf/4.7.3/mno-hw-mul/libgcc.a(_div_df.o)
 .data          0x00477ccc        0x0 /CMC/tools/altera/13.1/nios2eds/bin/gnu/H-i686-pc-linux-gnu/bin/../lib/gcc/nios2-elf/4.7.3/mno-hw-mul/libgcc.a(_ge_df.o)
 .data          0x00477ccc        0x0 /CMC/tools/altera/13.1/nios2eds/bin/gnu/H-i686-pc-linux-gnu/bin/../lib/gcc/nios2-elf/4.7.3/mno-hw-mul/libgcc.a(_df_to_si.o)
 .data          0x00477ccc        0x0 /CMC/tools/altera/13.1/nios2eds/bin/gnu/H-i686-pc-linux-gnu/bin/../lib/gcc/nios2-elf/4.7.3/mno-hw-mul/libgcc.a(_thenan_df.o)
 .data          0x00477ccc        0x0 /CMC/tools/altera/13.1/nios2eds/bin/gnu/H-i686-pc-linux-gnu/bin/../lib/gcc/nios2-elf/4.7.3/mno-hw-mul/libgcc.a(_usi_to_df.o)
 .data          0x00477ccc        0x0 /CMC/tools/altera/13.1/nios2eds/bin/gnu/H-i686-pc-linux-gnu/bin/../lib/gcc/nios2-elf/4.7.3/mno-hw-mul/libgcc.a(lib2-divmod.o)
 .data          0x00477ccc        0x0 /CMC/tools/altera/13.1/nios2eds/bin/gnu/H-i686-pc-linux-gnu/bin/../lib/gcc/nios2-elf/4.7.3/mno-hw-mul/libgcc.a(_muldi3.o)
 .data          0x00477ccc        0x0 /CMC/tools/altera/13.1/nios2eds/bin/gnu/H-i686-pc-linux-gnu/bin/../lib/gcc/nios2-elf/4.7.3/mno-hw-mul/libgcc.a(_clzsi2.o)
 .data          0x00477ccc        0x0 /CMC/tools/altera/13.1/nios2eds/bin/gnu/H-i686-pc-linux-gnu/bin/../lib/gcc/nios2-elf/4.7.3/mno-hw-mul/libgcc.a(_pack_df.o)
 .data          0x00477ccc        0x0 /CMC/tools/altera/13.1/nios2eds/bin/gnu/H-i686-pc-linux-gnu/bin/../lib/gcc/nios2-elf/4.7.3/mno-hw-mul/libgcc.a(_unpack_df.o)
 .data          0x00477ccc        0x0 /CMC/tools/altera/13.1/nios2eds/bin/gnu/H-i686-pc-linux-gnu/bin/../lib/gcc/nios2-elf/4.7.3/mno-hw-mul/libgcc.a(_fpcmp_parts_df.o)
 .data          0x00477ccc        0x0 /CMC/tools/altera/13.1/nios2eds/bin/gnu/H-i686-pc-linux-gnu/bin/../lib/gcc/nios2-elf/4.7.3/mno-hw-mul/libgcc.a(_lshrdi3.o)
 .data          0x00477ccc        0x0 /CMC/tools/altera/13.1/nios2eds/bin/gnu/H-i686-pc-linux-gnu/bin/../lib/gcc/nios2-elf/4.7.3/mno-hw-mul/libgcc.a(_ashldi3.o)
 .data          0x00477ccc        0x0 /CMC/tools/altera/13.1/nios2eds/bin/gnu/H-i686-pc-linux-gnu/bin/../lib/gcc/nios2-elf/4.7.3/mno-hw-mul/libgcc.a(_clz.o)
 .data          0x00477ccc        0x0 ../ucos0_bsp//libucosii_bsp.a(alt_exit.o)
                0x0047fccc                _gp = ABSOLUTE ((. + 0x8000))
                0x0047fccc                PROVIDE (gp, _gp)
 *(.rwdata .rwdata.*)
 *(.sdata .sdata.* .gnu.linkonce.s.*)
 .sdata         0x00477ccc        0x4 obj/default/hello_ucosii_0.o
                0x00477ccc                isr_0_ptr
 .sdata         0x00477cd0       0x14 obj/default/tlb.o
                0x00477cd0                LINE_ENABLE_REG
                0x00477cd4                LINE_VALID_REG
                0x00477cd8                VIRT_ADDR_TABLE
                0x00477cdc                PHYS_ADDR_TABLE
                0x00477ce0                TLB_ACTIVATE_REG
 .sdata         0x00477ce4        0x8 /CMC/tools/altera/13.1/nios2eds/bin/gnu/H-i686-pc-linux-gnu/bin/../lib/gcc/nios2-elf/4.7.3/../../../../../H-i686-pc-linux-gnu/nios2-elf/lib/mno-hw-mul/libc.a(lib_a-impure.o)
                0x00477ce4                _global_impure_ptr
                0x00477ce8                _impure_ptr
 .sdata         0x00477cec        0x8 /CMC/tools/altera/13.1/nios2eds/bin/gnu/H-i686-pc-linux-gnu/bin/../lib/gcc/nios2-elf/4.7.3/../../../../../H-i686-pc-linux-gnu/nios2-elf/lib/mno-hw-mul/libc.a(lib_a-mallocr.o)
                0x00477cec                __malloc_sbrk_base
                0x00477cf0                __malloc_trim_threshold
 .sdata         0x00477cf4       0x14 ../ucos0_bsp//libucosii_bsp.a(alt_dev.o)
                0x00477cf4                alt_fs_list
                0x00477cfc                alt_dev_list
                0x00477d04                alt_max_fd
 .sdata         0x00477d08        0x4 ../ucos0_bsp//libucosii_bsp.a(alt_errno.o)
                0x00477d08                alt_errno
 .sdata         0x00477d0c        0x4 ../ucos0_bsp//libucosii_bsp.a(alt_irq_vars.o)
                0x00477d0c                alt_priority_mask
 .sdata         0x00477d10        0x4 ../ucos0_bsp//libucosii_bsp.a(alt_sbrk.o)
 .sdata         0x00477d14        0x4 ../ucos0_bsp//libucosii_bsp.a(alt_env_lock.o)
 .sdata         0x00477d18        0x4 ../ucos0_bsp//libucosii_bsp.a(alt_malloc_lock.o)
 .sdata         0x00477d1c       0x74 ../ucos0_bsp//libucosii_bsp.a(os_dbg.o)
                0x00477d1c                OSDebugEn
                0x00477d20                OSEndiannessTest
                0x00477d24                OSEventEn
                0x00477d26                OSEventMax
                0x00477d28                OSEventNameSize
                0x00477d2a                OSEventSize
                0x00477d2c                OSEventTblSize
                0x00477d2e                OSEventMultiEn
                0x00477d30                OSFlagEn
                0x00477d32                OSFlagGrpSize
                0x00477d34                OSFlagNodeSize
                0x00477d36                OSFlagWidth
                0x00477d38                OSFlagMax
                0x00477d3a                OSFlagNameSize
                0x00477d3c                OSLowestPrio
                0x00477d3e                OSMboxEn
                0x00477d40                OSMemEn
                0x00477d42                OSMemMax
                0x00477d44                OSMemNameSize
                0x00477d46                OSMemSize
                0x00477d48                OSMemTblSize
                0x00477d4a                OSMutexEn
                0x00477d4c                OSPtrSize
                0x00477d4e                OSQEn
                0x00477d50                OSQMax
                0x00477d52                OSQSize
                0x00477d54                OSRdyTblSize
                0x00477d56                OSSemEn
                0x00477d58                OSStkWidth
                0x00477d5a                OSTaskCreateEn
                0x00477d5c                OSTaskCreateExtEn
                0x00477d5e                OSTaskDelEn
                0x00477d60                OSTaskIdleStkSize
                0x00477d62                OSTaskProfileEn
                0x00477d64                OSTaskMax
                0x00477d66                OSTaskNameSize
                0x00477d68                OSTaskStatEn
                0x00477d6a                OSTaskStatStkSize
                0x00477d6c                OSTaskStatStkChkEn
                0x00477d6e                OSTaskSwHookEn
                0x00477d70                OSTCBPrioTblMax
                0x00477d72                OSTCBSize
                0x00477d74                OSTicksPerSec
                0x00477d76                OSTimeTickHookEn
                0x00477d78                OSVersionNbr
                0x00477d7a                OSTmrEn
                0x00477d7c                OSTmrCfgMax
                0x00477d7e                OSTmrCfgNameSize
                0x00477d80                OSTmrCfgWheelSize
                0x00477d82                OSTmrCfgTicksPerSec
                0x00477d84                OSTmrSize
                0x00477d86                OSTmrTblSize
                0x00477d88                OSTmrWheelSize
                0x00477d8a                OSTmrWheelTblSize
                0x00477d8c                OSDataSize
 .sdata         0x00477d90        0x8 ../ucos0_bsp//libucosii_bsp.a(altera_avalon_mutex.o)
                0x00477d90                alt_mutex_list
 .sdata         0x00477d98        0x8 ../ucos0_bsp//libucosii_bsp.a(alt_tick.o)
                0x00477d98                alt_alarm_list
 *(.sdata2 .sdata2.* .gnu.linkonce.s2.*)
                0x00477da0                . = ALIGN (0x4)
                0x00477da0                _edata = ABSOLUTE (.)
                0x00477da0                PROVIDE (edata, ABSOLUTE (.))
                0x00477da0                PROVIDE (__ram_rwdata_end, ABSOLUTE (.))
                0x00477da0                PROVIDE (__flash_rwdata_start, LOADADDR (.rwdata))

.bss            0x004798a4     0x3590
                0x004798a4                __bss_start = ABSOLUTE (.)
                0x004798a4                PROVIDE (__sbss_start, ABSOLUTE (.))
                0x004798a4                PROVIDE (___sbss_start, ABSOLUTE (.))
 *(.dynsbss)
 *(.sbss .sbss.* .gnu.linkonce.sb.*)
 .sbss          0x004798a4        0x4 obj/default/hello_ucosii_0.o
                0x004798a4                count
 .sbss          0x004798a8       0x1c obj/default/hello_ucosii_0.o
                0x004798a8                preempt_sem_2
                0x004798ac                mbox
                0x004798b0                preempt_sem_3
                0x004798b4                mutex
                0x004798b8                ct
                0x004798bc                err
                0x004798c0                preempt_sem
 .sbss          0x004798c4        0xc /CMC/tools/altera/13.1/nios2eds/bin/gnu/H-i686-pc-linux-gnu/bin/../lib/gcc/nios2-elf/4.7.3/../../../../../H-i686-pc-linux-gnu/nios2-elf/lib/mno-hw-mul/libc.a(lib_a-mallocr.o)
                0x004798c4                __malloc_max_total_mem
                0x004798c8                __malloc_max_sbrked_mem
                0x004798cc                __malloc_top_pad
 .sbss          0x004798d0        0x4 /CMC/tools/altera/13.1/nios2eds/bin/gnu/H-i686-pc-linux-gnu/bin/../lib/gcc/nios2-elf/4.7.3/../../../../../H-i686-pc-linux-gnu/nios2-elf/lib/mno-hw-mul/libc.a(lib_a-int_errno.o)
                0x004798d0                errno
 .sbss          0x004798d4        0x4 ../ucos0_bsp//libucosii_bsp.a(alt_dev.o)
                0x004798d4                alt_fd_list_lock
 .sbss          0x004798d8        0x4 ../ucos0_bsp//libucosii_bsp.a(alt_irq_vars.o)
                0x004798d8                alt_irq_active
 .sbss          0x004798dc        0xc ../ucos0_bsp//libucosii_bsp.a(alt_main.o)
                0x004798dc                alt_argc
                0x004798e0                alt_argv
                0x004798e4                alt_envp
 .sbss          0x004798e8        0x8 ../ucos0_bsp//libucosii_bsp.a(alt_env_lock.o)
                0x004798ec                alt_envsem
 .sbss          0x004798f0        0x8 ../ucos0_bsp//libucosii_bsp.a(alt_malloc_lock.o)
                0x004798f4                alt_heapsem
 .sbss          0x004798f8       0x50 ../ucos0_bsp//libucosii_bsp.a(os_core.o)
                0x004798f8                OSLockNesting
                0x004798f9                OSRunning
                0x004798fc                OSIdleCtr
                0x00479900                OSPrioHighRdy
                0x00479901                OSPrioCur
                0x00479904                OSTCBList
                0x00479908                OSTickStepState
                0x0047990c                OSCtxSwCtr
                0x00479910                OSIdleCtrMax
                0x00479914                OSTCBFreeList
                0x00479918                OSCPUUsage
                0x00479919                OSTaskCtr
                0x0047991c                OSMemFreeList
                0x00479920                OSTCBHighRdy
                0x00479924                OSQFreeList
                0x00479928                OSRdyGrp
                0x00479929                OSRdyTbl
                0x0047992c                OSEventFreeList
                0x00479930                OSIntNesting
                0x00479934                OSTCBCur
                0x00479938                OSTime
                0x0047993c                OSFlagFreeList
                0x00479940                OSStatRdy
                0x00479944                OSIdleCtrRun
 .sbss          0x00479948        0x8 ../ucos0_bsp//libucosii_bsp.a(altera_avalon_timer_vars.o)
                0x00479948                altera_avalon_timer_ts_base
                0x0047994c                altera_avalon_timer_ts_freq
 .sbss          0x00479950        0x8 ../ucos0_bsp//libucosii_bsp.a(alt_tick.o)
                0x00479950                _alt_tick_rate
                0x00479954                _alt_nticks
 *(.sbss2 .sbss2.* .gnu.linkonce.sb2.*)
 *(.scommon)
                0x00479958                PROVIDE (__sbss_end, ABSOLUTE (.))
                0x00479958                PROVIDE (___sbss_end, ABSOLUTE (.))
 *(.dynbss)
 *(.bss .bss.* .gnu.linkonce.b.*)
 .bss           0x00479958        0x0 ../ucos0_bsp//obj/HAL/src/crt0.o
 .bss           0x00479958        0x0 obj/default/hello_ucosii_0.o
 .bss           0x00479958        0x0 obj/default/tlb.o
 .bss           0x00479958        0x0 ../critical_library/libcritical_library.a(fingerprint.o)
 .bss           0x00479958        0x0 ../critical_library/libcritical_library.a(context_switch.o)
 .bss           0x00479958        0x0 ../critical_library/libcritical_library.a(gp.o)
 .bss           0x00479958        0x0 /CMC/tools/altera/13.1/nios2eds/bin/gnu/H-i686-pc-linux-gnu/bin/../lib/gcc/nios2-elf/4.7.3/../../../../../H-i686-pc-linux-gnu/nios2-elf/lib/mno-hw-mul/libc.a(lib_a-puts.o)
 .bss           0x00479958        0x0 /CMC/tools/altera/13.1/nios2eds/bin/gnu/H-i686-pc-linux-gnu/bin/../lib/gcc/nios2-elf/4.7.3/../../../../../H-i686-pc-linux-gnu/nios2-elf/lib/mno-hw-mul/libc.a(lib_a-strlen.o)
 .bss           0x00479958        0x0 /CMC/tools/altera/13.1/nios2eds/bin/gnu/H-i686-pc-linux-gnu/bin/../lib/gcc/nios2-elf/4.7.3/../../../../../H-i686-pc-linux-gnu/nios2-elf/lib/mno-hw-mul/libc.a(lib_a-fvwrite.o)
 .bss           0x00479958        0x0 /CMC/tools/altera/13.1/nios2eds/bin/gnu/H-i686-pc-linux-gnu/bin/../lib/gcc/nios2-elf/4.7.3/../../../../../H-i686-pc-linux-gnu/nios2-elf/lib/mno-hw-mul/libc.a(lib_a-impure.o)
 .bss           0x00479958       0x28 /CMC/tools/altera/13.1/nios2eds/bin/gnu/H-i686-pc-linux-gnu/bin/../lib/gcc/nios2-elf/4.7.3/../../../../../H-i686-pc-linux-gnu/nios2-elf/lib/mno-hw-mul/libc.a(lib_a-mallocr.o)
                0x00479958                __malloc_current_mallinfo
 .bss           0x00479980        0x0 /CMC/tools/altera/13.1/nios2eds/bin/gnu/H-i686-pc-linux-gnu/bin/../lib/gcc/nios2-elf/4.7.3/../../../../../H-i686-pc-linux-gnu/nios2-elf/lib/mno-hw-mul/libc.a(lib_a-memchr.o)
 .bss           0x00479980        0x0 /CMC/tools/altera/13.1/nios2eds/bin/gnu/H-i686-pc-linux-gnu/bin/../lib/gcc/nios2-elf/4.7.3/../../../../../H-i686-pc-linux-gnu/nios2-elf/lib/mno-hw-mul/libc.a(lib_a-memcpy.o)
 .bss           0x00479980        0x0 /CMC/tools/altera/13.1/nios2eds/bin/gnu/H-i686-pc-linux-gnu/bin/../lib/gcc/nios2-elf/4.7.3/../../../../../H-i686-pc-linux-gnu/nios2-elf/lib/mno-hw-mul/libc.a(lib_a-memmove.o)
 .bss           0x00479980        0x0 /CMC/tools/altera/13.1/nios2eds/bin/gnu/H-i686-pc-linux-gnu/bin/../lib/gcc/nios2-elf/4.7.3/../../../../../H-i686-pc-linux-gnu/nios2-elf/lib/mno-hw-mul/libc.a(lib_a-reallocr.o)
 .bss           0x00479980        0x0 /CMC/tools/altera/13.1/nios2eds/bin/gnu/H-i686-pc-linux-gnu/bin/../lib/gcc/nios2-elf/4.7.3/../../../../../H-i686-pc-linux-gnu/nios2-elf/lib/mno-hw-mul/libc.a(lib_a-sbrkr.o)
 .bss           0x00479980        0x0 /CMC/tools/altera/13.1/nios2eds/bin/gnu/H-i686-pc-linux-gnu/bin/../lib/gcc/nios2-elf/4.7.3/../../../../../H-i686-pc-linux-gnu/nios2-elf/lib/mno-hw-mul/libc.a(lib_a-wsetup.o)
 .bss           0x00479980        0x0 /CMC/tools/altera/13.1/nios2eds/bin/gnu/H-i686-pc-linux-gnu/bin/../lib/gcc/nios2-elf/4.7.3/../../../../../H-i686-pc-linux-gnu/nios2-elf/lib/mno-hw-mul/libc.a(lib_a-fflush.o)
 .bss           0x00479980        0x0 /CMC/tools/altera/13.1/nios2eds/bin/gnu/H-i686-pc-linux-gnu/bin/../lib/gcc/nios2-elf/4.7.3/../../../../../H-i686-pc-linux-gnu/nios2-elf/lib/mno-hw-mul/libc.a(lib_a-findfp.o)
 .bss           0x00479980        0x0 /CMC/tools/altera/13.1/nios2eds/bin/gnu/H-i686-pc-linux-gnu/bin/../lib/gcc/nios2-elf/4.7.3/../../../../../H-i686-pc-linux-gnu/nios2-elf/lib/mno-hw-mul/libc.a(lib_a-freer.o)
 .bss           0x00479980        0x0 /CMC/tools/altera/13.1/nios2eds/bin/gnu/H-i686-pc-linux-gnu/bin/../lib/gcc/nios2-elf/4.7.3/../../../../../H-i686-pc-linux-gnu/nios2-elf/lib/mno-hw-mul/libc.a(lib_a-fwalk.o)
 .bss           0x00479980        0x0 /CMC/tools/altera/13.1/nios2eds/bin/gnu/H-i686-pc-linux-gnu/bin/../lib/gcc/nios2-elf/4.7.3/../../../../../H-i686-pc-linux-gnu/nios2-elf/lib/mno-hw-mul/libc.a(lib_a-int_errno.o)
 .bss           0x00479980        0x0 /CMC/tools/altera/13.1/nios2eds/bin/gnu/H-i686-pc-linux-gnu/bin/../lib/gcc/nios2-elf/4.7.3/../../../../../H-i686-pc-linux-gnu/nios2-elf/lib/mno-hw-mul/libc.a(lib_a-makebuf.o)
 .bss           0x00479980        0x0 /CMC/tools/altera/13.1/nios2eds/bin/gnu/H-i686-pc-linux-gnu/bin/../lib/gcc/nios2-elf/4.7.3/../../../../../H-i686-pc-linux-gnu/nios2-elf/lib/mno-hw-mul/libc.a(lib_a-memset.o)
 .bss           0x00479980        0x0 /CMC/tools/altera/13.1/nios2eds/bin/gnu/H-i686-pc-linux-gnu/bin/../lib/gcc/nios2-elf/4.7.3/../../../../../H-i686-pc-linux-gnu/nios2-elf/lib/mno-hw-mul/libc.a(lib_a-stdio.o)
 .bss           0x00479980        0x0 /CMC/tools/altera/13.1/nios2eds/bin/gnu/H-i686-pc-linux-gnu/bin/../lib/gcc/nios2-elf/4.7.3/../../../../../H-i686-pc-linux-gnu/nios2-elf/lib/mno-hw-mul/libc.a(lib_a-writer.o)
 .bss           0x00479980        0x0 /CMC/tools/altera/13.1/nios2eds/bin/gnu/H-i686-pc-linux-gnu/bin/../lib/gcc/nios2-elf/4.7.3/../../../../../H-i686-pc-linux-gnu/nios2-elf/lib/mno-hw-mul/libc.a(lib_a-closer.o)
 .bss           0x00479980        0x0 /CMC/tools/altera/13.1/nios2eds/bin/gnu/H-i686-pc-linux-gnu/bin/../lib/gcc/nios2-elf/4.7.3/../../../../../H-i686-pc-linux-gnu/nios2-elf/lib/mno-hw-mul/libc.a(lib_a-fclose.o)
 .bss           0x00479980        0x0 /CMC/tools/altera/13.1/nios2eds/bin/gnu/H-i686-pc-linux-gnu/bin/../lib/gcc/nios2-elf/4.7.3/../../../../../H-i686-pc-linux-gnu/nios2-elf/lib/mno-hw-mul/libc.a(lib_a-fstatr.o)
 .bss           0x00479980        0x0 /CMC/tools/altera/13.1/nios2eds/bin/gnu/H-i686-pc-linux-gnu/bin/../lib/gcc/nios2-elf/4.7.3/../../../../../H-i686-pc-linux-gnu/nios2-elf/lib/mno-hw-mul/libc.a(lib_a-isattyr.o)
 .bss           0x00479980        0x0 /CMC/tools/altera/13.1/nios2eds/bin/gnu/H-i686-pc-linux-gnu/bin/../lib/gcc/nios2-elf/4.7.3/../../../../../H-i686-pc-linux-gnu/nios2-elf/lib/mno-hw-mul/libc.a(lib_a-lseekr.o)
 .bss           0x00479980        0x0 /CMC/tools/altera/13.1/nios2eds/bin/gnu/H-i686-pc-linux-gnu/bin/../lib/gcc/nios2-elf/4.7.3/../../../../../H-i686-pc-linux-gnu/nios2-elf/lib/mno-hw-mul/libc.a(lib_a-readr.o)
 .bss           0x00479980        0x0 /CMC/tools/altera/13.1/nios2eds/bin/gnu/H-i686-pc-linux-gnu/bin/../lib/gcc/nios2-elf/4.7.3/mno-hw-mul/libgcc.a(lib2-mul.o)
 .bss           0x00479980        0x0 ../ucos0_bsp//libucosii_bsp.a(alt_close.o)
 .bss           0x00479980        0x0 ../ucos0_bsp//libucosii_bsp.a(alt_dev.o)
 .bss           0x00479980        0x0 ../ucos0_bsp//libucosii_bsp.a(alt_errno.o)
 .bss           0x00479980        0x0 ../ucos0_bsp//libucosii_bsp.a(alt_fstat.o)
 .bss           0x00479980        0x0 ../ucos0_bsp//libucosii_bsp.a(alt_iic.o)
 .bss           0x00479980        0x0 ../ucos0_bsp//libucosii_bsp.a(alt_iic_isr_register.o)
 .bss           0x00479980        0x0 ../ucos0_bsp//libucosii_bsp.a(alt_irq_entry.o)
 .bss           0x00479980        0x0 ../ucos0_bsp//libucosii_bsp.a(alt_irq_handler.o)
 .bss           0x00479980        0x0 ../ucos0_bsp//libucosii_bsp.a(alt_irq_vars.o)
 .bss           0x00479980        0x0 ../ucos0_bsp//libucosii_bsp.a(alt_isatty.o)
 .bss           0x00479980        0x0 ../ucos0_bsp//libucosii_bsp.a(alt_load.o)
 .bss           0x00479980        0x0 ../ucos0_bsp//libucosii_bsp.a(alt_lseek.o)
 .bss           0x00479980        0x0 ../ucos0_bsp//libucosii_bsp.a(alt_main.o)
 .bss           0x00479980        0x0 ../ucos0_bsp//libucosii_bsp.a(alt_read.o)
 .bss           0x00479980        0x0 ../ucos0_bsp//libucosii_bsp.a(alt_release_fd.o)
 .bss           0x00479980        0x0 ../ucos0_bsp//libucosii_bsp.a(alt_sbrk.o)
 .bss           0x00479980        0x0 ../ucos0_bsp//libucosii_bsp.a(alt_write.o)
 .bss           0x00479980        0x0 ../ucos0_bsp//libucosii_bsp.a(alt_env_lock.o)
 .bss           0x00479980        0x0 ../ucos0_bsp//libucosii_bsp.a(alt_malloc_lock.o)
 .bss           0x00479980        0x0 ../ucos0_bsp//libucosii_bsp.a(os_core.o)
 .bss           0x00479980        0x0 ../ucos0_bsp//libucosii_bsp.a(os_dbg.o)
 .bss           0x00479980        0x0 ../ucos0_bsp//libucosii_bsp.a(os_flag.o)
 .bss           0x00479980        0x0 ../ucos0_bsp//libucosii_bsp.a(os_mem.o)
 .bss           0x00479980        0x0 ../ucos0_bsp//libucosii_bsp.a(os_q.o)
 .bss           0x00479980        0x0 ../ucos0_bsp//libucosii_bsp.a(os_sem.o)
 .bss           0x00479980        0x0 ../ucos0_bsp//libucosii_bsp.a(os_task.o)
 .bss           0x00479980        0x0 ../ucos0_bsp//libucosii_bsp.a(os_time.o)
 .bss           0x00479980        0x0 ../ucos0_bsp//libucosii_bsp.a(alt_sys_init.o)
 .bss           0x00479980        0x0 ../ucos0_bsp//libucosii_bsp.a(altera_avalon_jtag_uart_fd.o)
 .bss           0x00479980        0x0 ../ucos0_bsp//libucosii_bsp.a(altera_avalon_jtag_uart_init.o)
 .bss           0x00479980        0x0 ../ucos0_bsp//libucosii_bsp.a(altera_avalon_jtag_uart_ioctl.o)
 .bss           0x00479980        0x0 ../ucos0_bsp//libucosii_bsp.a(altera_avalon_jtag_uart_read.o)
 .bss           0x00479980        0x0 ../ucos0_bsp//libucosii_bsp.a(altera_avalon_jtag_uart_write.o)
 .bss           0x00479980        0x0 ../ucos0_bsp//libucosii_bsp.a(altera_avalon_mutex.o)
 .bss           0x00479980        0x0 ../ucos0_bsp//libucosii_bsp.a(altera_avalon_timer_sc.o)
 .bss           0x00479980        0x0 ../ucos0_bsp//libucosii_bsp.a(altera_avalon_timer_ts.o)
 .bss           0x00479980        0x0 ../ucos0_bsp//libucosii_bsp.a(altera_avalon_timer_vars.o)
 .bss           0x00479980        0x0 ../ucos0_bsp//libucosii_bsp.a(alt_alarm_start.o)
 .bss           0x00479980        0x0 ../ucos0_bsp//libucosii_bsp.a(alt_dcache_flush_all.o)
 .bss           0x00479980        0x0 ../ucos0_bsp//libucosii_bsp.a(alt_dev_llist_insert.o)
 .bss           0x00479980        0x0 ../ucos0_bsp//libucosii_bsp.a(alt_do_ctors.o)
 .bss           0x00479980        0x0 ../ucos0_bsp//libucosii_bsp.a(alt_do_dtors.o)
 .bss           0x00479980        0x0 ../ucos0_bsp//libucosii_bsp.a(alt_exception_entry.o)
 .bss           0x00479980        0x0 ../ucos0_bsp//libucosii_bsp.a(alt_find_dev.o)
 .bss           0x00479980        0x0 ../ucos0_bsp//libucosii_bsp.a(alt_icache_flush_all.o)
 .bss           0x00479980        0x0 ../ucos0_bsp//libucosii_bsp.a(alt_io_redirect.o)
 .bss           0x00479980        0x0 ../ucos0_bsp//libucosii_bsp.a(alt_open.o)
 .bss           0x00479980        0x0 ../ucos0_bsp//libucosii_bsp.a(alt_tick.o)
 .bss           0x00479980        0x0 ../ucos0_bsp//libucosii_bsp.a(altera_nios2_qsys_irq.o)
 .bss           0x00479980        0x0 ../ucos0_bsp//libucosii_bsp.a(os_cpu_a.o)
 .bss           0x00479980        0x0 ../ucos0_bsp//libucosii_bsp.a(os_cpu_c.o)
 .bss           0x00479980        0x0 ../ucos0_bsp//libucosii_bsp.a(alt_find_file.o)
 .bss           0x00479980        0x0 ../ucos0_bsp//libucosii_bsp.a(alt_get_fd.o)
 .bss           0x00479980        0x0 ../ucos0_bsp//libucosii_bsp.a(alt_icache_flush.o)
 .bss           0x00479980        0x0 /CMC/tools/altera/13.1/nios2eds/bin/gnu/H-i686-pc-linux-gnu/bin/../lib/gcc/nios2-elf/4.7.3/../../../../../H-i686-pc-linux-gnu/nios2-elf/lib/mno-hw-mul/libc.a(lib_a-atexit.o)
 .bss           0x00479980        0x0 /CMC/tools/altera/13.1/nios2eds/bin/gnu/H-i686-pc-linux-gnu/bin/../lib/gcc/nios2-elf/4.7.3/../../../../../H-i686-pc-linux-gnu/nios2-elf/lib/mno-hw-mul/libc.a(lib_a-exit.o)
 .bss           0x00479980        0x0 /CMC/tools/altera/13.1/nios2eds/bin/gnu/H-i686-pc-linux-gnu/bin/../lib/gcc/nios2-elf/4.7.3/../../../../../H-i686-pc-linux-gnu/nios2-elf/lib/mno-hw-mul/libc.a(lib_a-memcmp.o)
 .bss           0x00479980        0x0 /CMC/tools/altera/13.1/nios2eds/bin/gnu/H-i686-pc-linux-gnu/bin/../lib/gcc/nios2-elf/4.7.3/../../../../../H-i686-pc-linux-gnu/nios2-elf/lib/mno-hw-mul/libc.a(lib_a-__atexit.o)
 .bss           0x00479980        0x0 /CMC/tools/altera/13.1/nios2eds/bin/gnu/H-i686-pc-linux-gnu/bin/../lib/gcc/nios2-elf/4.7.3/../../../../../H-i686-pc-linux-gnu/nios2-elf/lib/mno-hw-mul/libc.a(lib_a-__call_atexit.o)
 .bss           0x00479980        0x0 /CMC/tools/altera/13.1/nios2eds/bin/gnu/H-i686-pc-linux-gnu/bin/../lib/gcc/nios2-elf/4.7.3/mno-hw-mul/libgcc.a(_fixunsdfsi.o)
 .bss           0x00479980        0x0 /CMC/tools/altera/13.1/nios2eds/bin/gnu/H-i686-pc-linux-gnu/bin/../lib/gcc/nios2-elf/4.7.3/mno-hw-mul/libgcc.a(_addsub_df.o)
 .bss           0x00479980        0x0 /CMC/tools/altera/13.1/nios2eds/bin/gnu/H-i686-pc-linux-gnu/bin/../lib/gcc/nios2-elf/4.7.3/mno-hw-mul/libgcc.a(_mul_df.o)
 .bss           0x00479980        0x0 /CMC/tools/altera/13.1/nios2eds/bin/gnu/H-i686-pc-linux-gnu/bin/../lib/gcc/nios2-elf/4.7.3/mno-hw-mul/libgcc.a(_div_df.o)
 .bss           0x00479980        0x0 /CMC/tools/altera/13.1/nios2eds/bin/gnu/H-i686-pc-linux-gnu/bin/../lib/gcc/nios2-elf/4.7.3/mno-hw-mul/libgcc.a(_ge_df.o)
 .bss           0x00479980        0x0 /CMC/tools/altera/13.1/nios2eds/bin/gnu/H-i686-pc-linux-gnu/bin/../lib/gcc/nios2-elf/4.7.3/mno-hw-mul/libgcc.a(_df_to_si.o)
 .bss           0x00479980        0x0 /CMC/tools/altera/13.1/nios2eds/bin/gnu/H-i686-pc-linux-gnu/bin/../lib/gcc/nios2-elf/4.7.3/mno-hw-mul/libgcc.a(_thenan_df.o)
 .bss           0x00479980        0x0 /CMC/tools/altera/13.1/nios2eds/bin/gnu/H-i686-pc-linux-gnu/bin/../lib/gcc/nios2-elf/4.7.3/mno-hw-mul/libgcc.a(_usi_to_df.o)
 .bss           0x00479980        0x0 /CMC/tools/altera/13.1/nios2eds/bin/gnu/H-i686-pc-linux-gnu/bin/../lib/gcc/nios2-elf/4.7.3/mno-hw-mul/libgcc.a(lib2-divmod.o)
 .bss           0x00479980        0x0 /CMC/tools/altera/13.1/nios2eds/bin/gnu/H-i686-pc-linux-gnu/bin/../lib/gcc/nios2-elf/4.7.3/mno-hw-mul/libgcc.a(_muldi3.o)
 .bss           0x00479980        0x0 /CMC/tools/altera/13.1/nios2eds/bin/gnu/H-i686-pc-linux-gnu/bin/../lib/gcc/nios2-elf/4.7.3/mno-hw-mul/libgcc.a(_clzsi2.o)
 .bss           0x00479980        0x0 /CMC/tools/altera/13.1/nios2eds/bin/gnu/H-i686-pc-linux-gnu/bin/../lib/gcc/nios2-elf/4.7.3/mno-hw-mul/libgcc.a(_pack_df.o)
 .bss           0x00479980        0x0 /CMC/tools/altera/13.1/nios2eds/bin/gnu/H-i686-pc-linux-gnu/bin/../lib/gcc/nios2-elf/4.7.3/mno-hw-mul/libgcc.a(_unpack_df.o)
 .bss           0x00479980        0x0 /CMC/tools/altera/13.1/nios2eds/bin/gnu/H-i686-pc-linux-gnu/bin/../lib/gcc/nios2-elf/4.7.3/mno-hw-mul/libgcc.a(_fpcmp_parts_df.o)
 .bss           0x00479980        0x0 /CMC/tools/altera/13.1/nios2eds/bin/gnu/H-i686-pc-linux-gnu/bin/../lib/gcc/nios2-elf/4.7.3/mno-hw-mul/libgcc.a(_lshrdi3.o)
 .bss           0x00479980        0x0 /CMC/tools/altera/13.1/nios2eds/bin/gnu/H-i686-pc-linux-gnu/bin/../lib/gcc/nios2-elf/4.7.3/mno-hw-mul/libgcc.a(_ashldi3.o)
 .bss           0x00479980        0x0 /CMC/tools/altera/13.1/nios2eds/bin/gnu/H-i686-pc-linux-gnu/bin/../lib/gcc/nios2-elf/4.7.3/mno-hw-mul/libgcc.a(_clz.o)
 .bss           0x00479980        0x0 ../ucos0_bsp//libucosii_bsp.a(alt_exit.o)
 *(COMMON)
 COMMON         0x00479980      0x100 ../ucos0_bsp//libucosii_bsp.a(alt_irq_handler.o)
                0x00479980                alt_irq
 COMMON         0x00479a80     0x3224 ../ucos0_bsp//libucosii_bsp.a(os_core.o)
                0x00479a80                OSFlagTbl
                0x00479df0                OSMemTbl
                0x0047aa20                OSTaskStatStk
                0x0047b220                OSQTbl
                0x0047b400                OSTaskIdleStk
                0x0047bc00                OSEventTbl
                0x0047c740                OSTCBTbl
                0x0047cc50                OSTCBPrioTbl
 COMMON         0x0047cca4      0x190 /CMC/tools/altera/13.1/nios2eds/bin/gnu/H-i686-pc-linux-gnu/bin/../lib/gcc/nios2-elf/4.7.3/../../../../../H-i686-pc-linux-gnu/nios2-elf/lib/mno-hw-mul/libc.a(lib_a-atexit.o)
                0x0047cca4                _atexit0
                0x0047ce34                . = ALIGN (0x4)
                0x0047ce34                __bss_end = ABSOLUTE (.)

.memory_0_onchip_memoryMain
                0x0047ce34        0x0
                0x0047ce34                PROVIDE (_alt_partition_memory_0_onchip_memoryMain_start, ABSOLUTE (.))
 *(.memory_0_onchip_memoryMain .memory_0_onchip_memoryMain. memory_0_onchip_memoryMain.*)
                0x0047ce34                . = ALIGN (0x4)
                0x0047ce34                PROVIDE (_alt_partition_memory_0_onchip_memoryMain_end, ABSOLUTE (.))
                0x0047ce34                _end = ABSOLUTE (.)
                0x0047ce34                end = ABSOLUTE (.)
                0x0047ce34                __alt_stack_base = ABSOLUTE (.)
                0x0047ce34                PROVIDE (_alt_partition_memory_0_onchip_memoryMain_load_addr, LOADADDR (.memory_0_onchip_memoryMain))

.shared_memory  0x02500000        0x0 load address 0x0047ce34
                0x02500000                PROVIDE (_alt_partition_shared_memory_start, ABSOLUTE (.))
 *(.shared_memory .shared_memory. shared_memory.*)
                0x02500000                . = ALIGN (0x4)
                0x02500000                PROVIDE (_alt_partition_shared_memory_end, ABSOLUTE (.))
                0x0047ce34                PROVIDE (_alt_partition_shared_memory_load_addr, LOADADDR (.shared_memory))

.processor0_0_scratchpad
                0x04201000        0x0 load address 0x0047ce34
                0x04201000                PROVIDE (_alt_partition_processor0_0_scratchpad_start, ABSOLUTE (.))
 *(.processor0_0_scratchpad .processor0_0_scratchpad. processor0_0_scratchpad.*)
                0x04201000                . = ALIGN (0x4)
                0x04201000                PROVIDE (_alt_partition_processor0_0_scratchpad_end, ABSOLUTE (.))
                0x0047ce34                PROVIDE (_alt_partition_processor0_0_scratchpad_load_addr, LOADADDR (.processor0_0_scratchpad))

.stab
 *(.stab)

.stabstr
 *(.stabstr)

.stab.excl
 *(.stab.excl)

.stab.exclstr
 *(.stab.exclstr)

.stab.index
 *(.stab.index)

.stab.indexstr
 *(.stab.indexstr)

.comment        0x00000000       0x23
 *(.comment)
 .comment       0x00000000       0x23 obj/default/hello_ucosii_0.o
                                 0x24 (size before relaxing)
 .comment       0x00000000       0x24 obj/default/tlb.o
 .comment       0x00000000       0x24 ../critical_library/libcritical_library.a(fingerprint.o)
 .comment       0x00000000       0x24 /CMC/tools/altera/13.1/nios2eds/bin/gnu/H-i686-pc-linux-gnu/bin/../lib/gcc/nios2-elf/4.7.3/../../../../../H-i686-pc-linux-gnu/nios2-elf/lib/mno-hw-mul/libc.a(lib_a-puts.o)
 .comment       0x00000000       0x24 /CMC/tools/altera/13.1/nios2eds/bin/gnu/H-i686-pc-linux-gnu/bin/../lib/gcc/nios2-elf/4.7.3/../../../../../H-i686-pc-linux-gnu/nios2-elf/lib/mno-hw-mul/libc.a(lib_a-strlen.o)
 .comment       0x00000000       0x24 /CMC/tools/altera/13.1/nios2eds/bin/gnu/H-i686-pc-linux-gnu/bin/../lib/gcc/nios2-elf/4.7.3/../../../../../H-i686-pc-linux-gnu/nios2-elf/lib/mno-hw-mul/libc.a(lib_a-fvwrite.o)
 .comment       0x00000000       0x24 /CMC/tools/altera/13.1/nios2eds/bin/gnu/H-i686-pc-linux-gnu/bin/../lib/gcc/nios2-elf/4.7.3/../../../../../H-i686-pc-linux-gnu/nios2-elf/lib/mno-hw-mul/libc.a(lib_a-impure.o)
 .comment       0x00000000       0x24 /CMC/tools/altera/13.1/nios2eds/bin/gnu/H-i686-pc-linux-gnu/bin/../lib/gcc/nios2-elf/4.7.3/../../../../../H-i686-pc-linux-gnu/nios2-elf/lib/mno-hw-mul/libc.a(lib_a-mallocr.o)
 .comment       0x00000000       0x24 /CMC/tools/altera/13.1/nios2eds/bin/gnu/H-i686-pc-linux-gnu/bin/../lib/gcc/nios2-elf/4.7.3/../../../../../H-i686-pc-linux-gnu/nios2-elf/lib/mno-hw-mul/libc.a(lib_a-memchr.o)
 .comment       0x00000000       0x24 /CMC/tools/altera/13.1/nios2eds/bin/gnu/H-i686-pc-linux-gnu/bin/../lib/gcc/nios2-elf/4.7.3/../../../../../H-i686-pc-linux-gnu/nios2-elf/lib/mno-hw-mul/libc.a(lib_a-memcpy.o)
 .comment       0x00000000       0x24 /CMC/tools/altera/13.1/nios2eds/bin/gnu/H-i686-pc-linux-gnu/bin/../lib/gcc/nios2-elf/4.7.3/../../../../../H-i686-pc-linux-gnu/nios2-elf/lib/mno-hw-mul/libc.a(lib_a-memmove.o)
 .comment       0x00000000       0x24 /CMC/tools/altera/13.1/nios2eds/bin/gnu/H-i686-pc-linux-gnu/bin/../lib/gcc/nios2-elf/4.7.3/../../../../../H-i686-pc-linux-gnu/nios2-elf/lib/mno-hw-mul/libc.a(lib_a-reallocr.o)
 .comment       0x00000000       0x24 /CMC/tools/altera/13.1/nios2eds/bin/gnu/H-i686-pc-linux-gnu/bin/../lib/gcc/nios2-elf/4.7.3/../../../../../H-i686-pc-linux-gnu/nios2-elf/lib/mno-hw-mul/libc.a(lib_a-sbrkr.o)
 .comment       0x00000000       0x24 /CMC/tools/altera/13.1/nios2eds/bin/gnu/H-i686-pc-linux-gnu/bin/../lib/gcc/nios2-elf/4.7.3/../../../../../H-i686-pc-linux-gnu/nios2-elf/lib/mno-hw-mul/libc.a(lib_a-wsetup.o)
 .comment       0x00000000       0x24 /CMC/tools/altera/13.1/nios2eds/bin/gnu/H-i686-pc-linux-gnu/bin/../lib/gcc/nios2-elf/4.7.3/../../../../../H-i686-pc-linux-gnu/nios2-elf/lib/mno-hw-mul/libc.a(lib_a-fflush.o)
 .comment       0x00000000       0x24 /CMC/tools/altera/13.1/nios2eds/bin/gnu/H-i686-pc-linux-gnu/bin/../lib/gcc/nios2-elf/4.7.3/../../../../../H-i686-pc-linux-gnu/nios2-elf/lib/mno-hw-mul/libc.a(lib_a-findfp.o)
 .comment       0x00000000       0x24 /CMC/tools/altera/13.1/nios2eds/bin/gnu/H-i686-pc-linux-gnu/bin/../lib/gcc/nios2-elf/4.7.3/../../../../../H-i686-pc-linux-gnu/nios2-elf/lib/mno-hw-mul/libc.a(lib_a-freer.o)
 .comment       0x00000000       0x24 /CMC/tools/altera/13.1/nios2eds/bin/gnu/H-i686-pc-linux-gnu/bin/../lib/gcc/nios2-elf/4.7.3/../../../../../H-i686-pc-linux-gnu/nios2-elf/lib/mno-hw-mul/libc.a(lib_a-fwalk.o)
 .comment       0x00000000       0x24 /CMC/tools/altera/13.1/nios2eds/bin/gnu/H-i686-pc-linux-gnu/bin/../lib/gcc/nios2-elf/4.7.3/../../../../../H-i686-pc-linux-gnu/nios2-elf/lib/mno-hw-mul/libc.a(lib_a-int_errno.o)
 .comment       0x00000000       0x24 /CMC/tools/altera/13.1/nios2eds/bin/gnu/H-i686-pc-linux-gnu/bin/../lib/gcc/nios2-elf/4.7.3/../../../../../H-i686-pc-linux-gnu/nios2-elf/lib/mno-hw-mul/libc.a(lib_a-makebuf.o)
 .comment       0x00000000       0x24 /CMC/tools/altera/13.1/nios2eds/bin/gnu/H-i686-pc-linux-gnu/bin/../lib/gcc/nios2-elf/4.7.3/../../../../../H-i686-pc-linux-gnu/nios2-elf/lib/mno-hw-mul/libc.a(lib_a-memset.o)
 .comment       0x00000000       0x24 /CMC/tools/altera/13.1/nios2eds/bin/gnu/H-i686-pc-linux-gnu/bin/../lib/gcc/nios2-elf/4.7.3/../../../../../H-i686-pc-linux-gnu/nios2-elf/lib/mno-hw-mul/libc.a(lib_a-stdio.o)
 .comment       0x00000000       0x24 /CMC/tools/altera/13.1/nios2eds/bin/gnu/H-i686-pc-linux-gnu/bin/../lib/gcc/nios2-elf/4.7.3/../../../../../H-i686-pc-linux-gnu/nios2-elf/lib/mno-hw-mul/libc.a(lib_a-writer.o)
 .comment       0x00000000       0x24 /CMC/tools/altera/13.1/nios2eds/bin/gnu/H-i686-pc-linux-gnu/bin/../lib/gcc/nios2-elf/4.7.3/../../../../../H-i686-pc-linux-gnu/nios2-elf/lib/mno-hw-mul/libc.a(lib_a-closer.o)
 .comment       0x00000000       0x24 /CMC/tools/altera/13.1/nios2eds/bin/gnu/H-i686-pc-linux-gnu/bin/../lib/gcc/nios2-elf/4.7.3/../../../../../H-i686-pc-linux-gnu/nios2-elf/lib/mno-hw-mul/libc.a(lib_a-fclose.o)
 .comment       0x00000000       0x24 /CMC/tools/altera/13.1/nios2eds/bin/gnu/H-i686-pc-linux-gnu/bin/../lib/gcc/nios2-elf/4.7.3/../../../../../H-i686-pc-linux-gnu/nios2-elf/lib/mno-hw-mul/libc.a(lib_a-fstatr.o)
 .comment       0x00000000       0x24 /CMC/tools/altera/13.1/nios2eds/bin/gnu/H-i686-pc-linux-gnu/bin/../lib/gcc/nios2-elf/4.7.3/../../../../../H-i686-pc-linux-gnu/nios2-elf/lib/mno-hw-mul/libc.a(lib_a-isattyr.o)
 .comment       0x00000000       0x24 /CMC/tools/altera/13.1/nios2eds/bin/gnu/H-i686-pc-linux-gnu/bin/../lib/gcc/nios2-elf/4.7.3/../../../../../H-i686-pc-linux-gnu/nios2-elf/lib/mno-hw-mul/libc.a(lib_a-lseekr.o)
 .comment       0x00000000       0x24 /CMC/tools/altera/13.1/nios2eds/bin/gnu/H-i686-pc-linux-gnu/bin/../lib/gcc/nios2-elf/4.7.3/../../../../../H-i686-pc-linux-gnu/nios2-elf/lib/mno-hw-mul/libc.a(lib_a-readr.o)
 .comment       0x00000000       0x24 /CMC/tools/altera/13.1/nios2eds/bin/gnu/H-i686-pc-linux-gnu/bin/../lib/gcc/nios2-elf/4.7.3/mno-hw-mul/libgcc.a(lib2-mul.o)
 .comment       0x00000000       0x24 ../ucos0_bsp//libucosii_bsp.a(alt_close.o)
 .comment       0x00000000       0x24 ../ucos0_bsp//libucosii_bsp.a(alt_dev.o)
 .comment       0x00000000       0x24 ../ucos0_bsp//libucosii_bsp.a(alt_errno.o)
 .comment       0x00000000       0x24 ../ucos0_bsp//libucosii_bsp.a(alt_fstat.o)
 .comment       0x00000000       0x24 ../ucos0_bsp//libucosii_bsp.a(alt_iic.o)
 .comment       0x00000000       0x24 ../ucos0_bsp//libucosii_bsp.a(alt_iic_isr_register.o)
 .comment       0x00000000       0x24 ../ucos0_bsp//libucosii_bsp.a(alt_irq_handler.o)
 .comment       0x00000000       0x24 ../ucos0_bsp//libucosii_bsp.a(alt_irq_vars.o)
 .comment       0x00000000       0x24 ../ucos0_bsp//libucosii_bsp.a(alt_isatty.o)
 .comment       0x00000000       0x24 ../ucos0_bsp//libucosii_bsp.a(alt_load.o)
 .comment       0x00000000       0x24 ../ucos0_bsp//libucosii_bsp.a(alt_lseek.o)
 .comment       0x00000000       0x24 ../ucos0_bsp//libucosii_bsp.a(alt_main.o)
 .comment       0x00000000       0x24 ../ucos0_bsp//libucosii_bsp.a(alt_read.o)
 .comment       0x00000000       0x24 ../ucos0_bsp//libucosii_bsp.a(alt_release_fd.o)
 .comment       0x00000000       0x24 ../ucos0_bsp//libucosii_bsp.a(alt_sbrk.o)
 .comment       0x00000000       0x24 ../ucos0_bsp//libucosii_bsp.a(alt_write.o)
 .comment       0x00000000       0x24 ../ucos0_bsp//libucosii_bsp.a(alt_env_lock.o)
 .comment       0x00000000       0x24 ../ucos0_bsp//libucosii_bsp.a(alt_malloc_lock.o)
 .comment       0x00000000       0x24 ../ucos0_bsp//libucosii_bsp.a(os_core.o)
 .comment       0x00000000       0x24 ../ucos0_bsp//libucosii_bsp.a(os_dbg.o)
 .comment       0x00000000       0x24 ../ucos0_bsp//libucosii_bsp.a(os_flag.o)
 .comment       0x00000000       0x24 ../ucos0_bsp//libucosii_bsp.a(os_mem.o)
 .comment       0x00000000       0x24 ../ucos0_bsp//libucosii_bsp.a(os_q.o)
 .comment       0x00000000       0x24 ../ucos0_bsp//libucosii_bsp.a(os_sem.o)
 .comment       0x00000000       0x24 ../ucos0_bsp//libucosii_bsp.a(os_task.o)
 .comment       0x00000000       0x24 ../ucos0_bsp//libucosii_bsp.a(os_time.o)
 .comment       0x00000000       0x24 ../ucos0_bsp//libucosii_bsp.a(alt_sys_init.o)
 .comment       0x00000000       0x24 ../ucos0_bsp//libucosii_bsp.a(altera_avalon_jtag_uart_fd.o)
 .comment       0x00000000       0x24 ../ucos0_bsp//libucosii_bsp.a(altera_avalon_jtag_uart_init.o)
 .comment       0x00000000       0x24 ../ucos0_bsp//libucosii_bsp.a(altera_avalon_jtag_uart_ioctl.o)
 .comment       0x00000000       0x24 ../ucos0_bsp//libucosii_bsp.a(altera_avalon_jtag_uart_read.o)
 .comment       0x00000000       0x24 ../ucos0_bsp//libucosii_bsp.a(altera_avalon_jtag_uart_write.o)
 .comment       0x00000000       0x24 ../ucos0_bsp//libucosii_bsp.a(altera_avalon_mutex.o)
 .comment       0x00000000       0x24 ../ucos0_bsp//libucosii_bsp.a(altera_avalon_timer_sc.o)
 .comment       0x00000000       0x24 ../ucos0_bsp//libucosii_bsp.a(altera_avalon_timer_ts.o)
 .comment       0x00000000       0x24 ../ucos0_bsp//libucosii_bsp.a(altera_avalon_timer_vars.o)
 .comment       0x00000000       0x24 ../ucos0_bsp//libucosii_bsp.a(alt_alarm_start.o)
 .comment       0x00000000       0x24 ../ucos0_bsp//libucosii_bsp.a(alt_dcache_flush_all.o)
 .comment       0x00000000       0x24 ../ucos0_bsp//libucosii_bsp.a(alt_dev_llist_insert.o)
 .comment       0x00000000       0x24 ../ucos0_bsp//libucosii_bsp.a(alt_do_ctors.o)
 .comment       0x00000000       0x24 ../ucos0_bsp//libucosii_bsp.a(alt_do_dtors.o)
 .comment       0x00000000       0x24 ../ucos0_bsp//libucosii_bsp.a(alt_find_dev.o)
 .comment       0x00000000       0x24 ../ucos0_bsp//libucosii_bsp.a(alt_icache_flush_all.o)
 .comment       0x00000000       0x24 ../ucos0_bsp//libucosii_bsp.a(alt_io_redirect.o)
 .comment       0x00000000       0x24 ../ucos0_bsp//libucosii_bsp.a(alt_open.o)
 .comment       0x00000000       0x24 ../ucos0_bsp//libucosii_bsp.a(alt_tick.o)
 .comment       0x00000000       0x24 ../ucos0_bsp//libucosii_bsp.a(altera_nios2_qsys_irq.o)
 .comment       0x00000000       0x24 ../ucos0_bsp//libucosii_bsp.a(os_cpu_c.o)
 .comment       0x00000000       0x24 ../ucos0_bsp//libucosii_bsp.a(alt_find_file.o)
 .comment       0x00000000       0x24 ../ucos0_bsp//libucosii_bsp.a(alt_get_fd.o)
 .comment       0x00000000       0x24 ../ucos0_bsp//libucosii_bsp.a(alt_icache_flush.o)
 .comment       0x00000000       0x24 /CMC/tools/altera/13.1/nios2eds/bin/gnu/H-i686-pc-linux-gnu/bin/../lib/gcc/nios2-elf/4.7.3/../../../../../H-i686-pc-linux-gnu/nios2-elf/lib/mno-hw-mul/libc.a(lib_a-atexit.o)
 .comment       0x00000000       0x24 /CMC/tools/altera/13.1/nios2eds/bin/gnu/H-i686-pc-linux-gnu/bin/../lib/gcc/nios2-elf/4.7.3/../../../../../H-i686-pc-linux-gnu/nios2-elf/lib/mno-hw-mul/libc.a(lib_a-exit.o)
 .comment       0x00000000       0x24 /CMC/tools/altera/13.1/nios2eds/bin/gnu/H-i686-pc-linux-gnu/bin/../lib/gcc/nios2-elf/4.7.3/../../../../../H-i686-pc-linux-gnu/nios2-elf/lib/mno-hw-mul/libc.a(lib_a-memcmp.o)
 .comment       0x00000000       0x24 /CMC/tools/altera/13.1/nios2eds/bin/gnu/H-i686-pc-linux-gnu/bin/../lib/gcc/nios2-elf/4.7.3/../../../../../H-i686-pc-linux-gnu/nios2-elf/lib/mno-hw-mul/libc.a(lib_a-__atexit.o)
 .comment       0x00000000       0x24 /CMC/tools/altera/13.1/nios2eds/bin/gnu/H-i686-pc-linux-gnu/bin/../lib/gcc/nios2-elf/4.7.3/../../../../../H-i686-pc-linux-gnu/nios2-elf/lib/mno-hw-mul/libc.a(lib_a-__call_atexit.o)
 .comment       0x00000000       0x24 /CMC/tools/altera/13.1/nios2eds/bin/gnu/H-i686-pc-linux-gnu/bin/../lib/gcc/nios2-elf/4.7.3/mno-hw-mul/libgcc.a(_fixunsdfsi.o)
 .comment       0x00000000       0x24 /CMC/tools/altera/13.1/nios2eds/bin/gnu/H-i686-pc-linux-gnu/bin/../lib/gcc/nios2-elf/4.7.3/mno-hw-mul/libgcc.a(_addsub_df.o)
 .comment       0x00000000       0x24 /CMC/tools/altera/13.1/nios2eds/bin/gnu/H-i686-pc-linux-gnu/bin/../lib/gcc/nios2-elf/4.7.3/mno-hw-mul/libgcc.a(_mul_df.o)
 .comment       0x00000000       0x24 /CMC/tools/altera/13.1/nios2eds/bin/gnu/H-i686-pc-linux-gnu/bin/../lib/gcc/nios2-elf/4.7.3/mno-hw-mul/libgcc.a(_div_df.o)
 .comment       0x00000000       0x24 /CMC/tools/altera/13.1/nios2eds/bin/gnu/H-i686-pc-linux-gnu/bin/../lib/gcc/nios2-elf/4.7.3/mno-hw-mul/libgcc.a(_ge_df.o)
 .comment       0x00000000       0x24 /CMC/tools/altera/13.1/nios2eds/bin/gnu/H-i686-pc-linux-gnu/bin/../lib/gcc/nios2-elf/4.7.3/mno-hw-mul/libgcc.a(_df_to_si.o)
 .comment       0x00000000       0x24 /CMC/tools/altera/13.1/nios2eds/bin/gnu/H-i686-pc-linux-gnu/bin/../lib/gcc/nios2-elf/4.7.3/mno-hw-mul/libgcc.a(_thenan_df.o)
 .comment       0x00000000       0x24 /CMC/tools/altera/13.1/nios2eds/bin/gnu/H-i686-pc-linux-gnu/bin/../lib/gcc/nios2-elf/4.7.3/mno-hw-mul/libgcc.a(_usi_to_df.o)
 .comment       0x00000000       0x24 /CMC/tools/altera/13.1/nios2eds/bin/gnu/H-i686-pc-linux-gnu/bin/../lib/gcc/nios2-elf/4.7.3/mno-hw-mul/libgcc.a(lib2-divmod.o)
 .comment       0x00000000       0x24 /CMC/tools/altera/13.1/nios2eds/bin/gnu/H-i686-pc-linux-gnu/bin/../lib/gcc/nios2-elf/4.7.3/mno-hw-mul/libgcc.a(_muldi3.o)