Archive member included because of file (symbol)

../critical_library/libcritical_library.a(fingerprint.o)
                              obj/default/hello_ucosii_1.o (fprint_set_block_size)
../critical_library/libcritical_library.a(context_switch.o)
                              obj/default/hello_ucosii_1.o (context_switch)
../critical_library/libcritical_library.a(gp.o)
                              obj/default/hello_ucosii_1.o (set_gp)
/CMC/tools/altera/13.1/nios2eds/bin/gnu/H-i686-pc-linux-gnu/bin/../lib/gcc/nios2-elf/4.7.3/../../../../../H-i686-pc-linux-gnu/nios2-elf/lib/mno-hw-mul/libc.a(lib_a-puts.o)
                              obj/default/hello_ucosii_1.o (puts)
/CMC/tools/altera/13.1/nios2eds/bin/gnu/H-i686-pc-linux-gnu/bin/../lib/gcc/nios2-elf/4.7.3/../../../../../H-i686-pc-linux-gnu/nios2-elf/lib/mno-hw-mul/libc.a(lib_a-strlen.o)
                              /CMC/tools/altera/13.1/nios2eds/bin/gnu/H-i686-pc-linux-gnu/bin/../lib/gcc/nios2-elf/4.7.3/../../../../../H-i686-pc-linux-gnu/nios2-elf/lib/mno-hw-mul/libc.a(lib_a-puts.o) (strlen)
/CMC/tools/altera/13.1/nios2eds/bin/gnu/H-i686-pc-linux-gnu/bin/../lib/gcc/nios2-elf/4.7.3/../../../../../H-i686-pc-linux-gnu/nios2-elf/lib/mno-hw-mul/libc.a(lib_a-fvwrite.o)
                              /CMC/tools/altera/13.1/nios2eds/bin/gnu/H-i686-pc-linux-gnu/bin/../lib/gcc/nios2-elf/4.7.3/../../../../../H-i686-pc-linux-gnu/nios2-elf/lib/mno-hw-mul/libc.a(lib_a-puts.o) (__sfvwrite_r)
/CMC/tools/altera/13.1/nios2eds/bin/gnu/H-i686-pc-linux-gnu/bin/../lib/gcc/nios2-elf/4.7.3/../../../../../H-i686-pc-linux-gnu/nios2-elf/lib/mno-hw-mul/libc.a(lib_a-impure.o)
                              /CMC/tools/altera/13.1/nios2eds/bin/gnu/H-i686-pc-linux-gnu/bin/../lib/gcc/nios2-elf/4.7.3/../../../../../H-i686-pc-linux-gnu/nios2-elf/lib/mno-hw-mul/libc.a(lib_a-puts.o) (_impure_ptr)
/CMC/tools/altera/13.1/nios2eds/bin/gnu/H-i686-pc-linux-gnu/bin/../lib/gcc/nios2-elf/4.7.3/../../../../../H-i686-pc-linux-gnu/nios2-elf/lib/mno-hw-mul/libc.a(lib_a-mallocr.o)
                              /CMC/tools/altera/13.1/nios2eds/bin/gnu/H-i686-pc-linux-gnu/bin/../lib/gcc/nios2-elf/4.7.3/../../../../../H-i686-pc-linux-gnu/nios2-elf/lib/mno-hw-mul/libc.a(lib_a-fvwrite.o) (_malloc_r)
/CMC/tools/altera/13.1/nios2eds/bin/gnu/H-i686-pc-linux-gnu/bin/../lib/gcc/nios2-elf/4.7.3/../../../../../H-i686-pc-linux-gnu/nios2-elf/lib/mno-hw-mul/libc.a(lib_a-memchr.o)
                              /CMC/tools/altera/13.1/nios2eds/bin/gnu/H-i686-pc-linux-gnu/bin/../lib/gcc/nios2-elf/4.7.3/../../../../../H-i686-pc-linux-gnu/nios2-elf/lib/mno-hw-mul/libc.a(lib_a-fvwrite.o) (memchr)
/CMC/tools/altera/13.1/nios2eds/bin/gnu/H-i686-pc-linux-gnu/bin/../lib/gcc/nios2-elf/4.7.3/../../../../../H-i686-pc-linux-gnu/nios2-elf/lib/mno-hw-mul/libc.a(lib_a-memcpy.o)
                              /CMC/tools/altera/13.1/nios2eds/bin/gnu/H-i686-pc-linux-gnu/bin/../lib/gcc/nios2-elf/4.7.3/../../../../../H-i686-pc-linux-gnu/nios2-elf/lib/mno-hw-mul/libc.a(lib_a-fvwrite.o) (memcpy)
/CMC/tools/altera/13.1/nios2eds/bin/gnu/H-i686-pc-linux-gnu/bin/../lib/gcc/nios2-elf/4.7.3/../../../../../H-i686-pc-linux-gnu/nios2-elf/lib/mno-hw-mul/libc.a(lib_a-memmove.o)
                              /CMC/tools/altera/13.1/nios2eds/bin/gnu/H-i686-pc-linux-gnu/bin/../lib/gcc/nios2-elf/4.7.3/../../../../../H-i686-pc-linux-gnu/nios2-elf/lib/mno-hw-mul/libc.a(lib_a-fvwrite.o) (memmove)
/CMC/tools/altera/13.1/nios2eds/bin/gnu/H-i686-pc-linux-gnu/bin/../lib/gcc/nios2-elf/4.7.3/../../../../../H-i686-pc-linux-gnu/nios2-elf/lib/mno-hw-mul/libc.a(lib_a-reallocr.o)
                              /CMC/tools/altera/13.1/nios2eds/bin/gnu/H-i686-pc-linux-gnu/bin/../lib/gcc/nios2-elf/4.7.3/../../../../../H-i686-pc-linux-gnu/nios2-elf/lib/mno-hw-mul/libc.a(lib_a-fvwrite.o) (_realloc_r)
/CMC/tools/altera/13.1/nios2eds/bin/gnu/H-i686-pc-linux-gnu/bin/../lib/gcc/nios2-elf/4.7.3/../../../../../H-i686-pc-linux-gnu/nios2-elf/lib/mno-hw-mul/libc.a(lib_a-sbrkr.o)
                              /CMC/tools/altera/13.1/nios2eds/bin/gnu/H-i686-pc-linux-gnu/bin/../lib/gcc/nios2-elf/4.7.3/../../../../../H-i686-pc-linux-gnu/nios2-elf/lib/mno-hw-mul/libc.a(lib_a-mallocr.o) (_sbrk_r)
/CMC/tools/altera/13.1/nios2eds/bin/gnu/H-i686-pc-linux-gnu/bin/../lib/gcc/nios2-elf/4.7.3/../../../../../H-i686-pc-linux-gnu/nios2-elf/lib/mno-hw-mul/libc.a(lib_a-wsetup.o)
                              /CMC/tools/altera/13.1/nios2eds/bin/gnu/H-i686-pc-linux-gnu/bin/../lib/gcc/nios2-elf/4.7.3/../../../../../H-i686-pc-linux-gnu/nios2-elf/lib/mno-hw-mul/libc.a(lib_a-fvwrite.o) (__swsetup_r)
/CMC/tools/altera/13.1/nios2eds/bin/gnu/H-i686-pc-linux-gnu/bin/../lib/gcc/nios2-elf/4.7.3/../../../../../H-i686-pc-linux-gnu/nios2-elf/lib/mno-hw-mul/libc.a(lib_a-fflush.o)
                              /CMC/tools/altera/13.1/nios2eds/bin/gnu/H-i686-pc-linux-gnu/bin/../lib/gcc/nios2-elf/4.7.3/../../../../../H-i686-pc-linux-gnu/nios2-elf/lib/mno-hw-mul/libc.a(lib_a-fvwrite.o) (_fflush_r)
[...]
Memory Configuration

Name             Origin             Length             Attributes
memory_0_onchip_memoryMain_BEFORE_RESET 0x00400000         0x00032000
reset            0x00432000         0x00000020
memory_0_onchip_memoryMain 0x00432020         0x00031fe0
shared_memory    0x02500000         0x00000400
processor1_0_scratchpad 0x04200000         0x00003000
global           0x04203000         0x00001000
*default*        0x00000000         0xffffffff

Linker script and memory map

LOAD ../ucos1_bsp//obj/HAL/src/crt0.o
LOAD obj/default/hello_ucosii_1.o
LOAD obj/default/tlb.o
LOAD ../critical_library/libcritical_library.a
LOAD /CMC/tools/altera/13.1/nios2eds/bin/gnu/H-i686-pc-linux-gnu/bin/../lib/gcc/nios2-elf/4.7.3/../../../../../H-i686-pc-linux-gnu/nios2-elf/lib/mno-hw-mul/libstdc++.a
LOAD /CMC/tools/altera/13.1/nios2eds/bin/gnu/H-i686-pc-linux-gnu/bin/../lib/gcc/nios2-elf/4.7.3/../../../../../H-i686-pc-linux-gnu/nios2-elf/lib/mno-hw-mul/libm.a
LOAD /CMC/tools/altera/13.1/nios2eds/bin/gnu/H-i686-pc-linux-gnu/bin/../lib/gcc/nios2-elf/4.7.3/mno-hw-mul/libgcc.a
START GROUP
LOAD /CMC/tools/altera/13.1/nios2eds/bin/gnu/H-i686-pc-linux-gnu/bin/../lib/gcc/nios2-elf/4.7.3/../../../../../H-i686-pc-linux-gnu/nios2-elf/lib/mno-hw-mul/libc.a
LOAD /CMC/tools/altera/13.1/nios2eds/bin/gnu/H-i686-pc-linux-gnu/bin/../lib/gcc/nios2-elf/4.7.3/mno-hw-mul/libgcc.a
LOAD ../ucos1_bsp//libucosii_bsp.a
END GROUP
LOAD /CMC/tools/altera/13.1/nios2eds/bin/gnu/H-i686-pc-linux-gnu/bin/../lib/gcc/nios2-elf/4.7.3/mno-hw-mul/libgcc.a
                0x00400000                __alt_mem_memory_0_onchip_memoryMain = 0x400000
                0x02500000                __alt_mem_shared_memory = 0x2500000
                0x04200000                __alt_mem_processor1_0_scratchpad = 0x4200000

.entry          0x00432000       0x20
 *(.entry)
 .entry         0x00432000       0x20 ../ucos1_bsp//obj/HAL/src/crt0.o
                0x00432000                __reset

.exceptions     0x00432020      0x1c0
                0x00432020                PROVIDE (__ram_exceptions_start, ABSOLUTE (.))
                0x00432020                . = ALIGN (0x20)
 *(.irq)
 *(.exceptions.entry.label)
 .exceptions.entry.label
                0x00432020        0x0 ../ucos1_bsp//libucosii_bsp.a(alt_irq_entry.o)
                0x00432020                alt_irq_entry
 .exceptions.entry.label
                0x00432020        0x0 ../ucos1_bsp//libucosii_bsp.a(alt_exception_entry.o)
                0x00432020                alt_exception
 *(.exceptions.entry.user)
 *(.exceptions.entry.ecc_fatal)
 *(.exceptions.entry)
 .exceptions.entry
                0x00432020       0x6c ../ucos1_bsp//libucosii_bsp.a(alt_exception_entry.o)
 *(.exceptions.irqtest.user)
 *(.exceptions.irqtest)
 .exceptions.irqtest
                0x0043208c       0x10 ../ucos1_bsp//libucosii_bsp.a(alt_irq_entry.o)
 *(.exceptions.irqhandler.user)
 *(.exceptions.irqhandler)
 .exceptions.irqhandler
                0x0043209c        0x4 ../ucos1_bsp//libucosii_bsp.a(alt_irq_entry.o)
 *(.exceptions.irqreturn.user)
 *(.exceptions.irqreturn)
 .exceptions.irqreturn
                0x004320a0        0x4 ../ucos1_bsp//libucosii_bsp.a(alt_irq_entry.o)
 *(.exceptions.notirq.label)
 .exceptions.notirq.label
                0x004320a4        0x0 ../ucos1_bsp//libucosii_bsp.a(alt_irq_entry.o)
 *(.exceptions.notirq.user)
 *(.exceptions.notirq)
 .exceptions.notirq
                0x004320a4        0x8 ../ucos1_bsp//libucosii_bsp.a(alt_exception_entry.o)
 *(.exceptions.soft.user)
 *(.exceptions.soft)
 *(.exceptions.unknown.user)
 *(.exceptions.unknown)
 .exceptions.unknown
                0x004320ac        0x4 ../ucos1_bsp//libucosii_bsp.a(alt_exception_entry.o)
 *(.exceptions.exit.label)
 .exceptions.exit.label
                0x004320b0        0x0 ../ucos1_bsp//libucosii_bsp.a(alt_irq_entry.o)
 .exceptions.exit.label
                0x004320b0        0x0 ../ucos1_bsp//libucosii_bsp.a(alt_exception_entry.o)
 *(.exceptions.exit.user)
 *(.exceptions.exit)
 .exceptions.exit
                0x004320b0       0x60 ../ucos1_bsp//libucosii_bsp.a(alt_exception_entry.o)
 *(.exceptions)
 .exceptions    0x00432110       0xd0 ../ucos1_bsp//libucosii_bsp.a(alt_irq_handler.o)
                0x00432110                alt_irq_handler
                0x004321e0                PROVIDE (__ram_exceptions_end, ABSOLUTE (.))
                0x00432020                PROVIDE (__flash_exceptions_start, LOADADDR (.exceptions))

.critical       0x04200000     0x1000
                0x04200000                PROVIDE (_alt_partition_critical_start, ABSOLUTE (.))
 *(.critical .critical.*)
 .critical      0x04200000     0x1000 obj/default/hello_ucosii_1.o
                0x04200000                critical_task_stk
                0x04201000                . = ALIGN (0x4)
                0x04201000                PROVIDE (_alt_partition_critical_end, ABSOLUTE (.))

.text           0x004321e0    0x11cf4
                0x004321e0                PROVIDE (stext, ABSOLUTE (.))
 *(.interp)
 *(.hash)
 *(.dynsym)
 *(.dynstr)
 *(.gnu.version)
 *(.gnu.version_d)
 *(.gnu.version_r)
 *(.rel.init)
 *(.rela.init)
 *(.rel.text .rel.text.* .rel.gnu.linkonce.t.*)
 *(.rela.text .rela.text.* .rela.gnu.linkonce.t.*)
 *(.rel.fini)
 *(.rela.fini)
 *(.rel.rodata .rel.rodata.* .rel.gnu.linkonce.r.*)
 *(.rela.rodata .rela.rodata.* .rela.gnu.linkonce.r.*)
 *(.rel.data .rel.data.* .rel.gnu.linkonce.d.*)
 *(.rela.data .rela.data.* .rela.gnu.linkonce.d.*)
 *(.rel.tdata .rel.tdata.* .rel.gnu.linkonce.td.*)
 *(.rela.tdata .rela.tdata.* .rela.gnu.linkonce.td.*)
 *(.rel.tbss .rel.tbss.* .rel.gnu.linkonce.tb.*)
 *(.rela.tbss .rela.tbss.* .rela.gnu.linkonce.tb.*)
 *(.rel.ctors)
 *(.rela.ctors)
 *(.rel.dtors)
 *(.rela.dtors)
 *(.rel.got)
 *(.rela.got)
 *(.rel.sdata .rel.sdata.* .rel.gnu.linkonce.s.*)
 *(.rela.sdata .rela.sdata.* .rela.gnu.linkonce.s.*)
 *(.rel.sbss .rel.sbss.* .rel.gnu.linkonce.sb.*)
 *(.rela.sbss .rela.sbss.* .rela.gnu.linkonce.sb.*)
 *(.rel.sdata2 .rel.sdata2.* .rel.gnu.linkonce.s2.*)
 *(.rela.sdata2 .rela.sdata2.* .rela.gnu.linkonce.s2.*)
 *(.rel.sbss2 .rel.sbss2.* .rel.gnu.linkonce.sb2.*)
 *(.rela.sbss2 .rela.sbss2.* .rela.gnu.linkonce.sb2.*)
 *(.rel.bss .rel.bss.* .rel.gnu.linkonce.b.*)
 *(.rela.bss .rela.bss.* .rela.gnu.linkonce.b.*)
 *(.rel.plt)
 *(.rela.plt)
 *(.rel.dyn)
 *(.init)
 *(.plt)
 *(.text .stub .text.* .gnu.linkonce.t.*)
 .text          0x004321e0       0x3c ../ucos1_bsp//obj/HAL/src/crt0.o
                0x004321e0                _start
 .text          0x0043221c      0x310 obj/default/hello_ucosii_1.o
                0x004322b4                preemption_task
                0x004323d0                init_tlb
                0x0043240c                main
 .text          0x0043252c      0x1cc obj/default/tlb.o
                0x0043252c                disable_tlb
                0x00432538                enable_tlb
                0x00432548                reset_tlb
                0x004325ac                tlb_is_on
                0x004325c0                set_enable
                0x004325e8                reset_enable
                0x004325f4                get_enable
                0x00432600                set_valid
                0x00432628                reset_valid
                0x00432634                get_valid
                0x00432640                set_cputable_entry
                0x00432674                get_cputable_entry
                0x0043269c                set_spmtable_entry
                0x004326d0                get_spmtable_entry
 .text          0x004326f8      0x260 ../critical_library/libcritical_library.a(fingerprint.o)
                0x004326f8                set_task_directory
                0x00432790                enable_fprint_task
                0x004327bc                disable_fprint_task
                0x004327e0                fprint_reset_irq
                0x00432800                fprint_status
                0x00432850                fprint_set_block_size
                0x00432878                set_core_assignment
                0x004328c4                set_core_assignment_table
 .text          0x00432958       0x68 ../critical_library/libcritical_library.a(context_switch.o)
                0x00432958                context_switch
                0x0043299c                context_restore
 .text          0x004329c0       0x24 ../critical_library/libcritical_library.a(gp.o)
                0x004329c0                get_gp
                0x004329cc                set_gp
                0x004329d8                restore_gp
 .text          0x004329e4       0x98 /CMC/tools/altera/13.1/nios2eds/bin/gnu/H-i686-pc-linux-gnu/bin/../lib/gcc/nios2-elf/4.7.3/../../../../../H-i686-pc-linux-gnu/nios2-elf/lib/mno-hw-mul/libc.a(lib_a-puts.o)
                0x004329e4                _puts_r
                0x00432a68                puts
 .text          0x00432a7c       0x8c /CMC/tools/altera/13.1/nios2eds/bin/gnu/H-i686-pc-linux-gnu/bin/../lib/gcc/nios2-elf/4.7.3/../../../../../H-i686-pc-linux-gnu/nios2-elf/lib/mno-hw-mul/libc.a(lib_a-strlen.o)
                0x00432a7c                strlen
 .text          0x00432b08      0x4e4 /CMC/tools/altera/13.1/nios2eds/bin/gnu/H-i686-pc-linux-gnu/bin/../lib/gcc/nios2-elf/4.7.3/../../../../../H-i686-pc-linux-gnu/nios2-elf/lib/mno-hw-mul/libc.a(lib_a-fvwrite.o)
                0x00432b08                __sfvwrite_r
 .text          0x00432fec        0x0 /CMC/tools/altera/13.1/nios2eds/bin/gnu/H-i686-pc-linux-gnu/bin/../lib/gcc/nios2-elf/4.7.3/../../../../../H-i686-pc-linux-gnu/nios2-elf/lib/mno-hw-mul/libc.a(lib_a-impure.o)
 .text          0x00432fec      0x784 /CMC/tools/altera/13.1/nios2eds/bin/gnu/H-i686-pc-linux-gnu/bin/../lib/gcc/nios2-elf/4.7.3/../../../../../H-i686-pc-linux-gnu/nios2-elf/lib/mno-hw-mul/libc.a(lib_a-mallocr.o)
                0x00432fec                _malloc_r
 .text          0x00433770       0xf8 /CMC/tools/altera/13.1/nios2eds/bin/gnu/H-i686-pc-linux-gnu/bin/../lib/gcc/nios2-elf/4.7.3/../../../../../H-i686-pc-linux-gnu/nios2-elf/lib/mno-hw-mul/libc.a(lib_a-memchr.o)
                0x00433770                memchr
 .text          0x00433868      0x140 /CMC/tools/altera/13.1/nios2eds/bin/gnu/H-i686-pc-linux-gnu/bin/../lib/gcc/nios2-elf/4.7.3/../../../../../H-i686-pc-linux-gnu/nios2-elf/lib/mno-hw-mul/libc.a(lib_a-memcpy.o)
                0x00433868                memcpy
 .text          0x004339a8      0x18c /CMC/tools/altera/13.1/nios2eds/bin/gnu/H-i686-pc-linux-gnu/bin/../lib/gcc/nios2-elf/4.7.3/../../../../../H-i686-pc-linux-gnu/nios2-elf/lib/mno-hw-mul/libc.a(lib_a-memmove.o)
                0x004339a8                memmove
 .text          0x00433b34      0x5fc /CMC/tools/altera/13.1/nios2eds/bin/gnu/H-i686-pc-linux-gnu/bin/../lib/gcc/nios2-elf/4.7.3/../../../../../H-i686-pc-linux-gnu/nios2-elf/lib/mno-hw-mul/libc.a(lib_a-reallocr.o)
                0x00433b34                _realloc_r
 .text          0x00434130       0x64 /CMC/tools/altera/13.1/nios2eds/bin/gnu/H-i686-pc-linux-gnu/bin/../lib/gcc/nios2-elf/4.7.3/../../../../../H-i686-pc-linux-gnu/nios2-elf/lib/mno-hw-mul/libc.a(lib_a-sbrkr.o)
                0x00434130                _sbrk_r
 .text          0x00434194      0x174 /CMC/tools/altera/13.1/nios2eds/bin/gnu/H-i686-pc-linux-gnu/bin/../lib/gcc/nios2-elf/4.7.3/../../../../../H-i686-pc-linux-gnu/nios2-elf/lib/mno-hw-mul/libc.a(lib_a-wsetup.o)
                0x00434194                __swsetup_r
 .text          0x00434308      0x218 /CMC/tools/altera/13.1/nios2eds/bin/gnu/H-i686-pc-linux-gnu/bin/../lib/gcc/nios2-elf/4.7.3/../../../../../H-i686-pc-linux-gnu/nios2-elf/lib/mno-hw-mul/libc.a(lib_a-fflush.o)
                0x00434308                _fflush_r
                0x004344f0                fflush
 .text          0x00434520      0x2ec /CMC/tools/altera/13.1/nios2eds/bin/gnu/H-i686-pc-linux-gnu/bin/../lib/gcc/nios2-elf/4.7.3/../../../../../H-i686-pc-linux-gnu/nios2-elf/lib/mno-hw-mul/libc.a(lib_a-findfp.o)
                0x00434530                _cleanup_r
                0x0043453c                __sfmoreglue
                0x004345b4                _cleanup
                0x004345c4                __sinit
                0x004346d0                __sfp
                0x004347cc                __sfp_lock_acquire
                0x004347d0                __sfp_lock_release
                0x004347d4                __sinit_lock_acquire
                0x004347d8                __sinit_lock_release
                0x004347dc                __fp_lock_all
                0x004347f4                __fp_unlock_all
 .text          0x0043480c      0x40c /CMC/tools/altera/13.1/nios2eds/bin/gnu/H-i686-pc-linux-gnu/bin/../lib/gcc/nios2-elf/4.7.3/../../../../../H-i686-pc-linux-gnu/nios2-elf/lib/mno-hw-mul/libc.a(lib_a-freer.o)
                0x0043480c                _malloc_trim_r
                0x00434948                _free_r
 .text          0x00434c18      0x160 /CMC/tools/altera/13.1/nios2eds/bin/gnu/H-i686-pc-linux-gnu/bin/../lib/gcc/nios2-elf/4.7.3/../../../../../H-i686-pc-linux-gnu/nios2-elf/lib/mno-hw-mul/libc.a(lib_a-fwalk.o)
                0x00434c18                _fwalk
                0x00434cc0                _fwalk_reent
 .text          0x00434d78        0x0 /CMC/tools/altera/13.1/nios2eds/bin/gnu/H-i686-pc-linux-gnu/bin/../lib/gcc/nios2-elf/4.7.3/../../../../../H-i686-pc-linux-gnu/nios2-elf/lib/mno-hw-mul/libc.a(lib_a-int_errno.o)
 .text          0x00434d78      0x1a8 /CMC/tools/altera/13.1/nios2eds/bin/gnu/H-i686-pc-linux-gnu/bin/../lib/gcc/nios2-elf/4.7.3/../../../../../H-i686-pc-linux-gnu/nios2-elf/lib/mno-hw-mul/libc.a(lib_a-makebuf.o)
                0x00434d78                __smakebuf_r
 .text          0x00434f20       0xdc /CMC/tools/altera/13.1/nios2eds/bin/gnu/H-i686-pc-linux-gnu/bin/../lib/gcc/nios2-elf/4.7.3/../../../../../H-i686-pc-linux-gnu/nios2-elf/lib/mno-hw-mul/libc.a(lib_a-memset.o)
                0x00434f20                memset
 .text          0x00434ffc      0x140 /CMC/tools/altera/13.1/nios2eds/bin/gnu/H-i686-pc-linux-gnu/bin/../lib/gcc/nios2-elf/4.7.3/../../../../../H-i686-pc-linux-gnu/nios2-elf/lib/mno-hw-mul/libc.a(lib_a-stdio.o)
                0x00434ffc                __sread
                0x00435050                __swrite
                0x004350d8                __sseek
                0x00435134                __sclose
 .text          0x0043513c       0x6c /CMC/tools/altera/13.1/nios2eds/bin/gnu/H-i686-pc-linux-gnu/bin/../lib/gcc/nios2-elf/4.7.3/../../../../../H-i686-pc-linux-gnu/nios2-elf/lib/mno-hw-mul/libc.a(lib_a-writer.o)
                0x0043513c                _write_r
 .text          0x004351a8       0x64 /CMC/tools/altera/13.1/nios2eds/bin/gnu/H-i686-pc-linux-gnu/bin/../lib/gcc/nios2-elf/4.7.3/../../../../../H-i686-pc-linux-gnu/nios2-elf/lib/mno-hw-mul/libc.a(lib_a-closer.o)
                0x004351a8                _close_r
 .text          0x0043520c      0x150 /CMC/tools/altera/13.1/nios2eds/bin/gnu/H-i686-pc-linux-gnu/bin/../lib/gcc/nios2-elf/4.7.3/../../../../../H-i686-pc-linux-gnu/nios2-elf/lib/mno-hw-mul/libc.a(lib_a-fclose.o)
                0x0043520c                _fclose_r
                0x00435348                fclose
 .text          0x0043535c       0x68 /CMC/tools/altera/13.1/nios2eds/bin/gnu/H-i686-pc-linux-gnu/bin/../lib/gcc/nios2-elf/4.7.3/../../../../../H-i686-pc-linux-gnu/nios2-elf/lib/mno-hw-mul/libc.a(lib_a-fstatr.o)
                0x0043535c                _fstat_r
 .text          0x004353c4       0x64 /CMC/tools/altera/13.1/nios2eds/bin/gnu/H-i686-pc-linux-gnu/bin/../lib/gcc/nios2-elf/4.7.3/../../../../../H-i686-pc-linux-gnu/nios2-elf/lib/mno-hw-mul/libc.a(lib_a-isattyr.o)
                0x004353c4                _isatty_r
 .text          0x00435428       0x6c /CMC/tools/altera/13.1/nios2eds/bin/gnu/H-i686-pc-linux-gnu/bin/../lib/gcc/nios2-elf/4.7.3/../../../../../H-i686-pc-linux-gnu/nios2-elf/lib/mno-hw-mul/libc.a(lib_a-lseekr.o)
                0x00435428                _lseek_r
 .text          0x00435494       0x6c /CMC/tools/altera/13.1/nios2eds/bin/gnu/H-i686-pc-linux-gnu/bin/../lib/gcc/nios2-elf/4.7.3/../../../../../H-i686-pc-linux-gnu/nios2-elf/lib/mno-hw-mul/libc.a(lib_a-readr.o)
                0x00435494                _read_r
 .text          0x00435500       0x28 /CMC/tools/altera/13.1/nios2eds/bin/gnu/H-i686-pc-linux-gnu/bin/../lib/gcc/nios2-elf/4.7.3/mno-hw-mul/libgcc.a(lib2-mul.o)
                0x00435500                __mulsi3
 .text          0x00435528      0x11c ../ucos1_bsp//libucosii_bsp.a(alt_close.o)
                0x00435578                close
 .text          0x00435644       0x2c ../ucos1_bsp//libucosii_bsp.a(alt_dev.o)
 .text          0x00435670        0x0 ../ucos1_bsp//libucosii_bsp.a(alt_errno.o)
 .text          0x00435670      0x100 ../ucos1_bsp//libucosii_bsp.a(alt_fstat.o)
                0x004356c0                fstat
 .text          0x00435770      0x230 ../ucos1_bsp//libucosii_bsp.a(alt_iic.o)
                0x00435770                alt_ic_isr_register
                0x004357c0                alt_ic_irq_enable
                0x00435888                alt_ic_irq_disable
                0x00435954                alt_ic_irq_enabled
 .text          0x004359a0      0x11c ../ucos1_bsp//libucosii_bsp.a(alt_iic_isr_register.o)
                0x004359a0                alt_iic_isr_register
 .text          0x00435abc        0x0 ../ucos1_bsp//libucosii_bsp.a(alt_irq_entry.o)
 .text          0x00435abc        0x0 ../ucos1_bsp//libucosii_bsp.a(alt_irq_handler.o)
 .text          0x00435abc        0x0 ../ucos1_bsp//libucosii_bsp.a(alt_irq_vars.o)
 .text          0x00435abc       0xf4 ../ucos1_bsp//libucosii_bsp.a(alt_isatty.o)
                0x00435b0c                isatty
 .text          0x00435bb0       0xec ../ucos1_bsp//libucosii_bsp.a(alt_load.o)
                0x00435c1c                alt_load
 .text          0x00435c9c      0x124 ../ucos1_bsp//libucosii_bsp.a(alt_lseek.o)
                0x00435cec                lseek
 .text          0x00435dc0       0xcc ../ucos1_bsp//libucosii_bsp.a(alt_main.o)
                0x00435dc0                alt_main
 .text          0x00435e8c      0x144 ../ucos1_bsp//libucosii_bsp.a(alt_read.o)
                0x00435edc                read
 .text          0x00435fd0       0x80 ../ucos1_bsp//libucosii_bsp.a(alt_release_fd.o)
                0x00435fd0                alt_release_fd
 .text          0x00436050      0x108 ../ucos1_bsp//libucosii_bsp.a(alt_sbrk.o)
                0x00436050                sbrk
 .text          0x00436158      0x140 ../ucos1_bsp//libucosii_bsp.a(alt_write.o)
                0x004361a8                write
 .text          0x00436298      0x118 ../ucos1_bsp//libucosii_bsp.a(alt_env_lock.o)
                0x00436298                __env_lock
                0x00436350                __env_unlock
 .text          0x004363b0      0x2c4 ../ucos1_bsp//libucosii_bsp.a(alt_malloc_lock.o)
                0x004363b0                __malloc_lock
                0x0043651c                __malloc_unlock
 .text          0x00436674     0x250c ../ucos1_bsp//libucosii_bsp.a(os_core.o)
                0x00436674                OSEventNameGet
                0x004367c0                OSEventNameSet
                0x0043695c                OSEventPendMulti
                0x00437074                OSInit
                0x004370c8                OSIntEnter
                0x00437170                OSIntExit
                0x0043732c                OSSchedLock
                0x004373e0                OSSchedUnlock
                0x00437568                OSStart
                0x004375d4                OSStatInit
                0x004376d8                OSTimeTick
                0x00437950                OSVersion
                0x00437970                OS_Dummy
                0x0043798c                OS_EventTaskRdy
                0x00437b24                OS_EventTaskWait
                0x00437c2c                OS_EventTaskWaitMulti
                0x00437d74                OS_EventTaskRemove
                0x00437e24                OS_EventTaskRemoveMulti
                0x00437f1c                OS_EventWaitListInit
                0x004382e8                OS_MemClr
                0x0043833c                OS_MemCopy
                0x004383a8                OS_Sched
                0x00438510                OS_StrCopy
                0x0043858c                OS_StrLen
                0x004385e0                OS_TaskIdle
                0x00438668                OS_TaskStat
                0x0043875c                OS_TaskStatStkChk
                0x00438824                OS_TCBInit
 .text          0x00438b80      0x18c ../ucos1_bsp//libucosii_bsp.a(os_dbg.o)
                0x00438b80                OSDebugInit
 .text          0x00438d0c     0x1e0c ../ucos1_bsp//libucosii_bsp.a(os_flag.o)
                0x00438d0c                OSFlagAccept
                0x004390f0                OSFlagCreate
                0x00439270                OSFlagDel
                0x00439590                OSFlagNameGet
                0x00439718                OSFlagNameSet
                0x004398f0                OSFlagPend
                0x0043a100                OSFlagPendGetFlagsRdy
                0x0043a194                OSFlagPost
                0x0043a5d8                OSFlagQuery
                0x0043a888                OS_FlagInit
                0x0043aa78                OS_FlagUnlink
 .text          0x0043ab18      0x91c ../ucos1_bsp//libucosii_bsp.a(os_mem.o)
                0x0043ab18                OSMemCreate
                0x0043ad38                OSMemGet
                0x0043ae80                OSMemNameGet
                0x0043afa4                OSMemNameSet
                0x0043b118                OSMemPut
                0x0043b248                OSMemQuery
                0x0043b35c                OS_MemInit
 .text          0x0043b434     0x1644 ../ucos1_bsp//libucosii_bsp.a(os_q.o)
                0x0043b434                OSQAccept
                0x0043b5a0                OSQCreate
                0x0043b81c                OSQDel
                0x0043bb9c                OSQFlush
                0x0043bc80                OSQPend
                0x0043c000                OSQPendAbort
                0x0043c1cc                OSQPost
                0x0043c3b8                OSQPostFront
                0x0043c5ac                OSQPostOpt
                0x0043c83c                OSQQuery
                0x0043c9cc                OS_QInit
 .text          0x0043ca78      0xde8 ../ucos1_bsp//libucosii_bsp.a(os_sem.o)
                0x0043ca78                OSSemAccept
                0x0043cb54                OSSemCreate
                0x0043cc80                OSSemDel
                0x0043cfa0                OSSemPend
                0x0043d290                OSSemPendAbort
                0x0043d45c                OSSemPost
                0x0043d5f0                OSSemQuery
                0x0043d734                OSSemSet
 .text          0x0043d860     0x2050 ../ucos1_bsp//libucosii_bsp.a(os_task.o)
                0x0043d860                OSTaskChangePrio
                0x0043de38                OSTaskCreate
                0x0043e0a4                OSTaskCreateExt
                0x0043e348                OSTaskDel
                0x0043e7d4                OSTaskDelReq
                0x0043e9dc                OSTaskNameGet
                0x0043ec08                OSTaskNameSet
                0x0043ee7c                OSTaskResume
                0x0043f178                OSTaskStkChk
                0x0043f3fc                OSTaskSuspend
                0x0043f690                OSTaskQuery
                0x0043f840                OS_TaskStkClr
 .text          0x0043f8b0      0x7a0 ../ucos1_bsp//libucosii_bsp.a(os_time.o)
                0x0043f8b0                OSTimeDly
                0x0043fa24                OSTimeDlyHMSM
                0x0043fc68                OSTimeDlyResume
                0x0043ff30                OSTimeGet
                0x0043ffc0                OSTimeSet
 .text          0x00440050      0x1f0 ../ucos1_bsp//libucosii_bsp.a(alt_sys_init.o)
                0x0044017c                alt_irq_init
                0x004401b0                alt_sys_init
 .text          0x00440240      0x164 ../ucos1_bsp//libucosii_bsp.a(altera_avalon_jtag_uart_fd.o)
                0x00440240                altera_avalon_jtag_uart_read_fd
                0x004402a0                altera_avalon_jtag_uart_write_fd
                0x00440300                altera_avalon_jtag_uart_close_fd
                0x00440350                altera_avalon_jtag_uart_ioctl_fd
 .text          0x004403a4      0x55c ../ucos1_bsp//libucosii_bsp.a(altera_avalon_jtag_uart_init.o)
                0x004403a4                altera_avalon_jtag_uart_init
                0x00440898                altera_avalon_jtag_uart_close
 .text          0x00440900       0xf4 ../ucos1_bsp//libucosii_bsp.a(altera_avalon_jtag_uart_ioctl.o)
                0x00440900                altera_avalon_jtag_uart_ioctl
 .text          0x004409f4      0x2f0 ../ucos1_bsp//libucosii_bsp.a(altera_avalon_jtag_uart_read.o)
                0x004409f4                altera_avalon_jtag_uart_read
 .text          0x00440ce4      0x2fc ../ucos1_bsp//libucosii_bsp.a(altera_avalon_jtag_uart_write.o)
                0x00440ce4                altera_avalon_jtag_uart_write
 .text          0x00440fe0      0x354 ../ucos1_bsp//libucosii_bsp.a(altera_avalon_mutex.o)
                0x004410ac                altera_avalon_mutex_open
                0x004410fc                altera_avalon_mutex_close
                0x00441120                altera_avalon_mutex_lock
                0x00441188                altera_avalon_mutex_trylock
                0x00441208                altera_avalon_mutex_unlock
                0x00441270                altera_avalon_mutex_is_mine
                0x004412e4                altera_avalon_mutex_first_lock
 .text          0x00441334      0x128 ../ucos1_bsp//libucosii_bsp.a(altera_avalon_timer_sc.o)
                0x004413d4                alt_avalon_timer_sc_init
 .text          0x0044145c      0x270 ../ucos1_bsp//libucosii_bsp.a(altera_avalon_timer_ts.o)
                0x0044145c                alt_timestamp_start
                0x00441504                alt_timestamp
                0x004416a4                alt_timestamp_freq
 .text          0x004416cc        0x0 ../ucos1_bsp//libucosii_bsp.a(altera_avalon_timer_vars.o)
 .text          0x004416cc      0x16c ../ucos1_bsp//libucosii_bsp.a(alt_alarm_start.o)
                0x004416cc                alt_alarm_start
 .text          0x00441838       0x1c ../ucos1_bsp//libucosii_bsp.a(alt_dcache_flush_all.o)
                0x00441838                alt_dcache_flush_all
 .text          0x00441854       0xf0 ../ucos1_bsp//libucosii_bsp.a(alt_dev_llist_insert.o)
                0x004418a4                alt_dev_llist_insert
 .text          0x00441944       0x5c ../ucos1_bsp//libucosii_bsp.a(alt_do_ctors.o)
                0x00441944                _do_ctors
 .text          0x004419a0       0x5c ../ucos1_bsp//libucosii_bsp.a(alt_do_dtors.o)
                0x004419a0                _do_dtors
 .text          0x004419fc        0x0 ../ucos1_bsp//libucosii_bsp.a(alt_exception_entry.o)
 .text          0x004419fc       0x90 ../ucos1_bsp//libucosii_bsp.a(alt_find_dev.o)
                0x004419fc                alt_find_dev
 .text          0x00441a8c       0x30 ../ucos1_bsp//libucosii_bsp.a(alt_icache_flush_all.o)
                0x00441a8c                alt_icache_flush_all
 .text          0x00441abc      0x158 ../ucos1_bsp//libucosii_bsp.a(alt_io_redirect.o)
                0x00441b9c                alt_io_redirect
 .text          0x00441c14      0x298 ../ucos1_bsp//libucosii_bsp.a(alt_open.o)
                0x00441d54                open
 .text          0x00441eac      0x1c8 ../ucos1_bsp//libucosii_bsp.a(alt_tick.o)
                0x00441eac                alt_alarm_stop
                0x00441f70                alt_tick
 .text          0x00442074       0x20 ../ucos1_bsp//libucosii_bsp.a(altera_nios2_qsys_irq.o)
                0x00442074                altera_nios2_qsys_irq_init
 .text          0x00442094       0xd0 ../ucos1_bsp//libucosii_bsp.a(os_cpu_a.o)
                0x00442094                OSCtxSw
                0x00442094                OSIntCtxSw
                0x00442120                OSStartHighRdy
                0x00442140                OSStartTsk
 .text          0x00442164      0x3fc ../ucos1_bsp//libucosii_bsp.a(os_cpu_c.o)
                0x00442164                OSTaskStkInit
                0x00442458                OSTaskCreateHook
                0x00442478                OSTaskDelHook
                0x00442498                OSTaskSwHook
                0x004424b4                OSTaskStatHook
                0x004424d0                OSTimeTickHook
                0x004424ec                OSInitHookBegin
                0x00442508                OSInitHookEnd
                0x00442524                OSTaskIdleHook
                0x00442540                OSTCBInitHook
 .text          0x00442560      0x114 ../ucos1_bsp//libucosii_bsp.a(alt_find_file.o)
                0x00442560                alt_find_file
 .text          0x00442674      0x114 ../ucos1_bsp//libucosii_bsp.a(alt_get_fd.o)
                0x00442674                alt_get_fd
 .text          0x00442788       0x8c ../ucos1_bsp//libucosii_bsp.a(alt_icache_flush.o)
                0x00442788                alt_icache_flush
 .text          0x00442814       0x14 /CMC/tools/altera/13.1/nios2eds/bin/gnu/H-i686-pc-linux-gnu/bin/../lib/gcc/nios2-elf/4.7.3/../../../../../H-i686-pc-linux-gnu/nios2-elf/lib/mno-hw-mul/libc.a(lib_a-atexit.o)
                0x00442814                atexit
 .text          0x00442828       0x38 /CMC/tools/altera/13.1/nios2eds/bin/gnu/H-i686-pc-linux-gnu/bin/../lib/gcc/nios2-elf/4.7.3/../../../../../H-i686-pc-linux-gnu/nios2-elf/lib/mno-hw-mul/libc.a(lib_a-exit.o)
                0x00442828                exit
 .text          0x00442860       0x7c /CMC/tools/altera/13.1/nios2eds/bin/gnu/H-i686-pc-linux-gnu/bin/../lib/gcc/nios2-elf/4.7.3/../../../../../H-i686-pc-linux-gnu/nios2-elf/lib/mno-hw-mul/libc.a(lib_a-memcmp.o)
                0x00442860                memcmp
 .text          0x004428dc      0x130 /CMC/tools/altera/13.1/nios2eds/bin/gnu/H-i686-pc-linux-gnu/bin/../lib/gcc/nios2-elf/4.7.3/../../../../../H-i686-pc-linux-gnu/nios2-elf/lib/mno-hw-mul/libc.a(lib_a-__atexit.o)
                0x004428dc                __register_exitproc
 .text          0x00442a0c      0x1a0 /CMC/tools/altera/13.1/nios2eds/bin/gnu/H-i686-pc-linux-gnu/bin/../lib/gcc/nios2-elf/4.7.3/../../../../../H-i686-pc-linux-gnu/nios2-elf/lib/mno-hw-mul/libc.a(lib_a-__call_atexit.o)
                0x00442a0c                __call_exitprocs
 .text          0x00442bac       0x84 /CMC/tools/altera/13.1/nios2eds/bin/gnu/H-i686-pc-linux-gnu/bin/../lib/gcc/nios2-elf/4.7.3/mno-hw-mul/libgcc.a(_fixunsdfsi.o)
                0x00442bac                __fixunsdfsi
 .text          0x00442c30      0x408 /CMC/tools/altera/13.1/nios2eds/bin/gnu/H-i686-pc-linux-gnu/bin/../lib/gcc/nios2-elf/4.7.3/mno-hw-mul/libgcc.a(_addsub_df.o)
                0x00442f84                __adddf3
                0x00442fd8                __subdf3
 .text          0x00443038      0x2e4 /CMC/tools/altera/13.1/nios2eds/bin/gnu/H-i686-pc-linux-gnu/bin/../lib/gcc/nios2-elf/4.7.3/mno-hw-mul/libgcc.a(_mul_df.o)
                0x00443038                __muldf3
 .text          0x0044331c      0x1b4 /CMC/tools/altera/13.1/nios2eds/bin/gnu/H-i686-pc-linux-gnu/bin/../lib/gcc/nios2-elf/4.7.3/mno-hw-mul/libgcc.a(_div_df.o)
                0x0044331c                __divdf3
 .text          0x004434d0       0x64 /CMC/tools/altera/13.1/nios2eds/bin/gnu/H-i686-pc-linux-gnu/bin/../lib/gcc/nios2-elf/4.7.3/mno-hw-mul/libgcc.a(_ge_df.o)
                0x004434d0                __gedf2
 .text          0x00443534       0xd4 /CMC/tools/altera/13.1/nios2eds/bin/gnu/H-i686-pc-linux-gnu/bin/../lib/gcc/nios2-elf/4.7.3/mno-hw-mul/libgcc.a(_df_to_si.o)
                0x00443534                __fixdfsi
 .text          0x00443608        0x0 /CMC/tools/altera/13.1/nios2eds/bin/gnu/H-i686-pc-linux-gnu/bin/../lib/gcc/nios2-elf/4.7.3/mno-hw-mul/libgcc.a(_thenan_df.o)
 .text          0x00443608      0x11c /CMC/tools/altera/13.1/nios2eds/bin/gnu/H-i686-pc-linux-gnu/bin/../lib/gcc/nios2-elf/4.7.3/mno-hw-mul/libgcc.a(_usi_to_df.o)
                0x00443608                __floatunsidf
 .text          0x00443724      0x130 /CMC/tools/altera/13.1/nios2eds/bin/gnu/H-i686-pc-linux-gnu/bin/../lib/gcc/nios2-elf/4.7.3/mno-hw-mul/libgcc.a(lib2-divmod.o)
                0x00443798                __divsi3
                0x004437e8                __modsi3
                0x00443844                __udivsi3
                0x0044384c                __umodsi3
 .text          0x00443854      0x110 /CMC/tools/altera/13.1/nios2eds/bin/gnu/H-i686-pc-linux-gnu/bin/../lib/gcc/nios2-elf/4.7.3/mno-hw-mul/libgcc.a(_muldi3.o)
                0x00443854                __muldi3
 .text          0x00443964       0xac /CMC/tools/altera/13.1/nios2eds/bin/gnu/H-i686-pc-linux-gnu/bin/../lib/gcc/nios2-elf/4.7.3/mno-hw-mul/libgcc.a(_clzsi2.o)
                0x00443964                __clzsi2
 .text          0x00443a10      0x224 /CMC/tools/altera/13.1/nios2eds/bin/gnu/H-i686-pc-linux-gnu/bin/../lib/gcc/nios2-elf/4.7.3/mno-hw-mul/libgcc.a(_pack_df.o)
                0x00443a10                __pack_d
 .text          0x00443c34      0x104 /CMC/tools/altera/13.1/nios2eds/bin/gnu/H-i686-pc-linux-gnu/bin/../lib/gcc/nios2-elf/4.7.3/mno-hw-mul/libgcc.a(_unpack_df.o)
                0x00443c34                __unpack_d
 .text          0x00443d38       0xd0 /CMC/tools/altera/13.1/nios2eds/bin/gnu/H-i686-pc-linux-gnu/bin/../lib/gcc/nios2-elf/4.7.3/mno-hw-mul/libgcc.a(_fpcmp_parts_df.o)
                0x00443d38                __fpcmp_parts_d
 .text          0x00443e08       0x44 /CMC/tools/altera/13.1/nios2eds/bin/gnu/H-i686-pc-linux-gnu/bin/../lib/gcc/nios2-elf/4.7.3/mno-hw-mul/libgcc.a(_lshrdi3.o)
                0x00443e08                __lshrdi3
 .text          0x00443e4c       0x44 /CMC/tools/altera/13.1/nios2eds/bin/gnu/H-i686-pc-linux-gnu/bin/../lib/gcc/nios2-elf/4.7.3/mno-hw-mul/libgcc.a(_ashldi3.o)
                0x00443e4c                __ashldi3
 .text          0x00443e90        0x0 /CMC/tools/altera/13.1/nios2eds/bin/gnu/H-i686-pc-linux-gnu/bin/../lib/gcc/nios2-elf/4.7.3/mno-hw-mul/libgcc.a(_clz.o)
 .text          0x00443e90       0x44 ../ucos1_bsp//libucosii_bsp.a(alt_exit.o)
                0x00443e90                _exit
 *(.gnu.warning.*)
 *(.fini)
                0x00443ed4                PROVIDE (__etext, ABSOLUTE (.))
                0x00443ed4                PROVIDE (_etext, ABSOLUTE (.))
                0x00443ed4                PROVIDE (etext, ABSOLUTE (.))
 *(.eh_frame_hdr)
                0x00443ed4                . = ALIGN (0x4)
                0x00443ed4                PROVIDE (__preinit_array_start, ABSOLUTE (.))
 *(.preinit_array)
                0x00443ed4                PROVIDE (__preinit_array_end, ABSOLUTE (.))
                0x00443ed4                PROVIDE (__init_array_start, ABSOLUTE (.))
 *(.init_array)
                0x00443ed4                PROVIDE (__init_array_end, ABSOLUTE (.))
                0x00443ed4                PROVIDE (__fini_array_start, ABSOLUTE (.))
 *(.fini_array)
                0x00443ed4                PROVIDE (__fini_array_end, ABSOLUTE (.))
 *(.eh_frame)
 *(.gcc_except_table .gcc_except_table.*)
 *(.dynamic)
                0x00443ed4                PROVIDE (__CTOR_LIST__, ABSOLUTE (.))
 *(.ctors)
 *(SORT(.ctors.*))
                0x00443ed4                PROVIDE (__CTOR_END__, ABSOLUTE (.))
                0x00443ed4                PROVIDE (__DTOR_LIST__, ABSOLUTE (.))
 *(.dtors)
 *(SORT(.dtors.*))
                0x00443ed4                PROVIDE (__DTOR_END__, ABSOLUTE (.))
 *(.jcr)
                0x00443ed4                . = ALIGN (0x4)

.rodata         0x00443ed4      0x2d8
                0x00443ed4                PROVIDE (__ram_rodata_start, ABSOLUTE (.))
                0x00443ed4                . = ALIGN (0x4)
 *(.rodata .rodata.* .gnu.linkonce.r.*)
 .rodata        0x00443ed4       0x44 obj/default/hello_ucosii_1.o
 .rodata.str1.4
                0x00443f18        0x2 /CMC/tools/altera/13.1/nios2eds/bin/gnu/H-i686-pc-linux-gnu/bin/../lib/gcc/nios2-elf/4.7.3/../../../../../H-i686-pc-linux-gnu/nios2-elf/lib/mno-hw-mul/libc.a(lib_a-puts.o)
                                  0x4 (size before relaxing)
 *fill*         0x00443f1a        0x2 
 .rodata.str1.4
                0x00443f1c        0x4 /CMC/tools/altera/13.1/nios2eds/bin/gnu/H-i686-pc-linux-gnu/bin/../lib/gcc/nios2-elf/4.7.3/../../../../../H-i686-pc-linux-gnu/nios2-elf/lib/mno-hw-mul/libc.a(lib_a-impure.o)
 .rodata        0x00443f20        0xc ../ucos1_bsp//libucosii_bsp.a(alt_dev.o)
 .rodata        0x00443f2c       0x1c ../ucos1_bsp//libucosii_bsp.a(alt_main.o)
 .rodata        0x00443f48      0x120 ../ucos1_bsp//libucosii_bsp.a(os_core.o)
                0x00443f48                OSUnMapTbl
 .rodata        0x00444068       0x2c ../ucos1_bsp//libucosii_bsp.a(alt_sys_init.o)
 .rodata        0x00444094        0x4 ../ucos1_bsp//libucosii_bsp.a(os_cpu_c.o)
 .rodata        0x00444098       0x14 /CMC/tools/altera/13.1/nios2eds/bin/gnu/H-i686-pc-linux-gnu/bin/../lib/gcc/nios2-elf/4.7.3/mno-hw-mul/libgcc.a(_thenan_df.o)
                0x00444098                __thenan_df
 .rodata        0x004440ac      0x100 /CMC/tools/altera/13.1/nios2eds/bin/gnu/H-i686-pc-linux-gnu/bin/../lib/gcc/nios2-elf/4.7.3/mno-hw-mul/libgcc.a(_clz.o)
                0x004440ac                __clz_tab
 *(.rodata1)
                0x004441ac                . = ALIGN (0x4)
                0x004441ac                PROVIDE (__ram_rodata_end, ABSOLUTE (.))
                0x00443ed4                PROVIDE (__flash_rodata_start, LOADADDR (.rodata))

.rwdata         0x004441ac     0x1b04 load address 0x00445cb0
                0x004441ac                PROVIDE (__ram_rwdata_start, ABSOLUTE (.))
                0x004441ac                . = ALIGN (0x4)
 *(.got.plt)
 *(.got)
 *(.data1)
 *(.data .data.* .gnu.linkonce.d.*)
 .data          0x004441ac        0x0 ../ucos1_bsp//obj/HAL/src/crt0.o
 .data          0x004441ac        0x0 obj/default/hello_ucosii_1.o
 .data          0x004441ac        0x0 obj/default/tlb.o
 .data          0x004441ac        0x0 ../critical_library/libcritical_library.a(fingerprint.o)
 .data          0x004441ac        0x0 ../critical_library/libcritical_library.a(context_switch.o)
 .data          0x004441ac        0x0 ../critical_library/libcritical_library.a(gp.o)
 .data          0x004441ac        0x0 /CMC/tools/altera/13.1/nios2eds/bin/gnu/H-i686-pc-linux-gnu/bin/../lib/gcc/nios2-elf/4.7.3/../../../../../H-i686-pc-linux-gnu/nios2-elf/lib/mno-hw-mul/libc.a(lib_a-puts.o)
 .data          0x004441ac        0x0 /CMC/tools/altera/13.1/nios2eds/bin/gnu/H-i686-pc-linux-gnu/bin/../lib/gcc/nios2-elf/4.7.3/../../../../../H-i686-pc-linux-gnu/nios2-elf/lib/mno-hw-mul/libc.a(lib_a-strlen.o)
 .data          0x004441ac        0x0 /CMC/tools/altera/13.1/nios2eds/bin/gnu/H-i686-pc-linux-gnu/bin/../lib/gcc/nios2-elf/4.7.3/../../../../../H-i686-pc-linux-gnu/nios2-elf/lib/mno-hw-mul/libc.a(lib_a-fvwrite.o)
 .data          0x004441ac      0x400 /CMC/tools/altera/13.1/nios2eds/bin/gnu/H-i686-pc-linux-gnu/bin/../lib/gcc/nios2-elf/4.7.3/../../../../../H-i686-pc-linux-gnu/nios2-elf/lib/mno-hw-mul/libc.a(lib_a-impure.o)
 .data          0x004445ac      0x408 /CMC/tools/altera/13.1/nios2eds/bin/gnu/H-i686-pc-linux-gnu/bin/../lib/gcc/nios2-elf/4.7.3/../../../../../H-i686-pc-linux-gnu/nios2-elf/lib/mno-hw-mul/libc.a(lib_a-mallocr.o)
                0x004445ac                __malloc_av_
 .data          0x004449b4        0x0 /CMC/tools/altera/13.1/nios2eds/bin/gnu/H-i686-pc-linux-gnu/bin/../lib/gcc/nios2-elf/4.7.3/../../../../../H-i686-pc-linux-gnu/nios2-elf/lib/mno-hw-mul/libc.a(lib_a-memchr.o)
 .data          0x004449b4        0x0 /CMC/tools/altera/13.1/nios2eds/bin/gnu/H-i686-pc-linux-gnu/bin/../lib/gcc/nios2-elf/4.7.3/../../../../../H-i686-pc-linux-gnu/nios2-elf/lib/mno-hw-mul/libc.a(lib_a-memcpy.o)
 .data          0x004449b4        0x0 /CMC/tools/altera/13.1/nios2eds/bin/gnu/H-i686-pc-linux-gnu/bin/../lib/gcc/nios2-elf/4.7.3/../../../../../H-i686-pc-linux-gnu/nios2-elf/lib/mno-hw-mul/libc.a(lib_a-memmove.o)
 .data          0x004449b4        0x0 /CMC/tools/altera/13.1/nios2eds/bin/gnu/H-i686-pc-linux-gnu/bin/../lib/gcc/nios2-elf/4.7.3/../../../../../H-i686-pc-linux-gnu/nios2-elf/lib/mno-hw-mul/libc.a(lib_a-reallocr.o)
 .data          0x004449b4        0x0 /CMC/tools/altera/13.1/nios2eds/bin/gnu/H-i686-pc-linux-gnu/bin/../lib/gcc/nios2-elf/4.7.3/../../../../../H-i686-pc-linux-gnu/nios2-elf/lib/mno-hw-mul/libc.a(lib_a-sbrkr.o)
 .data          0x004449b4        0x0 /CMC/tools/altera/13.1/nios2eds/bin/gnu/H-i686-pc-linux-gnu/bin/../lib/gcc/nios2-elf/4.7.3/../../../../../H-i686-pc-linux-gnu/nios2-elf/lib/mno-hw-mul/libc.a(lib_a-wsetup.o)
 .data          0x004449b4        0x0 /CMC/tools/altera/13.1/nios2eds/bin/gnu/H-i686-pc-linux-gnu/bin/../lib/gcc/nios2-elf/4.7.3/../../../../../H-i686-pc-linux-gnu/nios2-elf/lib/mno-hw-mul/libc.a(lib_a-fflush.o)
 .data          0x004449b4        0x0 /CMC/tools/altera/13.1/nios2eds/bin/gnu/H-i686-pc-linux-gnu/bin/../lib/gcc/nios2-elf/4.7.3/../../../../../H-i686-pc-linux-gnu/nios2-elf/lib/mno-hw-mul/libc.a(lib_a-findfp.o)
 .data          0x004449b4        0x0 /CMC/tools/altera/13.1/nios2eds/bin/gnu/H-i686-pc-linux-gnu/bin/../lib/gcc/nios2-elf/4.7.3/../../../../../H-i686-pc-linux-gnu/nios2-elf/lib/mno-hw-mul/libc.a(lib_a-freer.o)
 .data          0x004449b4        0x0 /CMC/tools/altera/13.1/nios2eds/bin/gnu/H-i686-pc-linux-gnu/bin/../lib/gcc/nios2-elf/4.7.3/../../../../../H-i686-pc-linux-gnu/nios2-elf/lib/mno-hw-mul/libc.a(lib_a-fwalk.o)
 .data          0x004449b4        0x0 /CMC/tools/altera/13.1/nios2eds/bin/gnu/H-i686-pc-linux-gnu/bin/../lib/gcc/nios2-elf/4.7.3/../../../../../H-i686-pc-linux-gnu/nios2-elf/lib/mno-hw-mul/libc.a(lib_a-int_errno.o)
 .data          0x004449b4        0x0 /CMC/tools/altera/13.1/nios2eds/bin/gnu/H-i686-pc-linux-gnu/bin/../lib/gcc/nios2-elf/4.7.3/../../../../../H-i686-pc-linux-gnu/nios2-elf/lib/mno-hw-mul/libc.a(lib_a-makebuf.o)
 .data          0x004449b4        0x0 /CMC/tools/altera/13.1/nios2eds/bin/gnu/H-i686-pc-linux-gnu/bin/../lib/gcc/nios2-elf/4.7.3/../../../../../H-i686-pc-linux-gnu/nios2-elf/lib/mno-hw-mul/libc.a(lib_a-memset.o)
 .data          0x004449b4        0x0 /CMC/tools/altera/13.1/nios2eds/bin/gnu/H-i686-pc-linux-gnu/bin/../lib/gcc/nios2-elf/4.7.3/../../../../../H-i686-pc-linux-gnu/nios2-elf/lib/mno-hw-mul/libc.a(lib_a-stdio.o)
 .data          0x004449b4        0x0 /CMC/tools/altera/13.1/nios2eds/bin/gnu/H-i686-pc-linux-gnu/bin/../lib/gcc/nios2-elf/4.7.3/../../../../../H-i686-pc-linux-gnu/nios2-elf/lib/mno-hw-mul/libc.a(lib_a-writer.o)
 .data          0x004449b4        0x0 /CMC/tools/altera/13.1/nios2eds/bin/gnu/H-i686-pc-linux-gnu/bin/../lib/gcc/nios2-elf/4.7.3/../../../../../H-i686-pc-linux-gnu/nios2-elf/lib/mno-hw-mul/libc.a(lib_a-closer.o)
 .data          0x004449b4        0x0 /CMC/tools/altera/13.1/nios2eds/bin/gnu/H-i686-pc-linux-gnu/bin/../lib/gcc/nios2-elf/4.7.3/../../../../../H-i686-pc-linux-gnu/nios2-elf/lib/mno-hw-mul/libc.a(lib_a-fclose.o)
 .data          0x004449b4        0x0 /CMC/tools/altera/13.1/nios2eds/bin/gnu/H-i686-pc-linux-gnu/bin/../lib/gcc/nios2-elf/4.7.3/../../../../../H-i686-pc-linux-gnu/nios2-elf/lib/mno-hw-mul/libc.a(lib_a-fstatr.o)
 .data          0x004449b4        0x0 /CMC/tools/altera/13.1/nios2eds/bin/gnu/H-i686-pc-linux-gnu/bin/../lib/gcc/nios2-elf/4.7.3/../../../../../H-i686-pc-linux-gnu/nios2-elf/lib/mno-hw-mul/libc.a(lib_a-isattyr.o)
 .data          0x004449b4        0x0 /CMC/tools/altera/13.1/nios2eds/bin/gnu/H-i686-pc-linux-gnu/bin/../lib/gcc/nios2-elf/4.7.3/../../../../../H-i686-pc-linux-gnu/nios2-elf/lib/mno-hw-mul/libc.a(lib_a-lseekr.o)
 .data          0x004449b4        0x0 /CMC/tools/altera/13.1/nios2eds/bin/gnu/H-i686-pc-linux-gnu/bin/../lib/gcc/nios2-elf/4.7.3/../../../../../H-i686-pc-linux-gnu/nios2-elf/lib/mno-hw-mul/libc.a(lib_a-readr.o)
 .data          0x004449b4        0x0 /CMC/tools/altera/13.1/nios2eds/bin/gnu/H-i686-pc-linux-gnu/bin/../lib/gcc/nios2-elf/4.7.3/mno-hw-mul/libgcc.a(lib2-mul.o)
 .data          0x004449b4        0x0 ../ucos1_bsp//libucosii_bsp.a(alt_close.o)
 .data          0x004449b4      0x1a8 ../ucos1_bsp//libucosii_bsp.a(alt_dev.o)
                0x004449b4                alt_dev_null
                0x004449dc                alt_fd_list
 .data          0x00444b5c        0x0 ../ucos1_bsp//libucosii_bsp.a(alt_errno.o)
 .data          0x00444b5c        0x0 ../ucos1_bsp//libucosii_bsp.a(alt_fstat.o)
 .data          0x00444b5c        0x0 ../ucos1_bsp//libucosii_bsp.a(alt_iic.o)
 .data          0x00444b5c        0x0 ../ucos1_bsp//libucosii_bsp.a(alt_iic_isr_register.o)
 .data          0x00444b5c        0x0 ../ucos1_bsp//libucosii_bsp.a(alt_irq_entry.o)
 .data          0x00444b5c        0x0 ../ucos1_bsp//libucosii_bsp.a(alt_irq_handler.o)
 .data          0x00444b5c        0x0 ../ucos1_bsp//libucosii_bsp.a(alt_irq_vars.o)
 .data          0x00444b5c        0x0 ../ucos1_bsp//libucosii_bsp.a(alt_isatty.o)
 .data          0x00444b5c        0x0 ../ucos1_bsp//libucosii_bsp.a(alt_load.o)
 .data          0x00444b5c        0x0 ../ucos1_bsp//libucosii_bsp.a(alt_lseek.o)
 .data          0x00444b5c        0x0 ../ucos1_bsp//libucosii_bsp.a(alt_main.o)
 .data          0x00444b5c        0x0 ../ucos1_bsp//libucosii_bsp.a(alt_read.o)
 .data          0x00444b5c        0x0 ../ucos1_bsp//libucosii_bsp.a(alt_release_fd.o)
 .data          0x00444b5c        0x0 ../ucos1_bsp//libucosii_bsp.a(alt_sbrk.o)
 .data          0x00444b5c        0x0 ../ucos1_bsp//libucosii_bsp.a(alt_write.o)
 .data          0x00444b5c        0x0 ../ucos1_bsp//libucosii_bsp.a(alt_env_lock.o)
 .data          0x00444b5c        0x0 ../ucos1_bsp//libucosii_bsp.a(alt_malloc_lock.o)
 .data          0x00444b5c        0x0 ../ucos1_bsp//libucosii_bsp.a(os_core.o)
 .data          0x00444b5c        0x0 ../ucos1_bsp//libucosii_bsp.a(os_dbg.o)
 .data          0x00444b5c        0x0 ../ucos1_bsp//libucosii_bsp.a(os_flag.o)
 .data          0x00444b5c        0x0 ../ucos1_bsp//libucosii_bsp.a(os_mem.o)
 .data          0x00444b5c        0x0 ../ucos1_bsp//libucosii_bsp.a(os_q.o)
 .data          0x00444b5c        0x0 ../ucos1_bsp//libucosii_bsp.a(os_sem.o)
 .data          0x00444b5c        0x0 ../ucos1_bsp//libucosii_bsp.a(os_task.o)
 .data          0x00444b5c        0x0 ../ucos1_bsp//libucosii_bsp.a(os_time.o)
 .data          0x00444b5c     0x1080 ../ucos1_bsp//libucosii_bsp.a(alt_sys_init.o)
 .data          0x00445bdc        0x0 ../ucos1_bsp//libucosii_bsp.a(altera_avalon_jtag_uart_fd.o)
 .data          0x00445bdc        0x0 ../ucos1_bsp//libucosii_bsp.a(altera_avalon_jtag_uart_init.o)
 .data          0x00445bdc        0x0 ../ucos1_bsp//libucosii_bsp.a(altera_avalon_jtag_uart_ioctl.o)
 .data          0x00445bdc        0x0 ../ucos1_bsp//libucosii_bsp.a(altera_avalon_jtag_uart_read.o)
 .data          0x00445bdc        0x0 ../ucos1_bsp//libucosii_bsp.a(altera_avalon_jtag_uart_write.o)
 .data          0x00445bdc        0x0 ../ucos1_bsp//libucosii_bsp.a(altera_avalon_mutex.o)
 .data          0x00445bdc        0x0 ../ucos1_bsp//libucosii_bsp.a(altera_avalon_timer_sc.o)
 .data          0x00445bdc        0x0 ../ucos1_bsp//libucosii_bsp.a(altera_avalon_timer_ts.o)
 .data          0x00445bdc        0x0 ../ucos1_bsp//libucosii_bsp.a(altera_avalon_timer_vars.o)
 .data          0x00445bdc        0x0 ../ucos1_bsp//libucosii_bsp.a(alt_alarm_start.o)
 .data          0x00445bdc        0x0 ../ucos1_bsp//libucosii_bsp.a(alt_dcache_flush_all.o)
 .data          0x00445bdc        0x0 ../ucos1_bsp//libucosii_bsp.a(alt_dev_llist_insert.o)
 .data          0x00445bdc        0x0 ../ucos1_bsp//libucosii_bsp.a(alt_do_ctors.o)
 .data          0x00445bdc        0x0 ../ucos1_bsp//libucosii_bsp.a(alt_do_dtors.o)
 .data          0x00445bdc        0x0 ../ucos1_bsp//libucosii_bsp.a(alt_exception_entry.o)
 .data          0x00445bdc        0x0 ../ucos1_bsp//libucosii_bsp.a(alt_find_dev.o)
 .data          0x00445bdc        0x0 ../ucos1_bsp//libucosii_bsp.a(alt_icache_flush_all.o)
 .data          0x00445bdc        0x0 ../ucos1_bsp//libucosii_bsp.a(alt_io_redirect.o)
 .data          0x00445bdc        0x0 ../ucos1_bsp//libucosii_bsp.a(alt_open.o)
 .data          0x00445bdc        0x0 ../ucos1_bsp//libucosii_bsp.a(alt_tick.o)
 .data          0x00445bdc        0x0 ../ucos1_bsp//libucosii_bsp.a(altera_nios2_qsys_irq.o)
 .data          0x00445bdc        0x0 ../ucos1_bsp//libucosii_bsp.a(os_cpu_a.o)
 .data          0x00445bdc        0x0 ../ucos1_bsp//libucosii_bsp.a(os_cpu_c.o)
 .data          0x00445bdc        0x0 ../ucos1_bsp//libucosii_bsp.a(alt_find_file.o)
 .data          0x00445bdc        0x0 ../ucos1_bsp//libucosii_bsp.a(alt_get_fd.o)
 .data          0x00445bdc        0x0 ../ucos1_bsp//libucosii_bsp.a(alt_icache_flush.o)
 .data          0x00445bdc        0x0 /CMC/tools/altera/13.1/nios2eds/bin/gnu/H-i686-pc-linux-gnu/bin/../lib/gcc/nios2-elf/4.7.3/../../../../../H-i686-pc-linux-gnu/nios2-elf/lib/mno-hw-mul/libc.a(lib_a-atexit.o)
 .data          0x00445bdc        0x0 /CMC/tools/altera/13.1/nios2eds/bin/gnu/H-i686-pc-linux-gnu/bin/../lib/gcc/nios2-elf/4.7.3/../../../../../H-i686-pc-linux-gnu/nios2-elf/lib/mno-hw-mul/libc.a(lib_a-exit.o)
 .data          0x00445bdc        0x0 /CMC/tools/altera/13.1/nios2eds/bin/gnu/H-i686-pc-linux-gnu/bin/../lib/gcc/nios2-elf/4.7.3/../../../../../H-i686-pc-linux-gnu/nios2-elf/lib/mno-hw-mul/libc.a(lib_a-memcmp.o)
 .data          0x00445bdc        0x0 /CMC/tools/altera/13.1/nios2eds/bin/gnu/H-i686-pc-linux-gnu/bin/../lib/gcc/nios2-elf/4.7.3/../../../../../H-i686-pc-linux-gnu/nios2-elf/lib/mno-hw-mul/libc.a(lib_a-__atexit.o)
 .data          0x00445bdc        0x0 /CMC/tools/altera/13.1/nios2eds/bin/gnu/H-i686-pc-linux-gnu/bin/../lib/gcc/nios2-elf/4.7.3/../../../../../H-i686-pc-linux-gnu/nios2-elf/lib/mno-hw-mul/libc.a(lib_a-__call_atexit.o)
 .data          0x00445bdc        0x0 /CMC/tools/altera/13.1/nios2eds/bin/gnu/H-i686-pc-linux-gnu/bin/../lib/gcc/nios2-elf/4.7.3/mno-hw-mul/libgcc.a(_fixunsdfsi.o)
 .data          0x00445bdc        0x0 /CMC/tools/altera/13.1/nios2eds/bin/gnu/H-i686-pc-linux-gnu/bin/../lib/gcc/nios2-elf/4.7.3/mno-hw-mul/libgcc.a(_addsub_df.o)
 .data          0x00445bdc        0x0 /CMC/tools/altera/13.1/nios2eds/bin/gnu/H-i686-pc-linux-gnu/bin/../lib/gcc/nios2-elf/4.7.3/mno-hw-mul/libgcc.a(_mul_df.o)
 .data          0x00445bdc        0x0 /CMC/tools/altera/13.1/nios2eds/bin/gnu/H-i686-pc-linux-gnu/bin/../lib/gcc/nios2-elf/4.7.3/mno-hw-mul/libgcc.a(_div_df.o)
 .data          0x00445bdc        0x0 /CMC/tools/altera/13.1/nios2eds/bin/gnu/H-i686-pc-linux-gnu/bin/../lib/gcc/nios2-elf/4.7.3/mno-hw-mul/libgcc.a(_ge_df.o)
 .data          0x00445bdc        0x0 /CMC/tools/altera/13.1/nios2eds/bin/gnu/H-i686-pc-linux-gnu/bin/../lib/gcc/nios2-elf/4.7.3/mno-hw-mul/libgcc.a(_df_to_si.o)
 .data          0x00445bdc        0x0 /CMC/tools/altera/13.1/nios2eds/bin/gnu/H-i686-pc-linux-gnu/bin/../lib/gcc/nios2-elf/4.7.3/mno-hw-mul/libgcc.a(_thenan_df.o)
 .data          0x00445bdc        0x0 /CMC/tools/altera/13.1/nios2eds/bin/gnu/H-i686-pc-linux-gnu/bin/../lib/gcc/nios2-elf/4.7.3/mno-hw-mul/libgcc.a(_usi_to_df.o)
 .data          0x00445bdc        0x0 /CMC/tools/altera/13.1/nios2eds/bin/gnu/H-i686-pc-linux-gnu/bin/../lib/gcc/nios2-elf/4.7.3/mno-hw-mul/libgcc.a(lib2-divmod.o)
 .data          0x00445bdc        0x0 /CMC/tools/altera/13.1/nios2eds/bin/gnu/H-i686-pc-linux-gnu/bin/../lib/gcc/nios2-elf/4.7.3/mno-hw-mul/libgcc.a(_muldi3.o)
 .data          0x00445bdc        0x0 /CMC/tools/altera/13.1/nios2eds/bin/gnu/H-i686-pc-linux-gnu/bin/../lib/gcc/nios2-elf/4.7.3/mno-hw-mul/libgcc.a(_clzsi2.o)
 .data          0x00445bdc        0x0 /CMC/tools/altera/13.1/nios2eds/bin/gnu/H-i686-pc-linux-gnu/bin/../lib/gcc/nios2-elf/4.7.3/mno-hw-mul/libgcc.a(_pack_df.o)
 .data          0x00445bdc        0x0 /CMC/tools/altera/13.1/nios2eds/bin/gnu/H-i686-pc-linux-gnu/bin/../lib/gcc/nios2-elf/4.7.3/mno-hw-mul/libgcc.a(_unpack_df.o)
 .data          0x00445bdc        0x0 /CMC/tools/altera/13.1/nios2eds/bin/gnu/H-i686-pc-linux-gnu/bin/../lib/gcc/nios2-elf/4.7.3/mno-hw-mul/libgcc.a(_fpcmp_parts_df.o)
 .data          0x00445bdc        0x0 /CMC/tools/altera/13.1/nios2eds/bin/gnu/H-i686-pc-linux-gnu/bin/../lib/gcc/nios2-elf/4.7.3/mno-hw-mul/libgcc.a(_lshrdi3.o)
 .data          0x00445bdc        0x0 /CMC/tools/altera/13.1/nios2eds/bin/gnu/H-i686-pc-linux-gnu/bin/../lib/gcc/nios2-elf/4.7.3/mno-hw-mul/libgcc.a(_ashldi3.o)
 .data          0x00445bdc        0x0 /CMC/tools/altera/13.1/nios2eds/bin/gnu/H-i686-pc-linux-gnu/bin/../lib/gcc/nios2-elf/4.7.3/mno-hw-mul/libgcc.a(_clz.o)
 .data          0x00445bdc        0x0 ../ucos1_bsp//libucosii_bsp.a(alt_exit.o)
                0x0044dbdc                _gp = ABSOLUTE ((. + 0x8000))
                0x0044dbdc                PROVIDE (gp, _gp)
 *(.rwdata .rwdata.*)
 *(.sdata .sdata.* .gnu.linkonce.s.*)
 .sdata         0x00445bdc        0x4 obj/default/hello_ucosii_1.o
                0x00445bdc                isr_1_ptr
 .sdata         0x00445be0       0x14 obj/default/tlb.o
                0x00445be0                LINE_ENABLE_REG
                0x00445be4                LINE_VALID_REG
                0x00445be8                VIRT_ADDR_TABLE
                0x00445bec                PHYS_ADDR_TABLE
                0x00445bf0                TLB_ACTIVATE_REG
 .sdata         0x00445bf4        0x8 /CMC/tools/altera/13.1/nios2eds/bin/gnu/H-i686-pc-linux-gnu/bin/../lib/gcc/nios2-elf/4.7.3/../../../../../H-i686-pc-linux-gnu/nios2-elf/lib/mno-hw-mul/libc.a(lib_a-impure.o)
                0x00445bf4                _global_impure_ptr
                0x00445bf8                _impure_ptr
 .sdata         0x00445bfc        0x8 /CMC/tools/altera/13.1/nios2eds/bin/gnu/H-i686-pc-linux-gnu/bin/../lib/gcc/nios2-elf/4.7.3/../../../../../H-i686-pc-linux-gnu/nios2-elf/lib/mno-hw-mul/libc.a(lib_a-mallocr.o)
                0x00445bfc                __malloc_sbrk_base
                0x00445c00                __malloc_trim_threshold
 .sdata         0x00445c04       0x14 ../ucos1_bsp//libucosii_bsp.a(alt_dev.o)
                0x00445c04                alt_fs_list
                0x00445c0c                alt_dev_list
                0x00445c14                alt_max_fd
 .sdata         0x00445c18        0x4 ../ucos1_bsp//libucosii_bsp.a(alt_errno.o)
                0x00445c18                alt_errno
 .sdata         0x00445c1c        0x4 ../ucos1_bsp//libucosii_bsp.a(alt_irq_vars.o)
                0x00445c1c                alt_priority_mask
 .sdata         0x00445c20        0x4 ../ucos1_bsp//libucosii_bsp.a(alt_sbrk.o)
 .sdata         0x00445c24        0x4 ../ucos1_bsp//libucosii_bsp.a(alt_env_lock.o)
 .sdata         0x00445c28        0x4 ../ucos1_bsp//libucosii_bsp.a(alt_malloc_lock.o)
 .sdata         0x00445c2c       0x74 ../ucos1_bsp//libucosii_bsp.a(os_dbg.o)
                0x00445c2c                OSDebugEn
                0x00445c30                OSEndiannessTest
                0x00445c34                OSEventEn
                0x00445c36                OSEventMax
                0x00445c38                OSEventNameSize
                0x00445c3a                OSEventSize
                0x00445c3c                OSEventTblSize
                0x00445c3e                OSEventMultiEn
                0x00445c40                OSFlagEn
                0x00445c42                OSFlagGrpSize
                0x00445c44                OSFlagNodeSize
                0x00445c46                OSFlagWidth
                0x00445c48                OSFlagMax
                0x00445c4a                OSFlagNameSize
                0x00445c4c                OSLowestPrio
                0x00445c4e                OSMboxEn
                0x00445c50                OSMemEn
                0x00445c52                OSMemMax
                0x00445c54                OSMemNameSize
                0x00445c56                OSMemSize
                0x00445c58                OSMemTblSize
                0x00445c5a                OSMutexEn
                0x00445c5c                OSPtrSize
                0x00445c5e                OSQEn
                0x00445c60                OSQMax
                0x00445c62                OSQSize
                0x00445c64                OSRdyTblSize
                0x00445c66                OSSemEn
                0x00445c68                OSStkWidth
                0x00445c6a                OSTaskCreateEn
                0x00445c6c                OSTaskCreateExtEn
                0x00445c6e                OSTaskDelEn
                0x00445c70                OSTaskIdleStkSize
                0x00445c72                OSTaskProfileEn
                0x00445c74                OSTaskMax
                0x00445c76                OSTaskNameSize
                0x00445c78                OSTaskStatEn
                0x00445c7a                OSTaskStatStkSize
                0x00445c7c                OSTaskStatStkChkEn
                0x00445c7e                OSTaskSwHookEn
                0x00445c80                OSTCBPrioTblMax
                0x00445c82                OSTCBSize
                0x00445c84                OSTicksPerSec
                0x00445c86                OSTimeTickHookEn
                0x00445c88                OSVersionNbr
                0x00445c8a                OSTmrEn
                0x00445c8c                OSTmrCfgMax
                0x00445c8e                OSTmrCfgNameSize
                0x00445c90                OSTmrCfgWheelSize
                0x00445c92                OSTmrCfgTicksPerSec
                0x00445c94                OSTmrSize
                0x00445c96                OSTmrTblSize
                0x00445c98                OSTmrWheelSize
                0x00445c9a                OSTmrWheelTblSize
                0x00445c9c                OSDataSize
 .sdata         0x00445ca0        0x8 ../ucos1_bsp//libucosii_bsp.a(altera_avalon_mutex.o)
                0x00445ca0                alt_mutex_list
 .sdata         0x00445ca8        0x8 ../ucos1_bsp//libucosii_bsp.a(alt_tick.o)
                0x00445ca8                alt_alarm_list
 *(.sdata2 .sdata2.* .gnu.linkonce.s2.*)
                0x00445cb0                . = ALIGN (0x4)
                0x00445cb0                _edata = ABSOLUTE (.)
                0x00445cb0                PROVIDE (edata, ABSOLUTE (.))
                0x00445cb0                PROVIDE (__ram_rwdata_end, ABSOLUTE (.))
                0x00445cb0                PROVIDE (__flash_rwdata_start, LOADADDR (.rwdata))

.bss            0x004477b4     0x3584
                0x004477b4                __bss_start = ABSOLUTE (.)
                0x004477b4                PROVIDE (__sbss_start, ABSOLUTE (.))
                0x004477b4                PROVIDE (___sbss_start, ABSOLUTE (.))
 *(.dynsbss)
 *(.sbss .sbss.* .gnu.linkonce.sb.*)
 .sbss          0x004477b4        0x4 obj/default/hello_ucosii_1.o
                0x004477b4                count
 .sbss          0x004477b8        0xd obj/default/hello_ucosii_1.o
                0x004477b8                mbox
                0x004477bc                mutex
                0x004477c0                ct
                0x004477c4                err
 *fill*         0x004477c5        0x3 
 .sbss          0x004477c8        0xc /CMC/tools/altera/13.1/nios2eds/bin/gnu/H-i686-pc-linux-gnu/bin/../lib/gcc/nios2-elf/4.7.3/../../../../../H-i686-pc-linux-gnu/nios2-elf/lib/mno-hw-mul/libc.a(lib_a-mallocr.o)
                0x004477c8                __malloc_max_total_mem
                0x004477cc                __malloc_max_sbrked_mem
                0x004477d0                __malloc_top_pad
 .sbss          0x004477d4        0x4 /CMC/tools/altera/13.1/nios2eds/bin/gnu/H-i686-pc-linux-gnu/bin/../lib/gcc/nios2-elf/4.7.3/../../../../../H-i686-pc-linux-gnu/nios2-elf/lib/mno-hw-mul/libc.a(lib_a-int_errno.o)
                0x004477d4                errno
 .sbss          0x004477d8        0x4 ../ucos1_bsp//libucosii_bsp.a(alt_dev.o)
                0x004477d8                alt_fd_list_lock
 .sbss          0x004477dc        0x4 ../ucos1_bsp//libucosii_bsp.a(alt_irq_vars.o)
                0x004477dc                alt_irq_active
 .sbss          0x004477e0        0xc ../ucos1_bsp//libucosii_bsp.a(alt_main.o)
                0x004477e0                alt_argc
                0x004477e4                alt_argv
                0x004477e8                alt_envp
 .sbss          0x004477ec        0x8 ../ucos1_bsp//libucosii_bsp.a(alt_env_lock.o)
                0x004477f0                alt_envsem
 .sbss          0x004477f4        0x8 ../ucos1_bsp//libucosii_bsp.a(alt_malloc_lock.o)
                0x004477f8                alt_heapsem
 .sbss          0x004477fc       0x50 ../ucos1_bsp//libucosii_bsp.a(os_core.o)
                0x004477fc                OSLockNesting
                0x004477fd                OSRunning
                0x00447800                OSIdleCtr
                0x00447804                OSPrioHighRdy
                0x00447805                OSPrioCur
                0x00447808                OSTCBList
                0x0044780c                OSTickStepState
                0x00447810                OSCtxSwCtr
                0x00447814                OSIdleCtrMax
                0x00447818                OSTCBFreeList
                0x0044781c                OSCPUUsage
                0x0044781d                OSTaskCtr
                0x00447820                OSMemFreeList
                0x00447824                OSTCBHighRdy
                0x00447828                OSQFreeList
                0x0044782c                OSRdyGrp
                0x0044782d                OSRdyTbl
                0x00447830                OSEventFreeList
                0x00447834                OSIntNesting
                0x00447838                OSTCBCur
                0x0044783c                OSTime
                0x00447840                OSFlagFreeList
                0x00447844                OSStatRdy
                0x00447848                OSIdleCtrRun
 .sbss          0x0044784c        0x8 ../ucos1_bsp//libucosii_bsp.a(altera_avalon_timer_vars.o)
                0x0044784c                altera_avalon_timer_ts_base
                0x00447850                altera_avalon_timer_ts_freq
 .sbss          0x00447854        0x8 ../ucos1_bsp//libucosii_bsp.a(alt_tick.o)
                0x00447854                _alt_tick_rate
                0x00447858                _alt_nticks
 *(.sbss2 .sbss2.* .gnu.linkonce.sb2.*)
 *(.scommon)
                0x0044785c                PROVIDE (__sbss_end, ABSOLUTE (.))
                0x0044785c                PROVIDE (___sbss_end, ABSOLUTE (.))
 *(.dynbss)
 *(.bss .bss.* .gnu.linkonce.b.*)
 .bss           0x0044785c        0x0 ../ucos1_bsp//obj/HAL/src/crt0.o
 .bss           0x0044785c        0x0 obj/default/hello_ucosii_1.o
 .bss           0x0044785c        0x0 obj/default/tlb.o
 .bss           0x0044785c        0x0 ../critical_library/libcritical_library.a(fingerprint.o)
 .bss           0x0044785c        0x0 ../critical_library/libcritical_library.a(context_switch.o)
 .bss           0x0044785c        0x0 ../critical_library/libcritical_library.a(gp.o)
 .bss           0x0044785c        0x0 /CMC/tools/altera/13.1/nios2eds/bin/gnu/H-i686-pc-linux-gnu/bin/../lib/gcc/nios2-elf/4.7.3/../../../../../H-i686-pc-linux-gnu/nios2-elf/lib/mno-hw-mul/libc.a(lib_a-puts.o)
 .bss           0x0044785c        0x0 /CMC/tools/altera/13.1/nios2eds/bin/gnu/H-i686-pc-linux-gnu/bin/../lib/gcc/nios2-elf/4.7.3/../../../../../H-i686-pc-linux-gnu/nios2-elf/lib/mno-hw-mul/libc.a(lib_a-strlen.o)
 .bss           0x0044785c        0x0 /CMC/tools/altera/13.1/nios2eds/bin/gnu/H-i686-pc-linux-gnu/bin/../lib/gcc/nios2-elf/4.7.3/../../../../../H-i686-pc-linux-gnu/nios2-elf/lib/mno-hw-mul/libc.a(lib_a-fvwrite.o)
 .bss           0x0044785c        0x0 /CMC/tools/altera/13.1/nios2eds/bin/gnu/H-i686-pc-linux-gnu/bin/../lib/gcc/nios2-elf/4.7.3/../../../../../H-i686-pc-linux-gnu/nios2-elf/lib/mno-hw-mul/libc.a(lib_a-impure.o)
 .bss           0x0044785c       0x28 /CMC/tools/altera/13.1/nios2eds/bin/gnu/H-i686-pc-linux-gnu/bin/../lib/gcc/nios2-elf/4.7.3/../../../../../H-i686-pc-linux-gnu/nios2-elf/lib/mno-hw-mul/libc.a(lib_a-mallocr.o)
                0x0044785c                __malloc_current_mallinfo
 .bss           0x00447884        0x0 /CMC/tools/altera/13.1/nios2eds/bin/gnu/H-i686-pc-linux-gnu/bin/../lib/gcc/nios2-elf/4.7.3/../../../../../H-i686-pc-linux-gnu/nios2-elf/lib/mno-hw-mul/libc.a(lib_a-memchr.o)
 .bss           0x00447884        0x0 /CMC/tools/altera/13.1/nios2eds/bin/gnu/H-i686-pc-linux-gnu/bin/../lib/gcc/nios2-elf/4.7.3/../../../../../H-i686-pc-linux-gnu/nios2-elf/lib/mno-hw-mul/libc.a(lib_a-memcpy.o)
 .bss           0x00447884        0x0 /CMC/tools/altera/13.1/nios2eds/bin/gnu/H-i686-pc-linux-gnu/bin/../lib/gcc/nios2-elf/4.7.3/../../../../../H-i686-pc-linux-gnu/nios2-elf/lib/mno-hw-mul/libc.a(lib_a-memmove.o)
 .bss           0x00447884        0x0 /CMC/tools/altera/13.1/nios2eds/bin/gnu/H-i686-pc-linux-gnu/bin/../lib/gcc/nios2-elf/4.7.3/../../../../../H-i686-pc-linux-gnu/nios2-elf/lib/mno-hw-mul/libc.a(lib_a-reallocr.o)
 .bss           0x00447884        0x0 /CMC/tools/altera/13.1/nios2eds/bin/gnu/H-i686-pc-linux-gnu/bin/../lib/gcc/nios2-elf/4.7.3/../../../../../H-i686-pc-linux-gnu/nios2-elf/lib/mno-hw-mul/libc.a(lib_a-sbrkr.o)
 .bss           0x00447884        0x0 /CMC/tools/altera/13.1/nios2eds/bin/gnu/H-i686-pc-linux-gnu/bin/../lib/gcc/nios2-elf/4.7.3/../../../../../H-i686-pc-linux-gnu/nios2-elf/lib/mno-hw-mul/libc.a(lib_a-wsetup.o)
 .bss           0x00447884        0x0 /CMC/tools/altera/13.1/nios2eds/bin/gnu/H-i686-pc-linux-gnu/bin/../lib/gcc/nios2-elf/4.7.3/../../../../../H-i686-pc-linux-gnu/nios2-elf/lib/mno-hw-mul/libc.a(lib_a-fflush.o)
 .bss           0x00447884        0x0 /CMC/tools/altera/13.1/nios2eds/bin/gnu/H-i686-pc-linux-gnu/bin/../lib/gcc/nios2-elf/4.7.3/../../../../../H-i686-pc-linux-gnu/nios2-elf/lib/mno-hw-mul/libc.a(lib_a-findfp.o)
 .bss           0x00447884        0x0 /CMC/tools/altera/13.1/nios2eds/bin/gnu/H-i686-pc-linux-gnu/bin/../lib/gcc/nios2-elf/4.7.3/../../../../../H-i686-pc-linux-gnu/nios2-elf/lib/mno-hw-mul/libc.a(lib_a-freer.o)
 .bss           0x00447884        0x0 /CMC/tools/altera/13.1/nios2eds/bin/gnu/H-i686-pc-linux-gnu/bin/../lib/gcc/nios2-elf/4.7.3/../../../../../H-i686-pc-linux-gnu/nios2-elf/lib/mno-hw-mul/libc.a(lib_a-fwalk.o)
 .bss           0x00447884        0x0 /CMC/tools/altera/13.1/nios2eds/bin/gnu/H-i686-pc-linux-gnu/bin/../lib/gcc/nios2-elf/4.7.3/../../../../../H-i686-pc-linux-gnu/nios2-elf/lib/mno-hw-mul/libc.a(lib_a-int_errno.o)
 .bss           0x00447884        0x0 /CMC/tools/altera/13.1/nios2eds/bin/gnu/H-i686-pc-linux-gnu/bin/../lib/gcc/nios2-elf/4.7.3/../../../../../H-i686-pc-linux-gnu/nios2-elf/lib/mno-hw-mul/libc.a(lib_a-makebuf.o)
 .bss           0x00447884        0x0 /CMC/tools/altera/13.1/nios2eds/bin/gnu/H-i686-pc-linux-gnu/bin/../lib/gcc/nios2-elf/4.7.3/../../../../../H-i686-pc-linux-gnu/nios2-elf/lib/mno-hw-mul/libc.a(lib_a-memset.o)
 .bss           0x00447884        0x0 /CMC/tools/altera/13.1/nios2eds/bin/gnu/H-i686-pc-linux-gnu/bin/../lib/gcc/nios2-elf/4.7.3/../../../../../H-i686-pc-linux-gnu/nios2-elf/lib/mno-hw-mul/libc.a(lib_a-stdio.o)
 .bss           0x00447884        0x0 /CMC/tools/altera/13.1/nios2eds/bin/gnu/H-i686-pc-linux-gnu/bin/../lib/gcc/nios2-elf/4.7.3/../../../../../H-i686-pc-linux-gnu/nios2-elf/lib/mno-hw-mul/libc.a(lib_a-writer.o)
 .bss           0x00447884        0x0 /CMC/tools/altera/13.1/nios2eds/bin/gnu/H-i686-pc-linux-gnu/bin/../lib/gcc/nios2-elf/4.7.3/../../../../../H-i686-pc-linux-gnu/nios2-elf/lib/mno-hw-mul/libc.a(lib_a-closer.o)
 .bss           0x00447884        0x0 /CMC/tools/altera/13.1/nios2eds/bin/gnu/H-i686-pc-linux-gnu/bin/../lib/gcc/nios2-elf/4.7.3/../../../../../H-i686-pc-linux-gnu/nios2-elf/lib/mno-hw-mul/libc.a(lib_a-fclose.o)
 .bss           0x00447884        0x0 /CMC/tools/altera/13.1/nios2eds/bin/gnu/H-i686-pc-linux-gnu/bin/../lib/gcc/nios2-elf/4.7.3/../../../../../H-i686-pc-linux-gnu/nios2-elf/lib/mno-hw-mul/libc.a(lib_a-fstatr.o)
 .bss           0x00447884        0x0 /CMC/tools/altera/13.1/nios2eds/bin/gnu/H-i686-pc-linux-gnu/bin/../lib/gcc/nios2-elf/4.7.3/../../../../../H-i686-pc-linux-gnu/nios2-elf/lib/mno-hw-mul/libc.a(lib_a-isattyr.o)
 .bss           0x00447884        0x0 /CMC/tools/altera/13.1/nios2eds/bin/gnu/H-i686-pc-linux-gnu/bin/../lib/gcc/nios2-elf/4.7.3/../../../../../H-i686-pc-linux-gnu/nios2-elf/lib/mno-hw-mul/libc.a(lib_a-lseekr.o)
 .bss           0x00447884        0x0 /CMC/tools/altera/13.1/nios2eds/bin/gnu/H-i686-pc-linux-gnu/bin/../lib/gcc/nios2-elf/4.7.3/../../../../../H-i686-pc-linux-gnu/nios2-elf/lib/mno-hw-mul/libc.a(lib_a-readr.o)
 .bss           0x00447884        0x0 /CMC/tools/altera/13.1/nios2eds/bin/gnu/H-i686-pc-linux-gnu/bin/../lib/gcc/nios2-elf/4.7.3/mno-hw-mul/libgcc.a(lib2-mul.o)
 .bss           0x00447884        0x0 ../ucos1_bsp//libucosii_bsp.a(alt_close.o)
 .bss           0x00447884        0x0 ../ucos1_bsp//libucosii_bsp.a(alt_dev.o)
 .bss           0x00447884        0x0 ../ucos1_bsp//libucosii_bsp.a(alt_errno.o)
 .bss           0x00447884        0x0 ../ucos1_bsp//libucosii_bsp.a(alt_fstat.o)
 .bss           0x00447884        0x0 ../ucos1_bsp//libucosii_bsp.a(alt_iic.o)
 .bss           0x00447884        0x0 ../ucos1_bsp//libucosii_bsp.a(alt_iic_isr_register.o)
 .bss           0x00447884        0x0 ../ucos1_bsp//libucosii_bsp.a(alt_irq_entry.o)
 .bss           0x00447884        0x0 ../ucos1_bsp//libucosii_bsp.a(alt_irq_handler.o)
 .bss           0x00447884        0x0 ../ucos1_bsp//libucosii_bsp.a(alt_irq_vars.o)
 .bss           0x00447884        0x0 ../ucos1_bsp//libucosii_bsp.a(alt_isatty.o)
 .bss           0x00447884        0x0 ../ucos1_bsp//libucosii_bsp.a(alt_load.o)
 .bss           0x00447884        0x0 ../ucos1_bsp//libucosii_bsp.a(alt_lseek.o)
 .bss           0x00447884        0x0 ../ucos1_bsp//libucosii_bsp.a(alt_main.o)
 .bss           0x00447884        0x0 ../ucos1_bsp//libucosii_bsp.a(alt_read.o)
 .bss           0x00447884        0x0 ../ucos1_bsp//libucosii_bsp.a(alt_release_fd.o)
 .bss           0x00447884        0x0 ../ucos1_bsp//libucosii_bsp.a(alt_sbrk.o)
 .bss           0x00447884        0x0 ../ucos1_bsp//libucosii_bsp.a(alt_write.o)
 .bss           0x00447884        0x0 ../ucos1_bsp//libucosii_bsp.a(alt_env_lock.o)
 .bss           0x00447884        0x0 ../ucos1_bsp//libucosii_bsp.a(alt_malloc_lock.o)
 .bss           0x00447884        0x0 ../ucos1_bsp//libucosii_bsp.a(os_core.o)
 .bss           0x00447884        0x0 ../ucos1_bsp//libucosii_bsp.a(os_dbg.o)
 .bss           0x00447884        0x0 ../ucos1_bsp//libucosii_bsp.a(os_flag.o)
 .bss           0x00447884        0x0 ../ucos1_bsp//libucosii_bsp.a(os_mem.o)
 .bss           0x00447884        0x0 ../ucos1_bsp//libucosii_bsp.a(os_q.o)
 .bss           0x00447884        0x0 ../ucos1_bsp//libucosii_bsp.a(os_sem.o)
 .bss           0x00447884        0x0 ../ucos1_bsp//libucosii_bsp.a(os_task.o)
 .bss           0x00447884        0x0 ../ucos1_bsp//libucosii_bsp.a(os_time.o)
 .bss           0x00447884        0x0 ../ucos1_bsp//libucosii_bsp.a(alt_sys_init.o)
 .bss           0x00447884        0x0 ../ucos1_bsp//libucosii_bsp.a(altera_avalon_jtag_uart_fd.o)
 .bss           0x00447884        0x0 ../ucos1_bsp//libucosii_bsp.a(altera_avalon_jtag_uart_init.o)
 .bss           0x00447884        0x0 ../ucos1_bsp//libucosii_bsp.a(altera_avalon_jtag_uart_ioctl.o)
 .bss           0x00447884        0x0 ../ucos1_bsp//libucosii_bsp.a(altera_avalon_jtag_uart_read.o)
 .bss           0x00447884        0x0 ../ucos1_bsp//libucosii_bsp.a(altera_avalon_jtag_uart_write.o)
 .bss           0x00447884        0x0 ../ucos1_bsp//libucosii_bsp.a(altera_avalon_mutex.o)
 .bss           0x00447884        0x0 ../ucos1_bsp//libucosii_bsp.a(altera_avalon_timer_sc.o)
 .bss           0x00447884        0x0 ../ucos1_bsp//libucosii_bsp.a(altera_avalon_timer_ts.o)
 .bss           0x00447884        0x0 ../ucos1_bsp//libucosii_bsp.a(altera_avalon_timer_vars.o)
 .bss           0x00447884        0x0 ../ucos1_bsp//libucosii_bsp.a(alt_alarm_start.o)
 .bss           0x00447884        0x0 ../ucos1_bsp//libucosii_bsp.a(alt_dcache_flush_all.o)
 .bss           0x00447884        0x0 ../ucos1_bsp//libucosii_bsp.a(alt_dev_llist_insert.o)
 .bss           0x00447884        0x0 ../ucos1_bsp//libucosii_bsp.a(alt_do_ctors.o)
 .bss           0x00447884        0x0 ../ucos1_bsp//libucosii_bsp.a(alt_do_dtors.o)
 .bss           0x00447884        0x0 ../ucos1_bsp//libucosii_bsp.a(alt_exception_entry.o)
 .bss           0x00447884        0x0 ../ucos1_bsp//libucosii_bsp.a(alt_find_dev.o)
 .bss           0x00447884        0x0 ../ucos1_bsp//libucosii_bsp.a(alt_icache_flush_all.o)
 .bss           0x00447884        0x0 ../ucos1_bsp//libucosii_bsp.a(alt_io_redirect.o)
 .bss           0x00447884        0x0 ../ucos1_bsp//libucosii_bsp.a(alt_open.o)
 .bss           0x00447884        0x0 ../ucos1_bsp//libucosii_bsp.a(alt_tick.o)
 .bss           0x00447884        0x0 ../ucos1_bsp//libucosii_bsp.a(altera_nios2_qsys_irq.o)
 .bss           0x00447884        0x0 ../ucos1_bsp//libucosii_bsp.a(os_cpu_a.o)
 .bss           0x00447884        0x0 ../ucos1_bsp//libucosii_bsp.a(os_cpu_c.o)
 .bss           0x00447884        0x0 ../ucos1_bsp//libucosii_bsp.a(alt_find_file.o)
 .bss           0x00447884        0x0 ../ucos1_bsp//libucosii_bsp.a(alt_get_fd.o)
 .bss           0x00447884        0x0 ../ucos1_bsp//libucosii_bsp.a(alt_icache_flush.o)
 .bss           0x00447884        0x0 /CMC/tools/altera/13.1/nios2eds/bin/gnu/H-i686-pc-linux-gnu/bin/../lib/gcc/nios2-elf/4.7.3/../../../../../H-i686-pc-linux-gnu/nios2-elf/lib/mno-hw-mul/libc.a(lib_a-atexit.o)
 .bss           0x00447884        0x0 /CMC/tools/altera/13.1/nios2eds/bin/gnu/H-i686-pc-linux-gnu/bin/../lib/gcc/nios2-elf/4.7.3/../../../../../H-i686-pc-linux-gnu/nios2-elf/lib/mno-hw-mul/libc.a(lib_a-exit.o)
 .bss           0x00447884        0x0 /CMC/tools/altera/13.1/nios2eds/bin/gnu/H-i686-pc-linux-gnu/bin/../lib/gcc/nios2-elf/4.7.3/../../../../../H-i686-pc-linux-gnu/nios2-elf/lib/mno-hw-mul/libc.a(lib_a-memcmp.o)
 .bss           0x00447884        0x0 /CMC/tools/altera/13.1/nios2eds/bin/gnu/H-i686-pc-linux-gnu/bin/../lib/gcc/nios2-elf/4.7.3/../../../../../H-i686-pc-linux-gnu/nios2-elf/lib/mno-hw-mul/libc.a(lib_a-__atexit.o)
 .bss           0x00447884        0x0 /CMC/tools/altera/13.1/nios2eds/bin/gnu/H-i686-pc-linux-gnu/bin/../lib/gcc/nios2-elf/4.7.3/../../../../../H-i686-pc-linux-gnu/nios2-elf/lib/mno-hw-mul/libc.a(lib_a-__call_atexit.o)
 .bss           0x00447884        0x0 /CMC/tools/altera/13.1/nios2eds/bin/gnu/H-i686-pc-linux-gnu/bin/../lib/gcc/nios2-elf/4.7.3/mno-hw-mul/libgcc.a(_fixunsdfsi.o)
 .bss           0x00447884        0x0 /CMC/tools/altera/13.1/nios2eds/bin/gnu/H-i686-pc-linux-gnu/bin/../lib/gcc/nios2-elf/4.7.3/mno-hw-mul/libgcc.a(_addsub_df.o)
 .bss           0x00447884        0x0 /CMC/tools/altera/13.1/nios2eds/bin/gnu/H-i686-pc-linux-gnu/bin/../lib/gcc/nios2-elf/4.7.3/mno-hw-mul/libgcc.a(_mul_df.o)
 .bss           0x00447884        0x0 /CMC/tools/altera/13.1/nios2eds/bin/gnu/H-i686-pc-linux-gnu/bin/../lib/gcc/nios2-elf/4.7.3/mno-hw-mul/libgcc.a(_div_df.o)
 .bss           0x00447884        0x0 /CMC/tools/altera/13.1/nios2eds/bin/gnu/H-i686-pc-linux-gnu/bin/../lib/gcc/nios2-elf/4.7.3/mno-hw-mul/libgcc.a(_ge_df.o)
 .bss           0x00447884        0x0 /CMC/tools/altera/13.1/nios2eds/bin/gnu/H-i686-pc-linux-gnu/bin/../lib/gcc/nios2-elf/4.7.3/mno-hw-mul/libgcc.a(_df_to_si.o)
 .bss           0x00447884        0x0 /CMC/tools/altera/13.1/nios2eds/bin/gnu/H-i686-pc-linux-gnu/bin/../lib/gcc/nios2-elf/4.7.3/mno-hw-mul/libgcc.a(_thenan_df.o)
 .bss           0x00447884        0x0 /CMC/tools/altera/13.1/nios2eds/bin/gnu/H-i686-pc-linux-gnu/bin/../lib/gcc/nios2-elf/4.7.3/mno-hw-mul/libgcc.a(_usi_to_df.o)
 .bss           0x00447884        0x0 /CMC/tools/altera/13.1/nios2eds/bin/gnu/H-i686-pc-linux-gnu/bin/../lib/gcc/nios2-elf/4.7.3/mno-hw-mul/libgcc.a(lib2-divmod.o)
 .bss           0x00447884        0x0 /CMC/tools/altera/13.1/nios2eds/bin/gnu/H-i686-pc-linux-gnu/bin/../lib/gcc/nios2-elf/4.7.3/mno-hw-mul/libgcc.a(_muldi3.o)
 .bss           0x00447884        0x0 /CMC/tools/altera/13.1/nios2eds/bin/gnu/H-i686-pc-linux-gnu/bin/../lib/gcc/nios2-elf/4.7.3/mno-hw-mul/libgcc.a(_clzsi2.o)
 .bss           0x00447884        0x0 /CMC/tools/altera/13.1/nios2eds/bin/gnu/H-i686-pc-linux-gnu/bin/../lib/gcc/nios2-elf/4.7.3/mno-hw-mul/libgcc.a(_pack_df.o)
 .bss           0x00447884        0x0 /CMC/tools/altera/13.1/nios2eds/bin/gnu/H-i686-pc-linux-gnu/bin/../lib/gcc/nios2-elf/4.7.3/mno-hw-mul/libgcc.a(_unpack_df.o)
 .bss           0x00447884        0x0 /CMC/tools/altera/13.1/nios2eds/bin/gnu/H-i686-pc-linux-gnu/bin/../lib/gcc/nios2-elf/4.7.3/mno-hw-mul/libgcc.a(_fpcmp_parts_df.o)
 .bss           0x00447884        0x0 /CMC/tools/altera/13.1/nios2eds/bin/gnu/H-i686-pc-linux-gnu/bin/../lib/gcc/nios2-elf/4.7.3/mno-hw-mul/libgcc.a(_lshrdi3.o)
 .bss           0x00447884        0x0 /CMC/tools/altera/13.1/nios2eds/bin/gnu/H-i686-pc-linux-gnu/bin/../lib/gcc/nios2-elf/4.7.3/mno-hw-mul/libgcc.a(_ashldi3.o)
 .bss           0x00447884        0x0 /CMC/tools/altera/13.1/nios2eds/bin/gnu/H-i686-pc-linux-gnu/bin/../lib/gcc/nios2-elf/4.7.3/mno-hw-mul/libgcc.a(_clz.o)
 .bss           0x00447884        0x0 ../ucos1_bsp//libucosii_bsp.a(alt_exit.o)
 *(COMMON)
 COMMON         0x00447884      0x100 ../ucos1_bsp//libucosii_bsp.a(alt_irq_handler.o)
                0x00447884                alt_irq
 COMMON         0x00447984     0x3224 ../ucos1_bsp//libucosii_bsp.a(os_core.o)
                0x00447984                OSFlagTbl
                0x00447cf4                OSMemTbl
                0x00448924                OSTaskStatStk
                0x00449124                OSQTbl
                0x00449304                OSTaskIdleStk
                0x00449b04                OSEventTbl
                0x0044a644                OSTCBTbl
                0x0044ab54                OSTCBPrioTbl
 COMMON         0x0044aba8      0x190 /CMC/tools/altera/13.1/nios2eds/bin/gnu/H-i686-pc-linux-gnu/bin/../lib/gcc/nios2-elf/4.7.3/../../../../../H-i686-pc-linux-gnu/nios2-elf/lib/mno-hw-mul/libc.a(lib_a-atexit.o)
                0x0044aba8                _atexit0
                0x0044ad38                . = ALIGN (0x4)
                0x0044ad38                __bss_end = ABSOLUTE (.)

.memory_0_onchip_memoryMain
                0x0044ad38        0x0
                0x0044ad38                PROVIDE (_alt_partition_memory_0_onchip_memoryMain_start, ABSOLUTE (.))
 *(.memory_0_onchip_memoryMain .memory_0_onchip_memoryMain. memory_0_onchip_memoryMain.*)
                0x0044ad38                . = ALIGN (0x4)
                0x0044ad38                PROVIDE (_alt_partition_memory_0_onchip_memoryMain_end, ABSOLUTE (.))
                0x0044ad38                _end = ABSOLUTE (.)
                0x0044ad38                end = ABSOLUTE (.)
                0x0044ad38                __alt_stack_base = ABSOLUTE (.)
                0x0044ad38                PROVIDE (_alt_partition_memory_0_onchip_memoryMain_load_addr, LOADADDR (.memory_0_onchip_memoryMain))

.shared_memory  0x02500000        0x0 load address 0x0044ad38
                0x02500000                PROVIDE (_alt_partition_shared_memory_start, ABSOLUTE (.))
 *(.shared_memory .shared_memory. shared_memory.*)
                0x02500000                . = ALIGN (0x4)
                0x02500000                PROVIDE (_alt_partition_shared_memory_end, ABSOLUTE (.))
                0x0044ad38                PROVIDE (_alt_partition_shared_memory_load_addr, LOADADDR (.shared_memory))

.processor1_0_scratchpad
                0x04201000        0x0 load address 0x0044ad38
                0x04201000                PROVIDE (_alt_partition_processor1_0_scratchpad_start, ABSOLUTE (.))
 *(.processor1_0_scratchpad .processor1_0_scratchpad. processor1_0_scratchpad.*)
                0x04201000                . = ALIGN (0x4)
                0x04201000                PROVIDE (_alt_partition_processor1_0_scratchpad_end, ABSOLUTE (.))
                0x0044ad38                PROVIDE (_alt_partition_processor1_0_scratchpad_load_addr, LOADADDR (.processor1_0_scratchpad))

.stab
 *(.stab)

.stabstr
 *(.stabstr)

.stab.excl
 *(.stab.excl)

.stab.exclstr
 *(.stab.exclstr)

.stab.index
 *(.stab.index)

.stab.indexstr
 *(.stab.indexstr)

.comment        0x00000000       0x23
 *(.comment)
 .comment       0x00000000       0x23 obj/default/hello_ucosii_1.o
                                 0x24 (size before relaxing)
 .comment       0x00000000       0x24 obj/default/tlb.o
 .comment       0x00000000       0x24 ../critical_library/libcritical_library.a(fingerprint.o)
 .comment       0x00000000       0x24 /CMC/tools/altera/13.1/nios2eds/bin/gnu/H-i686-pc-linux-gnu/bin/../lib/gcc/nios2-elf/4.7.3/../../../../../H-i686-pc-linux-gnu/nios2-elf/lib/mno-hw-mul/libc.a(lib_a-puts.o)
 .comment       0x00000000       0x24 /CMC/tools/altera/13.1/nios2eds/bin/gnu/H-i686-pc-linux-gnu/bin/../lib/gcc/nios2-elf/4.7.3/../../../../../H-i686-pc-linux-gnu/nios2-elf/lib/mno-hw-mul/libc.a(lib_a-strlen.o)
 .comment       0x00000000       0x24 /CMC/tools/altera/13.1/nios2eds/bin/gnu/H-i686-pc-linux-gnu/bin/../lib/gcc/nios2-elf/4.7.3/../../../../../H-i686-pc-linux-gnu/nios2-elf/lib/mno-hw-mul/libc.a(lib_a-fvwrite.o)
 .comment       0x00000000       0x24 /CMC/tools/altera/13.1/nios2eds/bin/gnu/H-i686-pc-linux-gnu/bin/../lib/gcc/nios2-elf/4.7.3/../../../../../H-i686-pc-linux-gnu/nios2-elf/lib/mno-hw-mul/libc.a(lib_a-impure.o)
 .comment       0x00000000       0x24 /CMC/tools/altera/13.1/nios2eds/bin/gnu/H-i686-pc-linux-gnu/bin/../lib/gcc/nios2-elf/4.7.3/../../../../../H-i686-pc-linux-gnu/nios2-elf/lib/mno-hw-mul/libc.a(lib_a-mallocr.o)
 .comment       0x00000000       0x24 /CMC/tools/altera/13.1/nios2eds/bin/gnu/H-i686-pc-linux-gnu/bin/../lib/gcc/nios2-elf/4.7.3/../../../../../H-i686-pc-linux-gnu/nios2-elf/lib/mno-hw-mul/libc.a(lib_a-memchr.o)
 .comment       0x00000000       0x24 /CMC/tools/altera/13.1/nios2eds/bin/gnu/H-i686-pc-linux-gnu/bin/../lib/gcc/nios2-elf/4.7.3/../../../../../H-i686-pc-linux-gnu/nios2-elf/lib/mno-hw-mul/libc.a(lib_a-memcpy.o)
 .comment       0x00000000       0x24 /CMC/tools/altera/13.1/nios2eds/bin/gnu/H-i686-pc-linux-gnu/bin/../lib/gcc/nios2-elf/4.7.3/../../../../../H-i686-pc-linux-gnu/nios2-elf/lib/mno-hw-mul/libc.a(lib_a-memmove.o)
 .comment       0x00000000       0x24 /CMC/tools/altera/13.1/nios2eds/bin/gnu/H-i686-pc-linux-gnu/bin/../lib/gcc/nios2-elf/4.7.3/../../../../../H-i686-pc-linux-gnu/nios2-elf/lib/mno-hw-mul/libc.a(lib_a-reallocr.o)
 .comment       0x00000000       0x24 /CMC/tools/altera/13.1/nios2eds/bin/gnu/H-i686-pc-linux-gnu/bin/../lib/gcc/nios2-elf/4.7.3/../../../../../H-i686-pc-linux-gnu/nios2-elf/lib/mno-hw-mul/libc.a(lib_a-sbrkr.o)
 .comment       0x00000000       0x24 /CMC/tools/altera/13.1/nios2eds/bin/gnu/H-i686-pc-linux-gnu/bin/../lib/gcc/nios2-elf/4.7.3/../../../../../H-i686-pc-linux-gnu/nios2-elf/lib/mno-hw-mul/libc.a(lib_a-wsetup.o)
 .comment       0x00000000       0x24 /CMC/tools/altera/13.1/nios2eds/bin/gnu/H-i686-pc-linux-gnu/bin/../lib/gcc/nios2-elf/4.7.3/../../../../../H-i686-pc-linux-gnu/nios2-elf/lib/mno-hw-mul/libc.a(lib_a-fflush.o)
 .comment       0x00000000       0x24 /CMC/tools/altera/13.1/nios2eds/bin/gnu/H-i686-pc-linux-gnu/bin/../lib/gcc/nios2-elf/4.7.3/../../../../../H-i686-pc-linux-gnu/nios2-elf/lib/mno-hw-mul/libc.a(lib_a-findfp.o)
 .comment       0x00000000       0x24 /CMC/tools/altera/13.1/nios2eds/bin/gnu/H-i686-pc-linux-gnu/bin/../lib/gcc/nios2-elf/4.7.3/../../../../../H-i686-pc-linux-gnu/nios2-elf/lib/mno-hw-mul/libc.a(lib_a-freer.o)
 .comment       0x00000000       0x24 /CMC/tools/altera/13.1/nios2eds/bin/gnu/H-i686-pc-linux-gnu/bin/../lib/gcc/nios2-elf/4.7.3/../../../../../H-i686-pc-linux-gnu/nios2-elf/lib/mno-hw-mul/libc.a(lib_a-fwalk.o)
 .comment       0x00000000       0x24 /CMC/tools/altera/13.1/nios2eds/bin/gnu/H-i686-pc-linux-gnu/bin/../lib/gcc/nios2-elf/4.7.3/../../../../../H-i686-pc-linux-gnu/nios2-elf/lib/mno-hw-mul/libc.a(lib_a-int_errno.o)
 .comment       0x00000000       0x24 /CMC/tools/altera/13.1/nios2eds/bin/gnu/H-i686-pc-linux-gnu/bin/../lib/gcc/nios2-elf/4.7.3/../../../../../H-i686-pc-linux-gnu/nios2-elf/lib/mno-hw-mul/libc.a(lib_a-makebuf.o)
 .comment       0x00000000       0x24 /CMC/tools/altera/13.1/nios2eds/bin/gnu/H-i686-pc-linux-gnu/bin/../lib/gcc/nios2-elf/4.7.3/../../../../../H-i686-pc-linux-gnu/nios2-elf/lib/mno-hw-mul/libc.a(lib_a-memset.o)
 .comment       0x00000000       0x24 /CMC/tools/altera/13.1/nios2eds/bin/gnu/H-i686-pc-linux-gnu/bin/../lib/gcc/nios2-elf/4.7.3/../../../../../H-i686-pc-linux-gnu/nios2-elf/lib/mno-hw-mul/libc.a(lib_a-stdio.o)
 .comment       0x00000000       0x24 /CMC/tools/altera/13.1/nios2eds/bin/gnu/H-i686-pc-linux-gnu/bin/../lib/gcc/nios2-elf/4.7.3/../../../../../H-i686-pc-linux-gnu/nios2-elf/lib/mno-hw-mul/libc.a(lib_a-writer.o)
 .comment       0x00000000       0x24 /CMC/tools/altera/13.1/nios2eds/bin/gnu/H-i686-pc-linux-gnu/bin/../lib/gcc/nios2-elf/4.7.3/../../../../../H-i686-pc-linux-gnu/nios2-elf/lib/mno-hw-mul/libc.a(lib_a-closer.o)
 .comment       0x00000000       0x24 /CMC/tools/altera/13.1/nios2eds/bin/gnu/H-i686-pc-linux-gnu/bin/../lib/gcc/nios2-elf/4.7.3/../../../../../H-i686-pc-linux-gnu/nios2-elf/lib/mno-hw-mul/libc.a(lib_a-fclose.o)
 .comment       0x00000000       0x24 /CMC/tools/altera/13.1/nios2eds/bin/gnu/H-i686-pc-linux-gnu/bin/../lib/gcc/nios2-elf/4.7.3/../../../../../H-i686-pc-linux-gnu/nios2-elf/lib/mno-hw-mul/libc.a(lib_a-fstatr.o)
 .comment       0x00000000       0x24 /CMC/tools/altera/13.1/nios2eds/bin/gnu/H-i686-pc-linux-gnu/bin/../lib/gcc/nios2-elf/4.7.3/../../../../../H-i686-pc-linux-gnu/nios2-elf/lib/mno-hw-mul/libc.a(lib_a-isattyr.o)
 .comment       0x00000000       0x24 /CMC/tools/altera/13.1/nios2eds/bin/gnu/H-i686-pc-linux-gnu/bin/../lib/gcc/nios2-elf/4.7.3/../../../../../H-i686-pc-linux-gnu/nios2-elf/lib/mno-hw-mul/libc.a(lib_a-lseekr.o)
 .comment       0x00000000       0x24 /CMC/tools/altera/13.1/nios2eds/bin/gnu/H-i686-pc-linux-gnu/bin/../lib/gcc/nios2-elf/4.7.3/../../../../../H-i686-pc-linux-gnu/nios2-elf/lib/mno-hw-mul/libc.a(lib_a-readr.o)
 .comment       0x00000000       0x24 /CMC/tools/altera/13.1/nios2eds/bin/gnu/H-i686-pc-linux-gnu/bin/../lib/gcc/nios2-elf/4.7.3/mno-hw-mul/libgcc.a(lib2-mul.o)
 .comment       0x00000000       0x24 ../ucos1_bsp//libucosii_bsp.a(alt_close.o)
 .comment       0x00000000       0x24 ../ucos1_bsp//libucosii_bsp.a(alt_dev.o)
 .comment       0x00000000       0x24 ../ucos1_bsp//libucosii_bsp.a(alt_errno.o)
 .comment       0x00000000       0x24 ../ucos1_bsp//libucosii_bsp.a(alt_fstat.o)
 .comment       0x00000000       0x24 ../ucos1_bsp//libucosii_bsp.a(alt_iic.o)
 .comment       0x00000000       0x24 ../ucos1_bsp//libucosii_bsp.a(alt_iic_isr_register.o)
 .comment       0x00000000       0x24 ../ucos1_bsp//libucosii_bsp.a(alt_irq_handler.o)
 .comment       0x00000000       0x24 ../ucos1_bsp//libucosii_bsp.a(alt_irq_vars.o)
 .comment       0x00000000       0x24 ../ucos1_bsp//libucosii_bsp.a(alt_isatty.o)
 .comment       0x00000000       0x24 ../ucos1_bsp//libucosii_bsp.a(alt_load.o)
 .comment       0x00000000       0x24 ../ucos1_bsp//libucosii_bsp.a(alt_lseek.o)
 .comment       0x00000000       0x24 ../ucos1_bsp//libucosii_bsp.a(alt_main.o)
 .comment       0x00000000       0x24 ../ucos1_bsp//libucosii_bsp.a(alt_read.o)
 .comment       0x00000000       0x24 ../ucos1_bsp//libucosii_bsp.a(alt_release_fd.o)
 .comment       0x00000000       0x24 ../ucos1_bsp//libucosii_bsp.a(alt_sbrk.o)
 .comment       0x00000000       0x24 ../ucos1_bsp//libucosii_bsp.a(alt_write.o)
 .comment       0x00000000       0x24 ../ucos1_bsp//libucosii_bsp.a(alt_env_lock.o)
 .comment       0x00000000       0x24 ../ucos1_bsp//libucosii_bsp.a(alt_malloc_lock.o)
 .comment       0x00000000       0x24 ../ucos1_bsp//libucosii_bsp.a(os_core.o)
 .comment       0x00000000       0x24 ../ucos1_bsp//libucosii_bsp.a(os_dbg.o)
 .comment       0x00000000       0x24 ../ucos1_bsp//libucosii_bsp.a(os_flag.o)
 .comment       0x00000000       0x24 ../ucos1_bsp//libucosii_bsp.a(os_mem.o)
 .comment       0x00000000       0x24 ../ucos1_bsp//libucosii_bsp.a(os_q.o)
 .comment       0x00000000       0x24 ../ucos1_bsp//libucosii_bsp.a(os_sem.o)
 .comment       0x00000000       0x24 ../ucos1_bsp//libucosii_bsp.a(os_task.o)
 .comment       0x00000000       0x24 ../ucos1_bsp//libucosii_bsp.a(os_time.o)
 .comment       0x00000000       0x24 ../ucos1_bsp//libucosii_bsp.a(alt_sys_init.o)
 .comment       0x00000000       0x24 ../ucos1_bsp//libucosii_bsp.a(altera_avalon_jtag_uart_fd.o)
 .comment       0x00000000       0x24 ../ucos1_bsp//libucosii_bsp.a(altera_avalon_jtag_uart_init.o)
 .comment       0x00000000       0x24 ../ucos1_bsp//libucosii_bsp.a(altera_avalon_jtag_uart_ioctl.o)
 .comment       0x00000000       0x24 ../ucos1_bsp//libucosii_bsp.a(altera_avalon_jtag_uart_read.o)
 .comment       0x00000000       0x24 ../ucos1_bsp//libucosii_bsp.a(altera_avalon_jtag_uart_write.o)
 .comment       0x00000000       0x24 ../ucos1_bsp//libucosii_bsp.a(altera_avalon_mutex.o)
 .comment       0x00000000       0x24 ../ucos1_bsp//libucosii_bsp.a(altera_avalon_timer_sc.o)
 .comment       0x00000000       0x24 ../ucos1_bsp//libucosii_bsp.a(altera_avalon_timer_ts.o)
 .comment       0x00000000       0x24 ../ucos1_bsp//libucosii_bsp.a(altera_avalon_timer_vars.o)
 .comment       0x00000000       0x24 ../ucos1_bsp//libucosii_bsp.a(alt_alarm_start.o)
 .comment       0x00000000       0x24 ../ucos1_bsp//libucosii_bsp.a(alt_dcache_flush_all.o)
 .comment       0x00000000       0x24 ../ucos1_bsp//libucosii_bsp.a(alt_dev_llist_insert.o)
 .comment       0x00000000       0x24 ../ucos1_bsp//libucosii_bsp.a(alt_do_ctors.o)
 .comment       0x00000000       0x24 ../ucos1_bsp//libucosii_bsp.a(alt_do_dtors.o)
 .comment       0x00000000       0x24 ../ucos1_bsp//libucosii_bsp.a(alt_find_dev.o)
 .comment       0x00000000       0x24 ../ucos1_bsp//libucosii_bsp.a(alt_icache_flush_all.o)
 .comment       0x00000000       0x24 ../ucos1_bsp//libucosii_bsp.a(alt_io_redirect.o)
 .comment       0x00000000       0x24 ../ucos1_bsp//libucosii_bsp.a(alt_open.o)
 .comment       0x00000000       0x24 ../ucos1_bsp//libucosii_bsp.a(alt_tick.o)
 .comment       0x00000000       0x24 ../ucos1_bsp//libucosii_bsp.a(altera_nios2_qsys_irq.o)
 .comment       0x00000000       0x24 ../ucos1_bsp//libucosii_bsp.a(os_cpu_c.o)
 .comment       0x00000000       0x24 ../ucos1_bsp//libucosii_bsp.a(alt_find_file.o)
 .comment       0x00000000       0x24 ../ucos1_bsp//libucosii_bsp.a(alt_get_fd.o)
 .comment       0x00000000       0x24 ../ucos1_bsp//libucosii_bsp.a(alt_icache_flush.o)
 .comment       0x00000000       0x24 /CMC/tools/altera/13.1/nios2eds/bin/gnu/H-i686-pc-linux-gnu/bin/../lib/gcc/nios2-elf/4.7.3/../../../../../H-i686-pc-linux-gnu/nios2-elf/lib/mno-hw-mul/libc.a(lib_a-atexit.o)
 .comment       0x00000000       0x24 /CMC/tools/altera/13.1/nios2eds/bin/gnu/H-i686-pc-linux-gnu/bin/../lib/gcc/nios2-elf/4.7.3/../../../../../H-i686-pc-linux-gnu/nios2-elf/lib/mno-hw-mul/libc.a(lib_a-exit.o)
 .comment       0x00000000       0x24 /CMC/tools/altera/13.1/nios2eds/bin/gnu/H-i686-pc-linux-gnu/bin/../lib/gcc/nios2-elf/4.7.3/../../../../../H-i686-pc-linux-gnu/nios2-elf/lib/mno-hw-mul/libc.a(lib_a-memcmp.o)
 .comment       0x00000000       0x24 /CMC/tools/altera/13.1/nios2eds/bin/gnu/H-i686-pc-linux-gnu/bin/../lib/gcc/nios2-elf/4.7.3/../../../../../H-i686-pc-linux-gnu/nios2-elf/lib/mno-hw-mul/libc.a(lib_a-__atexit.o)
 .comment       0x00000000       0x24 /CMC/tools/altera/13.1/nios2eds/bin/gnu/H-i686-pc-linux-gnu/bin/../lib/gcc/nios2-elf/4.7.3/../../../../../H-i686-pc-linux-gnu/nios2-elf/lib/mno-hw-mul/libc.a(lib_a-__call_atexit.o)
 .comment       0x00000000       0x24 /CMC/tools/altera/13.1/nios2eds/bin/gnu/H-i686-pc-linux-gnu/bin/../lib/gcc/nios2-elf/4.7.3/mno-hw-mul/libgcc.a(_fixunsdfsi.o)
 .comment       0x00000000       0x24 /CMC/tools/altera/13.1/nios2eds/bin/gnu/H-i686-pc-linux-gnu/bin/../lib/gcc/nios2-elf/4.7.3/mno-hw-mul/libgcc.a(_addsub_df.o)
 .comment       0x00000000       0x24 /CMC/tools/altera/13.1/nios2eds/bin/gnu/H-i686-pc-linux-gnu/bin/../lib/gcc/nios2-elf/4.7.3/mno-hw-mul/libgcc.a(_mul_df.o)
 .comment       0x00000000       0x24 /CMC/tools/altera/13.1/nios2eds/bin/gnu/H-i686-pc-linux-gnu/bin/../lib/gcc/nios2-elf/4.7.3/mno-hw-mul/libgcc.a(_div_df.o)
 .comment       0x00000000       0x24 /CMC/tools/altera/13.1/nios2eds/bin/gnu/H-i686-pc-linux-gnu/bin/../lib/gcc/nios2-elf/4.7.3/mno-hw-mul/libgcc.a(_ge_df.o)
 .comment       0x00000000       0x24 /CMC/tools/altera/13.1/nios2eds/bin/gnu/H-i686-pc-linux-gnu/bin/../lib/gcc/nios2-elf/4.7.3/mno-hw-mul/libgcc.a(_df_to_si.o)
 .comment       0x00000000       0x24 /CMC/tools/altera/13.1/nios2eds/bin/gnu/H-i686-pc-linux-gnu/bin/../lib/gcc/nios2-elf/4.7.3/mno-hw-mul/libgcc.a(_thenan_df.o)
 .comment       0x00000000       0x24 /CMC/tools/altera/13.1/nios2eds/bin/gnu/H-i686-pc-linux-gnu/bin/../lib/gcc/nios2-elf/4.7.3/mno-hw-mul/libgcc.a(_usi_to_df.o)
 .comment       0x00000000       0x24 /CMC/tools/altera/13.1/nios2eds/bin/gnu/H-i686-pc-linux-gnu/bin/../lib/gcc/nios2-elf/4.7.3/mno-hw-mul/libgcc.a(lib2-divmod.o)
 .comment       0x00000000       0x24 /CMC/tools/altera/13.1/nios2eds/bin/gnu/H-i686-pc-linux-gnu/bin/../lib/gcc/nios2-elf/4.7.3/mno-hw-mul/libgcc.a(_muldi3.o)
 .comment       0x00000000       0x24 /CMC/tools/altera/13.1/nios2eds/bin/gnu/H-i686-pc-linux-gnu/bin/../lib/gcc/nios2-elf/4.7.3/mno-hw-mul/libgcc.a(_clzsi2.o)
 .comment       0x00000000       0x24 /CMC/tools/altera/13.1/nios2eds/bin/gnu/H-i686-pc-linux-gnu/bin/../lib/gcc/nios2-elf/4.7.3/mno-hw-mul/libgcc.a(_pack_df.o)
 .comment       0x00000000       0x24 /CMC/tools/altera/13.1/nios2eds/bin/gnu/H-i686-pc-linux-gnu/bin/../lib/gcc/nios2-elf/4.7.3/mno-hw-mul/libgcc.a(_unpack_df.o)