Archive member included because of file (symbol)

../critical_library/libcritical_library.a(fingerprint.o)
                              obj/default/Monitor.o (set_task_directory)
/CMC/tools/altera/13.1/nios2eds/bin/gnu/H-i686-pc-linux-gnu/bin/../lib/gcc/nios2-elf/4.7.3/mno-hw-mul/libgcc.a(lib2-mul.o)
                              obj/default/Monitor.o (__mulsi3)
/CMC/tools/altera/13.1/nios2eds/bin/gnu/H-i686-pc-linux-gnu/bin/../lib/gcc/nios2-elf/4.7.3/../../../../../H-i686-pc-linux-gnu/nios2-elf/lib/mno-hw-mul/libc.a(lib_a-clock.o)
                              obj/default/Monitor.o (clock)
/CMC/tools/altera/13.1/nios2eds/bin/gnu/H-i686-pc-linux-gnu/bin/../lib/gcc/nios2-elf/4.7.3/../../../../../H-i686-pc-linux-gnu/nios2-elf/lib/mno-hw-mul/libc.a(lib_a-exit.o)
                              obj/default/Monitor.o (exit)
/CMC/tools/altera/13.1/nios2eds/bin/gnu/H-i686-pc-linux-gnu/bin/../lib/gcc/nios2-elf/4.7.3/../../../../../H-i686-pc-linux-gnu/nios2-elf/lib/mno-hw-mul/libc.a(lib_a-impure.o)
                              /CMC/tools/altera/13.1/nios2eds/bin/gnu/H-i686-pc-linux-gnu/bin/../lib/gcc/nios2-elf/4.7.3/../../../../../H-i686-pc-linux-gnu/nios2-elf/lib/mno-hw-mul/libc.a(lib_a-exit.o) (_global_impure_ptr)
/CMC/tools/altera/13.1/nios2eds/bin/gnu/H-i686-pc-linux-gnu/bin/../lib/gcc/nios2-elf/4.7.3/../../../../../H-i686-pc-linux-gnu/nios2-elf/lib/mno-hw-mul/libc.a(lib_a-memcpy.o)
                              obj/default/Monitor.o (memcpy)
/CMC/tools/altera/13.1/nios2eds/bin/gnu/H-i686-pc-linux-gnu/bin/../lib/gcc/nios2-elf/4.7.3/../../../../../H-i686-pc-linux-gnu/nios2-elf/lib/mno-hw-mul/libc.a(lib_a-printf.o)
                              obj/default/Monitor.o (printf)
/CMC/tools/altera/13.1/nios2eds/bin/gnu/H-i686-pc-linux-gnu/bin/../lib/gcc/nios2-elf/4.7.3/../../../../../H-i686-pc-linux-gnu/nios2-elf/lib/mno-hw-mul/libc.a(lib_a-puts.o)
                              obj/default/Monitor.o (puts)
/CMC/tools/altera/13.1/nios2eds/bin/gnu/H-i686-pc-linux-gnu/bin/../lib/gcc/nios2-elf/4.7.3/../../../../../H-i686-pc-linux-gnu/nios2-elf/lib/mno-hw-mul/libc.a(lib_a-strlen.o)
                              /CMC/tools/altera/13.1/nios2eds/bin/gnu/H-i686-pc-linux-gnu/bin/../lib/gcc/nios2-elf/4.7.3/../../../../../H-i686-pc-linux-gnu/nios2-elf/lib/mno-hw-mul/libc.a(lib_a-puts.o) (strlen)
/CMC/tools/altera/13.1/nios2eds/bin/gnu/H-i686-pc-linux-gnu/bin/../lib/gcc/nios2-elf/4.7.3/../../../../../H-i686-pc-linux-gnu/nios2-elf/lib/mno-hw-mul/libc.a(lib_a-timesr.o)
                              /CMC/tools/altera/13.1/nios2eds/bin/gnu/H-i686-pc-linux-gnu/bin/../lib/gcc/nios2-elf/4.7.3/../../../../../H-i686-pc-linux-gnu/nios2-elf/lib/mno-hw-mul/libc.a(lib_a-clock.o) (_times_r)
/CMC/tools/altera/13.1/nios2eds/bin/gnu/H-i686-pc-linux-gnu/bin/../lib/gcc/nios2-elf/4.7.3/../../../../../H-i686-pc-linux-gnu/nios2-elf/lib/mno-hw-mul/libc.a(lib_a-vfprintf.o)
                              /CMC/tools/altera/13.1/nios2eds/bin/gnu/H-i686-pc-linux-gnu/bin/../lib/gcc/nios2-elf/4.7.3/../../../../../H-i686-pc-linux-gnu/nios2-elf/lib/mno-hw-mul/libc.a(lib_a-printf.o) (___vfprintf_internal_r)
/CMC/tools/altera/13.1/nios2eds/bin/gnu/H-i686-pc-linux-gnu/bin/../lib/gcc/nios2-elf/4.7.3/../../../../../H-i686-pc-linux-gnu/nios2-elf/lib/mno-hw-mul/libc.a(lib_a-wsetup.o)
                              /CMC/tools/altera/13.1/nios2eds/bin/gnu/H-i686-pc-linux-gnu/bin/../lib/gcc/nios2-elf/4.7.3/../../../../../H-i686-pc-linux-gnu/nios2-elf/lib/mno-hw-mul/libc.a(lib_a-vfprintf.o) (__swsetup_r)
/CMC/tools/altera/13.1/nios2eds/bin/gnu/H-i686-pc-linux-gnu/bin/../lib/gcc/nios2-elf/4.7.3/../../../../../H-i686-pc-linux-gnu/nios2-elf/lib/mno-hw-mul/libc.a(lib_a-__call_atexit.o)
                              /CMC/tools/altera/13.1/nios2eds/bin/gnu/H-i686-pc-linux-gnu/bin/../lib/gcc/nios2-elf/4.7.3/../../../../../H-i686-pc-linux-gnu/nios2-elf/lib/mno-hw-mul/libc.a(lib_a-exit.o) (__call_exitprocs)
/CMC/tools/altera/13.1/nios2eds/bin/gnu/H-i686-pc-linux-gnu/bin/../lib/gcc/nios2-elf/4.7.3/../../../../../H-i686-pc-linux-gnu/nios2-elf/lib/mno-hw-mul/libc.a(lib_a-dtoa.o)
                              /CMC/tools/altera/13.1/nios2eds/bin/gnu/H-i686-pc-linux-gnu/bin/../lib/gcc/nios2-elf/4.7.3/../../../../../H-i686-pc-linux-gnu/nios2-elf/lib/mno-hw-mul/libc.a(lib_a-vfprintf.o) (_dtoa_r)
/CMC/tools/altera/13.1/nios2eds/bin/gnu/H-i686-pc-linux-gnu/bin/../lib/gcc/nios2-elf/4.7.3/../../../../../H-i686-pc-linux-gnu/nios2-elf/lib/mno-hw-mul/libc.a(lib_a-fflush.o)
                              /CMC/tools/altera/13.1/nios2eds/bin/gnu/H-i686-pc-linux-gnu/bin/../lib/gcc/nios2-elf/4.7.3/../../../../../H-i686-pc-linux-gnu/nios2-elf/lib/mno-hw-mul/libc.a(lib_a-vfprintf.o) (_fflush_r)
/CMC/tools/altera/13.1/nios2eds/bin/gnu/H-i686-pc-linux-gnu/bin/../lib/gcc/nios2-elf/4.7.3/../../../../../H-i686-pc-linux-gnu/nios2-elf/lib/mno-hw-mul/libc.a(lib_a-findfp.o)
[...]
Memory Configuration

Name             Origin             Length             Attributes
reset            0x00400000         0x00000020
memory_0_onchip_memoryMain 0x00400020         0x00030fe0
global_data      0x00431000         0x00001000
shared_memory    0x02500000         0x00000400
processorM_0_scratchpad 0x08200000         0x00004000
*default*        0x00000000         0xffffffff

Linker script and memory map

LOAD ../ucosMon_bsp//obj/HAL/src/crt0.o
LOAD obj/default/Monitor.o
LOAD obj/default/gp.o
LOAD ../critical_library/libcritical_library.a
LOAD /CMC/tools/altera/13.1/nios2eds/bin/gnu/H-i686-pc-linux-gnu/bin/../lib/gcc/nios2-elf/4.7.3/../../../../../H-i686-pc-linux-gnu/nios2-elf/lib/mno-hw-mul/libstdc++.a
LOAD /CMC/tools/altera/13.1/nios2eds/bin/gnu/H-i686-pc-linux-gnu/bin/../lib/gcc/nios2-elf/4.7.3/../../../../../H-i686-pc-linux-gnu/nios2-elf/lib/mno-hw-mul/libm.a
LOAD /CMC/tools/altera/13.1/nios2eds/bin/gnu/H-i686-pc-linux-gnu/bin/../lib/gcc/nios2-elf/4.7.3/mno-hw-mul/libgcc.a
START GROUP
LOAD /CMC/tools/altera/13.1/nios2eds/bin/gnu/H-i686-pc-linux-gnu/bin/../lib/gcc/nios2-elf/4.7.3/../../../../../H-i686-pc-linux-gnu/nios2-elf/lib/mno-hw-mul/libc.a
LOAD /CMC/tools/altera/13.1/nios2eds/bin/gnu/H-i686-pc-linux-gnu/bin/../lib/gcc/nios2-elf/4.7.3/mno-hw-mul/libgcc.a
LOAD ../ucosMon_bsp//libucosii_bsp.a
END GROUP
LOAD /CMC/tools/altera/13.1/nios2eds/bin/gnu/H-i686-pc-linux-gnu/bin/../lib/gcc/nios2-elf/4.7.3/mno-hw-mul/libgcc.a
                0x00400000                __alt_mem_memory_0_onchip_memoryMain = 0x400000
                0x02500000                __alt_mem_shared_memory = 0x2500000
                0x08200000                __alt_mem_processorM_0_scratchpad = 0x8200000

.entry          0x00400000       0x20
 *(.entry)
 .entry         0x00400000       0x20 ../ucosMon_bsp//obj/HAL/src/crt0.o
                0x00400000                __reset

.exceptions     0x00400020      0x19c
                0x00400020                PROVIDE (__ram_exceptions_start, ABSOLUTE (.))
                0x00400020                . = ALIGN (0x20)
 *(.irq)
 *(.exceptions.entry.label)
 .exceptions.entry.label
                0x00400020        0x0 ../ucosMon_bsp//libucosii_bsp.a(alt_irq_entry.o)
                0x00400020                alt_irq_entry
 .exceptions.entry.label
                0x00400020        0x0 ../ucosMon_bsp//libucosii_bsp.a(alt_exception_entry.o)
                0x00400020                alt_exception
 *(.exceptions.entry.user)
 *(.exceptions.entry.ecc_fatal)
 *(.exceptions.entry)
 .exceptions.entry
                0x00400020       0x54 ../ucosMon_bsp//libucosii_bsp.a(alt_exception_entry.o)
 *(.exceptions.irqtest.user)
 *(.exceptions.irqtest)
 .exceptions.irqtest
                0x00400074       0x10 ../ucosMon_bsp//libucosii_bsp.a(alt_irq_entry.o)
 *(.exceptions.irqhandler.user)
 *(.exceptions.irqhandler)
 .exceptions.irqhandler
                0x00400084        0x4 ../ucosMon_bsp//libucosii_bsp.a(alt_irq_entry.o)
 *(.exceptions.irqreturn.user)
 *(.exceptions.irqreturn)
 .exceptions.irqreturn
                0x00400088        0x4 ../ucosMon_bsp//libucosii_bsp.a(alt_irq_entry.o)
 *(.exceptions.notirq.label)
 .exceptions.notirq.label
                0x0040008c        0x0 ../ucosMon_bsp//libucosii_bsp.a(alt_irq_entry.o)
 *(.exceptions.notirq.user)
 *(.exceptions.notirq)
 .exceptions.notirq
                0x0040008c        0x8 ../ucosMon_bsp//libucosii_bsp.a(alt_exception_entry.o)
 *(.exceptions.soft.user)
 *(.exceptions.soft)
 *(.exceptions.unknown.user)
 *(.exceptions.unknown)
 .exceptions.unknown
                0x00400094        0x4 ../ucosMon_bsp//libucosii_bsp.a(alt_exception_entry.o)
 *(.exceptions.exit.label)
 .exceptions.exit.label
                0x00400098        0x0 ../ucosMon_bsp//libucosii_bsp.a(alt_irq_entry.o)
 .exceptions.exit.label
                0x00400098        0x0 ../ucosMon_bsp//libucosii_bsp.a(alt_exception_entry.o)
 *(.exceptions.exit.user)
 *(.exceptions.exit)
 .exceptions.exit
                0x00400098       0x54 ../ucosMon_bsp//libucosii_bsp.a(alt_exception_entry.o)
 *(.exceptions)
 .exceptions    0x004000ec       0xd0 ../ucosMon_bsp//libucosii_bsp.a(alt_irq_handler.o)
                0x004000ec                alt_irq_handler
                0x004001bc                PROVIDE (__ram_exceptions_end, ABSOLUTE (.))
                0x00400020                PROVIDE (__flash_exceptions_start, LOADADDR (.exceptions))

.critical       0x08200000     0x2400
                0x08200000                PROVIDE (_alt_partition_critical_start, ABSOLUTE (.))
 *(.critical .critical.*)
 .critical      0x08200000     0x2400 obj/default/Monitor.o
                0x08200000                schedule_task_stk
                0x08200c00                print_status_stk
                0x08201800                print_execution_times_stk
                0x08202400                . = ALIGN (0x4)
                0x08202400                PROVIDE (_alt_partition_critical_end, ABSOLUTE (.))

.global_data    0x00431000        0x0
                0x00431000                PROVIDE (_alt_partition_global_data_start, ABSOLUTE (.))
 *(.global_data .global_data.*)
                0x00431000                . = ALIGN (0x4)
                0x00431000                PROVIDE (_alt_partition_global_data_end, ABSOLUTE (.))

.text           0x004001bc    0x19634
                0x004001bc                PROVIDE (stext, ABSOLUTE (.))
 *(.interp)
 *(.hash)
 *(.dynsym)
 *(.dynstr)
 *(.gnu.version)
 *(.gnu.version_d)
 *(.gnu.version_r)
 *(.rel.init)
 *(.rela.init)
 *(.rel.text .rel.text.* .rel.gnu.linkonce.t.*)
 *(.rela.text .rela.text.* .rela.gnu.linkonce.t.*)
 *(.rel.fini)
 *(.rela.fini)
 *(.rel.rodata .rel.rodata.* .rel.gnu.linkonce.r.*)
 *(.rela.rodata .rela.rodata.* .rela.gnu.linkonce.r.*)
 *(.rel.data .rel.data.* .rel.gnu.linkonce.d.*)
 *(.rela.data .rela.data.* .rela.gnu.linkonce.d.*)
 *(.rel.tdata .rel.tdata.* .rel.gnu.linkonce.td.*)
 *(.rela.tdata .rela.tdata.* .rela.gnu.linkonce.td.*)
 *(.rel.tbss .rel.tbss.* .rel.gnu.linkonce.tb.*)
 *(.rela.tbss .rela.tbss.* .rela.gnu.linkonce.tb.*)
 *(.rel.ctors)
 *(.rela.ctors)
 *(.rel.dtors)
 *(.rela.dtors)
 *(.rel.got)
 *(.rela.got)
 *(.rel.sdata .rel.sdata.* .rel.gnu.linkonce.s.*)
 *(.rela.sdata .rela.sdata.* .rela.gnu.linkonce.s.*)
 *(.rel.sbss .rel.sbss.* .rel.gnu.linkonce.sb.*)
 *(.rela.sbss .rela.sbss.* .rela.gnu.linkonce.sb.*)
 *(.rel.sdata2 .rel.sdata2.* .rel.gnu.linkonce.s2.*)
 *(.rela.sdata2 .rela.sdata2.* .rela.gnu.linkonce.s2.*)
 *(.rel.sbss2 .rel.sbss2.* .rel.gnu.linkonce.sb2.*)
 *(.rela.sbss2 .rela.sbss2.* .rela.gnu.linkonce.sb2.*)
 *(.rel.bss .rel.bss.* .rel.gnu.linkonce.b.*)
 *(.rela.bss .rela.bss.* .rela.gnu.linkonce.b.*)
 *(.rel.plt)
 *(.rela.plt)
 *(.rel.dyn)
 *(.init)
 *(.plt)
 *(.text .stub .text.* .gnu.linkonce.t.*)
 .text          0x004001bc       0x3c ../ucosMon_bsp//obj/HAL/src/crt0.o
                0x004001bc                _start
 .text          0x004001f8      0x9a0 obj/default/Monitor.o
                0x004002c8                schedule_task
                0x0040038c                print_status_task
                0x004004a4                print_execution_times
                0x004006a8                dma
                0x004008ac                main
 .text          0x00400b98       0x24 obj/default/gp.o
                0x00400b98                get_gp
                0x00400ba4                set_gp
                0x00400bb0                restore_gp
 .text          0x00400bbc      0x260 ../critical_library/libcritical_library.a(fingerprint.o)
                0x00400bbc                set_task_directory
                0x00400c54                enable_fprint_task
                0x00400c80                disable_fprint_task
                0x00400ca4                fprint_reset_irq
                0x00400cc4                fprint_status
                0x00400d14                fprint_set_block_size
                0x00400d3c                set_core_assignment
                0x00400d88                set_core_assignment_table
 .text          0x00400e1c       0x28 /CMC/tools/altera/13.1/nios2eds/bin/gnu/H-i686-pc-linux-gnu/bin/../lib/gcc/nios2-elf/4.7.3/mno-hw-mul/libgcc.a(lib2-mul.o)
                0x00400e1c                __mulsi3
 .text          0x00400e44       0x4c /CMC/tools/altera/13.1/nios2eds/bin/gnu/H-i686-pc-linux-gnu/bin/../lib/gcc/nios2-elf/4.7.3/../../../../../H-i686-pc-linux-gnu/nios2-elf/lib/mno-hw-mul/libc.a(lib_a-clock.o)
                0x00400e44                clock
 .text          0x00400e90       0x38 /CMC/tools/altera/13.1/nios2eds/bin/gnu/H-i686-pc-linux-gnu/bin/../lib/gcc/nios2-elf/4.7.3/../../../../../H-i686-pc-linux-gnu/nios2-elf/lib/mno-hw-mul/libc.a(lib_a-exit.o)
                0x00400e90                exit
 .text          0x00400ec8        0x0 /CMC/tools/altera/13.1/nios2eds/bin/gnu/H-i686-pc-linux-gnu/bin/../lib/gcc/nios2-elf/4.7.3/../../../../../H-i686-pc-linux-gnu/nios2-elf/lib/mno-hw-mul/libc.a(lib_a-impure.o)
 .text          0x00400ec8      0x140 /CMC/tools/altera/13.1/nios2eds/bin/gnu/H-i686-pc-linux-gnu/bin/../lib/gcc/nios2-elf/4.7.3/../../../../../H-i686-pc-linux-gnu/nios2-elf/lib/mno-hw-mul/libc.a(lib_a-memcpy.o)
                0x00400ec8                memcpy
 .text          0x00401008       0x68 /CMC/tools/altera/13.1/nios2eds/bin/gnu/H-i686-pc-linux-gnu/bin/../lib/gcc/nios2-elf/4.7.3/../../../../../H-i686-pc-linux-gnu/nios2-elf/lib/mno-hw-mul/libc.a(lib_a-printf.o)
                0x00401008                _printf_r
                0x00401034                printf
 .text          0x00401070       0x98 /CMC/tools/altera/13.1/nios2eds/bin/gnu/H-i686-pc-linux-gnu/bin/../lib/gcc/nios2-elf/4.7.3/../../../../../H-i686-pc-linux-gnu/nios2-elf/lib/mno-hw-mul/libc.a(lib_a-puts.o)
                0x00401070                _puts_r
                0x004010f4                puts
 .text          0x00401108       0x8c /CMC/tools/altera/13.1/nios2eds/bin/gnu/H-i686-pc-linux-gnu/bin/../lib/gcc/nios2-elf/4.7.3/../../../../../H-i686-pc-linux-gnu/nios2-elf/lib/mno-hw-mul/libc.a(lib_a-strlen.o)
                0x00401108                strlen
 .text          0x00401194        0x8 /CMC/tools/altera/13.1/nios2eds/bin/gnu/H-i686-pc-linux-gnu/bin/../lib/gcc/nios2-elf/4.7.3/../../../../../H-i686-pc-linux-gnu/nios2-elf/lib/mno-hw-mul/libc.a(lib_a-timesr.o)
                0x00401194                _times_r
 .text          0x0040119c     0x1ed4 /CMC/tools/altera/13.1/nios2eds/bin/gnu/H-i686-pc-linux-gnu/bin/../lib/gcc/nios2-elf/4.7.3/../../../../../H-i686-pc-linux-gnu/nios2-elf/lib/mno-hw-mul/libc.a(lib_a-vfprintf.o)
                0x004011d0                ___vfprintf_internal_r
                0x0040304c                __vfprintf_internal
 .text          0x00403070      0x174 /CMC/tools/altera/13.1/nios2eds/bin/gnu/H-i686-pc-linux-gnu/bin/../lib/gcc/nios2-elf/4.7.3/../../../../../H-i686-pc-linux-gnu/nios2-elf/lib/mno-hw-mul/libc.a(lib_a-wsetup.o)
                0x00403070                __swsetup_r
 .text          0x004031e4      0x1a0 /CMC/tools/altera/13.1/nios2eds/bin/gnu/H-i686-pc-linux-gnu/bin/../lib/gcc/nios2-elf/4.7.3/../../../../../H-i686-pc-linux-gnu/nios2-elf/lib/mno-hw-mul/libc.a(lib_a-__call_atexit.o)
                0x004031e4                __call_exitprocs
 .text          0x00403384     0x1858 /CMC/tools/altera/13.1/nios2eds/bin/gnu/H-i686-pc-linux-gnu/bin/../lib/gcc/nios2-elf/4.7.3/../../../../../H-i686-pc-linux-gnu/nios2-elf/lib/mno-hw-mul/libc.a(lib_a-dtoa.o)
                0x004035c0                _dtoa_r
 .text          0x00404bdc      0x218 /CMC/tools/altera/13.1/nios2eds/bin/gnu/H-i686-pc-linux-gnu/bin/../lib/gcc/nios2-elf/4.7.3/../../../../../H-i686-pc-linux-gnu/nios2-elf/lib/mno-hw-mul/libc.a(lib_a-fflush.o)
                0x00404bdc                _fflush_r
                0x00404dc4                fflush
 .text          0x00404df4      0x2ec /CMC/tools/altera/13.1/nios2eds/bin/gnu/H-i686-pc-linux-gnu/bin/../lib/gcc/nios2-elf/4.7.3/../../../../../H-i686-pc-linux-gnu/nios2-elf/lib/mno-hw-mul/libc.a(lib_a-findfp.o)
                0x00404e04                _cleanup_r
                0x00404e10                __sfmoreglue
                0x00404e88                _cleanup
                0x00404e98                __sinit
                0x00404fa4                __sfp
                0x004050a0                __sfp_lock_acquire
                0x004050a4                __sfp_lock_release
                0x004050a8                __sinit_lock_acquire
                0x004050ac                __sinit_lock_release
                0x004050b0                __fp_lock_all
                0x004050c8                __fp_unlock_all
 .text          0x004050e0      0x40c /CMC/tools/altera/13.1/nios2eds/bin/gnu/H-i686-pc-linux-gnu/bin/../lib/gcc/nios2-elf/4.7.3/../../../../../H-i686-pc-linux-gnu/nios2-elf/lib/mno-hw-mul/libc.a(lib_a-freer.o)
                0x004050e0                _malloc_trim_r
                0x0040521c                _free_r
 .text          0x004054ec      0x4e4 /CMC/tools/altera/13.1/nios2eds/bin/gnu/H-i686-pc-linux-gnu/bin/../lib/gcc/nios2-elf/4.7.3/../../../../../H-i686-pc-linux-gnu/nios2-elf/lib/mno-hw-mul/libc.a(lib_a-fvwrite.o)
                0x004054ec                __sfvwrite_r
 .text          0x004059d0      0x160 /CMC/tools/altera/13.1/nios2eds/bin/gnu/H-i686-pc-linux-gnu/bin/../lib/gcc/nios2-elf/4.7.3/../../../../../H-i686-pc-linux-gnu/nios2-elf/lib/mno-hw-mul/libc.a(lib_a-fwalk.o)
                0x004059d0                _fwalk
                0x00405a78                _fwalk_reent
 .text          0x00405b30       0xdc /CMC/tools/altera/13.1/nios2eds/bin/gnu/H-i686-pc-linux-gnu/bin/../lib/gcc/nios2-elf/4.7.3/../../../../../H-i686-pc-linux-gnu/nios2-elf/lib/mno-hw-mul/libc.a(lib_a-locale.o)
                0x00405b30                _setlocale_r
                0x00405bcc                __locale_charset
                0x00405bd8                _localeconv_r
                0x00405be4                setlocale
                0x00405c00                localeconv
 .text          0x00405c0c      0x1a8 /CMC/tools/altera/13.1/nios2eds/bin/gnu/H-i686-pc-linux-gnu/bin/../lib/gcc/nios2-elf/4.7.3/../../../../../H-i686-pc-linux-gnu/nios2-elf/lib/mno-hw-mul/libc.a(lib_a-makebuf.o)
                0x00405c0c                __smakebuf_r
 .text          0x00405db4      0x784 /CMC/tools/altera/13.1/nios2eds/bin/gnu/H-i686-pc-linux-gnu/bin/../lib/gcc/nios2-elf/4.7.3/../../../../../H-i686-pc-linux-gnu/nios2-elf/lib/mno-hw-mul/libc.a(lib_a-mallocr.o)
                0x00405db4                _malloc_r
 .text          0x00406538       0xf8 /CMC/tools/altera/13.1/nios2eds/bin/gnu/H-i686-pc-linux-gnu/bin/../lib/gcc/nios2-elf/4.7.3/../../../../../H-i686-pc-linux-gnu/nios2-elf/lib/mno-hw-mul/libc.a(lib_a-memchr.o)
                0x00406538                memchr
 .text          0x00406630      0x18c /CMC/tools/altera/13.1/nios2eds/bin/gnu/H-i686-pc-linux-gnu/bin/../lib/gcc/nios2-elf/4.7.3/../../../../../H-i686-pc-linux-gnu/nios2-elf/lib/mno-hw-mul/libc.a(lib_a-memmove.o)
                0x00406630                memmove
 .text          0x004067bc       0xdc /CMC/tools/altera/13.1/nios2eds/bin/gnu/H-i686-pc-linux-gnu/bin/../lib/gcc/nios2-elf/4.7.3/../../../../../H-i686-pc-linux-gnu/nios2-elf/lib/mno-hw-mul/libc.a(lib_a-memset.o)
                0x004067bc                memset
 .text          0x00406898     0x1050 /CMC/tools/altera/13.1/nios2eds/bin/gnu/H-i686-pc-linux-gnu/bin/../lib/gcc/nios2-elf/4.7.3/../../../../../H-i686-pc-linux-gnu/nios2-elf/lib/mno-hw-mul/libc.a(lib_a-mprec.o)
                0x00406898                _Balloc
                0x00406940                _Bfree
                0x00406968                __multadd
                0x00406aac                __s2b
                0x00406bb0                __hi0bits
                0x00406c18                __lo0bits
                0x00406cc8                __i2b
                0x00406d04                __multiply
                0x00406f5c                __pow5mult
                0x00407088                __lshift
                0x004071e4                __mcmp
                0x0040723c                __mdiff
                0x004073e4                __ulp
                0x00407444                __b2d
                0x0040758c                __d2b
                0x004076d0                __ratio
                0x00407774                _mprec_log10
                0x004077e8                __copybits
                0x00407864                __any_on
 .text          0x004078e8      0x5fc /CMC/tools/altera/13.1/nios2eds/bin/gnu/H-i686-pc-linux-gnu/bin/../lib/gcc/nios2-elf/4.7.3/../../../../../H-i686-pc-linux-gnu/nios2-elf/lib/mno-hw-mul/libc.a(lib_a-reallocr.o)
                0x004078e8                _realloc_r
 .text          0x00407ee4       0x38 /CMC/tools/altera/13.1/nios2eds/bin/gnu/H-i686-pc-linux-gnu/bin/../lib/gcc/nios2-elf/4.7.3/../../../../../H-i686-pc-linux-gnu/nios2-elf/lib/mno-hw-mul/libc.a(lib_a-s_isinfd.o)
                0x00407ee4                __isinfd
 .text          0x00407f1c       0x2c /CMC/tools/altera/13.1/nios2eds/bin/gnu/H-i686-pc-linux-gnu/bin/../lib/gcc/nios2-elf/4.7.3/../../../../../H-i686-pc-linux-gnu/nios2-elf/lib/mno-hw-mul/libc.a(lib_a-s_isnand.o)
                0x00407f1c                __isnand
 .text          0x00407f48       0x64 /CMC/tools/altera/13.1/nios2eds/bin/gnu/H-i686-pc-linux-gnu/bin/../lib/gcc/nios2-elf/4.7.3/../../../../../H-i686-pc-linux-gnu/nios2-elf/lib/mno-hw-mul/libc.a(lib_a-sbrkr.o)
                0x00407f48                _sbrk_r
 .text          0x00407fac      0x140 /CMC/tools/altera/13.1/nios2eds/bin/gnu/H-i686-pc-linux-gnu/bin/../lib/gcc/nios2-elf/4.7.3/../../../../../H-i686-pc-linux-gnu/nios2-elf/lib/mno-hw-mul/libc.a(lib_a-stdio.o)
                0x00407fac                __sread
                0x00408000                __swrite
                0x00408088                __sseek
                0x004080e4                __sclose
 .text          0x004080ec       0xa4 /CMC/tools/altera/13.1/nios2eds/bin/gnu/H-i686-pc-linux-gnu/bin/../lib/gcc/nios2-elf/4.7.3/../../../../../H-i686-pc-linux-gnu/nios2-elf/lib/mno-hw-mul/libc.a(lib_a-strcmp.o)
                0x004080ec                strcmp
 .text          0x00408190       0x6c /CMC/tools/altera/13.1/nios2eds/bin/gnu/H-i686-pc-linux-gnu/bin/../lib/gcc/nios2-elf/4.7.3/../../../../../H-i686-pc-linux-gnu/nios2-elf/lib/mno-hw-mul/libc.a(lib_a-writer.o)
                0x00408190                _write_r
 .text          0x004081fc       0xcc /CMC/tools/altera/13.1/nios2eds/bin/gnu/H-i686-pc-linux-gnu/bin/../lib/gcc/nios2-elf/4.7.3/../../../../../H-i686-pc-linux-gnu/nios2-elf/lib/mno-hw-mul/libc.a(lib_a-callocr.o)
                0x004081fc                _calloc_r
 .text          0x004082c8       0x64 /CMC/tools/altera/13.1/nios2eds/bin/gnu/H-i686-pc-linux-gnu/bin/../lib/gcc/nios2-elf/4.7.3/../../../../../H-i686-pc-linux-gnu/nios2-elf/lib/mno-hw-mul/libc.a(lib_a-closer.o)
                0x004082c8                _close_r
 .text          0x0040832c      0x150 /CMC/tools/altera/13.1/nios2eds/bin/gnu/H-i686-pc-linux-gnu/bin/../lib/gcc/nios2-elf/4.7.3/../../../../../H-i686-pc-linux-gnu/nios2-elf/lib/mno-hw-mul/libc.a(lib_a-fclose.o)
                0x0040832c                _fclose_r
                0x00408468                fclose
 .text          0x0040847c       0x68 /CMC/tools/altera/13.1/nios2eds/bin/gnu/H-i686-pc-linux-gnu/bin/../lib/gcc/nios2-elf/4.7.3/../../../../../H-i686-pc-linux-gnu/nios2-elf/lib/mno-hw-mul/libc.a(lib_a-fstatr.o)
                0x0040847c                _fstat_r
 .text          0x004084e4        0x0 /CMC/tools/altera/13.1/nios2eds/bin/gnu/H-i686-pc-linux-gnu/bin/../lib/gcc/nios2-elf/4.7.3/../../../../../H-i686-pc-linux-gnu/nios2-elf/lib/mno-hw-mul/libc.a(lib_a-int_errno.o)
 .text          0x004084e4       0x64 /CMC/tools/altera/13.1/nios2eds/bin/gnu/H-i686-pc-linux-gnu/bin/../lib/gcc/nios2-elf/4.7.3/../../../../../H-i686-pc-linux-gnu/nios2-elf/lib/mno-hw-mul/libc.a(lib_a-isattyr.o)
                0x004084e4                _isatty_r
 .text          0x00408548       0x6c /CMC/tools/altera/13.1/nios2eds/bin/gnu/H-i686-pc-linux-gnu/bin/../lib/gcc/nios2-elf/4.7.3/../../../../../H-i686-pc-linux-gnu/nios2-elf/lib/mno-hw-mul/libc.a(lib_a-lseekr.o)
                0x00408548                _lseek_r
 .text          0x004085b4       0x6c /CMC/tools/altera/13.1/nios2eds/bin/gnu/H-i686-pc-linux-gnu/bin/../lib/gcc/nios2-elf/4.7.3/../../../../../H-i686-pc-linux-gnu/nios2-elf/lib/mno-hw-mul/libc.a(lib_a-readr.o)
                0x004085b4                _read_r
 .text          0x00408620      0x650 /CMC/tools/altera/13.1/nios2eds/bin/gnu/H-i686-pc-linux-gnu/bin/../lib/gcc/nios2-elf/4.7.3/mno-hw-mul/libgcc.a(_udivdi3.o)
                0x00408620                __udivdi3
 .text          0x00408c70      0x628 /CMC/tools/altera/13.1/nios2eds/bin/gnu/H-i686-pc-linux-gnu/bin/../lib/gcc/nios2-elf/4.7.3/mno-hw-mul/libgcc.a(_umoddi3.o)
                0x00408c70                __umoddi3
 .text          0x00409298      0x408 /CMC/tools/altera/13.1/nios2eds/bin/gnu/H-i686-pc-linux-gnu/bin/../lib/gcc/nios2-elf/4.7.3/mno-hw-mul/libgcc.a(_addsub_df.o)
                0x004095ec                __adddf3
                0x00409640                __subdf3
 .text          0x004096a0      0x2e4 /CMC/tools/altera/13.1/nios2eds/bin/gnu/H-i686-pc-linux-gnu/bin/../lib/gcc/nios2-elf/4.7.3/mno-hw-mul/libgcc.a(_mul_df.o)
                0x004096a0                __muldf3
 .text          0x00409984      0x1b4 /CMC/tools/altera/13.1/nios2eds/bin/gnu/H-i686-pc-linux-gnu/bin/../lib/gcc/nios2-elf/4.7.3/mno-hw-mul/libgcc.a(_div_df.o)
                0x00409984                __divdf3
 .text          0x00409b38       0x5c /CMC/tools/altera/13.1/nios2eds/bin/gnu/H-i686-pc-linux-gnu/bin/../lib/gcc/nios2-elf/4.7.3/mno-hw-mul/libgcc.a(_eq_df.o)
                0x00409b38                __eqdf2
 .text          0x00409b94       0x5c /CMC/tools/altera/13.1/nios2eds/bin/gnu/H-i686-pc-linux-gnu/bin/../lib/gcc/nios2-elf/4.7.3/mno-hw-mul/libgcc.a(_ne_df.o)
                0x00409b94                __nedf2
 .text          0x00409bf0       0x64 /CMC/tools/altera/13.1/nios2eds/bin/gnu/H-i686-pc-linux-gnu/bin/../lib/gcc/nios2-elf/4.7.3/mno-hw-mul/libgcc.a(_gt_df.o)
                0x00409bf0                __gtdf2
 .text          0x00409c54       0x64 /CMC/tools/altera/13.1/nios2eds/bin/gnu/H-i686-pc-linux-gnu/bin/../lib/gcc/nios2-elf/4.7.3/mno-hw-mul/libgcc.a(_ge_df.o)
                0x00409c54                __gedf2
 .text          0x00409cb8       0x5c /CMC/tools/altera/13.1/nios2eds/bin/gnu/H-i686-pc-linux-gnu/bin/../lib/gcc/nios2-elf/4.7.3/mno-hw-mul/libgcc.a(_lt_df.o)
                0x00409cb8                __ltdf2
 .text          0x00409d14       0xd4 /CMC/tools/altera/13.1/nios2eds/bin/gnu/H-i686-pc-linux-gnu/bin/../lib/gcc/nios2-elf/4.7.3/mno-hw-mul/libgcc.a(_si_to_df.o)
                0x00409d14                __floatsidf
 .text          0x00409de8       0xd4 /CMC/tools/altera/13.1/nios2eds/bin/gnu/H-i686-pc-linux-gnu/bin/../lib/gcc/nios2-elf/4.7.3/mno-hw-mul/libgcc.a(_df_to_si.o)
                0x00409de8                __fixdfsi
 .text          0x00409ebc        0x0 /CMC/tools/altera/13.1/nios2eds/bin/gnu/H-i686-pc-linux-gnu/bin/../lib/gcc/nios2-elf/4.7.3/mno-hw-mul/libgcc.a(_thenan_df.o)
 .text          0x00409ebc      0x11c /CMC/tools/altera/13.1/nios2eds/bin/gnu/H-i686-pc-linux-gnu/bin/../lib/gcc/nios2-elf/4.7.3/mno-hw-mul/libgcc.a(_usi_to_df.o)
                0x00409ebc                __floatunsidf
 .text          0x00409fd8      0x130 /CMC/tools/altera/13.1/nios2eds/bin/gnu/H-i686-pc-linux-gnu/bin/../lib/gcc/nios2-elf/4.7.3/mno-hw-mul/libgcc.a(lib2-divmod.o)
                0x0040a04c                __divsi3
                0x0040a09c                __modsi3
                0x0040a0f8                __udivsi3
                0x0040a100                __umodsi3
 .text          0x0040a108      0x110 /CMC/tools/altera/13.1/nios2eds/bin/gnu/H-i686-pc-linux-gnu/bin/../lib/gcc/nios2-elf/4.7.3/mno-hw-mul/libgcc.a(_muldi3.o)
                0x0040a108                __muldi3
 .text          0x0040a218        0x0 /CMC/tools/altera/13.1/nios2eds/bin/gnu/H-i686-pc-linux-gnu/bin/../lib/gcc/nios2-elf/4.7.3/mno-hw-mul/libgcc.a(_clz.o)
 .text          0x0040a218       0xac /CMC/tools/altera/13.1/nios2eds/bin/gnu/H-i686-pc-linux-gnu/bin/../lib/gcc/nios2-elf/4.7.3/mno-hw-mul/libgcc.a(_clzsi2.o)
                0x0040a218                __clzsi2
 .text          0x0040a2c4      0x224 /CMC/tools/altera/13.1/nios2eds/bin/gnu/H-i686-pc-linux-gnu/bin/../lib/gcc/nios2-elf/4.7.3/mno-hw-mul/libgcc.a(_pack_df.o)
                0x0040a2c4                __pack_d
 .text          0x0040a4e8      0x104 /CMC/tools/altera/13.1/nios2eds/bin/gnu/H-i686-pc-linux-gnu/bin/../lib/gcc/nios2-elf/4.7.3/mno-hw-mul/libgcc.a(_unpack_df.o)
                0x0040a4e8                __unpack_d
 .text          0x0040a5ec       0xd0 /CMC/tools/altera/13.1/nios2eds/bin/gnu/H-i686-pc-linux-gnu/bin/../lib/gcc/nios2-elf/4.7.3/mno-hw-mul/libgcc.a(_fpcmp_parts_df.o)
                0x0040a5ec                __fpcmp_parts_d
 .text          0x0040a6bc       0x44 /CMC/tools/altera/13.1/nios2eds/bin/gnu/H-i686-pc-linux-gnu/bin/../lib/gcc/nios2-elf/4.7.3/mno-hw-mul/libgcc.a(_lshrdi3.o)
                0x0040a6bc                __lshrdi3
 .text          0x0040a700       0x44 /CMC/tools/altera/13.1/nios2eds/bin/gnu/H-i686-pc-linux-gnu/bin/../lib/gcc/nios2-elf/4.7.3/mno-hw-mul/libgcc.a(_ashldi3.o)
                0x0040a700                __ashldi3
 .text          0x0040a744      0x11c ../ucosMon_bsp//libucosii_bsp.a(alt_close.o)
                0x0040a794                close
 .text          0x0040a860       0x2c ../ucosMon_bsp//libucosii_bsp.a(alt_dev.o)
 .text          0x0040a88c       0xa0 ../ucosMon_bsp//libucosii_bsp.a(alt_dma_rxchan_open.o)
                0x0040a8dc                alt_dma_rxchan_open
 .text          0x0040a92c       0xa0 ../ucosMon_bsp//libucosii_bsp.a(alt_dma_txchan_open.o)
                0x0040a97c                alt_dma_txchan_open
 .text          0x0040a9cc        0x0 ../ucosMon_bsp//libucosii_bsp.a(alt_errno.o)
 .text          0x0040a9cc       0x44 ../ucosMon_bsp//libucosii_bsp.a(alt_exit.o)
                0x0040a9cc                _exit
 .text          0x0040aa10       0x90 ../ucosMon_bsp//libucosii_bsp.a(alt_find_dev.o)
                0x0040aa10                alt_find_dev
 .text          0x0040aaa0      0x100 ../ucosMon_bsp//libucosii_bsp.a(alt_fstat.o)
                0x0040aaf0                fstat
 .text          0x0040aba0      0x230 ../ucosMon_bsp//libucosii_bsp.a(alt_iic.o)
                0x0040aba0                alt_ic_isr_register
                0x0040abf0                alt_ic_irq_enable
                0x0040acb8                alt_ic_irq_disable
                0x0040ad84                alt_ic_irq_enabled
 .text          0x0040add0      0x11c ../ucosMon_bsp//libucosii_bsp.a(alt_iic_isr_register.o)
                0x0040add0                alt_iic_isr_register
 .text          0x0040aeec        0x0 ../ucosMon_bsp//libucosii_bsp.a(alt_irq_entry.o)
 .text          0x0040aeec        0x0 ../ucosMon_bsp//libucosii_bsp.a(alt_irq_handler.o)
 .text          0x0040aeec        0x0 ../ucosMon_bsp//libucosii_bsp.a(alt_irq_vars.o)
 .text          0x0040aeec       0xf4 ../ucosMon_bsp//libucosii_bsp.a(alt_isatty.o)
                0x0040af3c                isatty
 .text          0x0040afe0       0xec ../ucosMon_bsp//libucosii_bsp.a(alt_load.o)
                0x0040b04c                alt_load
 .text          0x0040b0cc      0x124 ../ucosMon_bsp//libucosii_bsp.a(alt_lseek.o)
                0x0040b11c                lseek
 .text          0x0040b1f0       0xcc ../ucosMon_bsp//libucosii_bsp.a(alt_main.o)
                0x0040b1f0                alt_main
 .text          0x0040b2bc      0x144 ../ucosMon_bsp//libucosii_bsp.a(alt_read.o)
                0x0040b30c                read
 .text          0x0040b400       0x80 ../ucosMon_bsp//libucosii_bsp.a(alt_release_fd.o)
                0x0040b400                alt_release_fd
 .text          0x0040b480      0x108 ../ucosMon_bsp//libucosii_bsp.a(alt_sbrk.o)
                0x0040b480                sbrk
 .text          0x0040b588       0xd4 ../ucosMon_bsp//libucosii_bsp.a(alt_times.o)
                0x0040b5d8                times
 .text          0x0040b65c      0x140 ../ucosMon_bsp//libucosii_bsp.a(alt_write.o)
                0x0040b6ac                write
 .text          0x0040b79c      0x118 ../ucosMon_bsp//libucosii_bsp.a(alt_env_lock.o)
                0x0040b79c                __env_lock
                0x0040b854                __env_unlock
 .text          0x0040b8b4      0x2c4 ../ucosMon_bsp//libucosii_bsp.a(alt_malloc_lock.o)
                0x0040b8b4                __malloc_lock
                0x0040ba20                __malloc_unlock
 .text          0x0040bb78     0x2470 ../ucosMon_bsp//libucosii_bsp.a(os_core.o)
                0x0040bb78                OSEventNameGet
                0x0040bcc4                OSEventNameSet
                0x0040be60                OSEventPendMulti
                0x0040c578                OSInit
                0x0040c5cc                OSIntEnter
                0x0040c674                OSIntExit
                0x0040c794                OSSchedLock
                0x0040c848                OSSchedUnlock
                0x0040c9d0                OSStart
                0x0040ca3c                OSStatInit
                0x0040cb40                OSTimeTick
                0x0040cdb8                OSVersion
                0x0040cdd8                OS_Dummy
                0x0040cdf4                OS_EventTaskRdy
                0x0040cf8c                OS_EventTaskWait
                0x0040d094                OS_EventTaskWaitMulti
                0x0040d1dc                OS_EventTaskRemove
                0x0040d28c                OS_EventTaskRemoveMulti
                0x0040d384                OS_EventWaitListInit
                0x0040d750                OS_MemClr
                0x0040d7a4                OS_MemCopy
                0x0040d810                OS_Sched
                0x0040d978                OS_StrCopy
                0x0040d9f4                OS_StrLen
                0x0040da48                OS_TaskIdle
                0x0040dad0                OS_TaskStat
                0x0040dbc4                OS_TaskStatStkChk
                0x0040dc8c                OS_TCBInit
 .text          0x0040dfe8      0x18c ../ucosMon_bsp//libucosii_bsp.a(os_dbg.o)
                0x0040dfe8                OSDebugInit
 .text          0x0040e174     0x1e0c ../ucosMon_bsp//libucosii_bsp.a(os_flag.o)
                0x0040e174                OSFlagAccept
                0x0040e558                OSFlagCreate
                0x0040e6d8                OSFlagDel
                0x0040e9f8                OSFlagNameGet
                0x0040eb80                OSFlagNameSet
                0x0040ed58                OSFlagPend
                0x0040f568                OSFlagPendGetFlagsRdy
                0x0040f5fc                OSFlagPost
                0x0040fa40                OSFlagQuery
                0x0040fcf0                OS_FlagInit
                0x0040fee0                OS_FlagUnlink
 .text          0x0040ff80      0x91c ../ucosMon_bsp//libucosii_bsp.a(os_mem.o)
                0x0040ff80                OSMemCreate
                0x004101a0                OSMemGet
                0x004102e8                OSMemNameGet
                0x0041040c                OSMemNameSet
                0x00410580                OSMemPut
                0x004106b0                OSMemQuery
                0x004107c4                OS_MemInit
 .text          0x0041089c     0x1644 ../ucosMon_bsp//libucosii_bsp.a(os_q.o)
                0x0041089c                OSQAccept
                0x00410a08                OSQCreate
                0x00410c84                OSQDel
                0x00411004                OSQFlush
                0x004110e8                OSQPend
                0x00411468                OSQPendAbort
                0x00411634                OSQPost
                0x00411820                OSQPostFront
                0x00411a14                OSQPostOpt
                0x00411ca4                OSQQuery
                0x00411e34                OS_QInit
 .text          0x00411ee0      0xde8 ../ucosMon_bsp//libucosii_bsp.a(os_sem.o)
                0x00411ee0                OSSemAccept
                0x00411fbc                OSSemCreate
                0x004120e8                OSSemDel
                0x00412408                OSSemPend
                0x004126f8                OSSemPendAbort
                0x004128c4                OSSemPost
                0x00412a58                OSSemQuery
                0x00412b9c                OSSemSet
 .text          0x00412cc8     0x2050 ../ucosMon_bsp//libucosii_bsp.a(os_task.o)
                0x00412cc8                OSTaskChangePrio
                0x004132a0                OSTaskCreate
                0x0041350c                OSTaskCreateExt
                0x004137b0                OSTaskDel
                0x00413c3c                OSTaskDelReq
                0x00413e44                OSTaskNameGet
                0x00414070                OSTaskNameSet
                0x004142e4                OSTaskResume
                0x004145e0                OSTaskStkChk
                0x00414864                OSTaskSuspend
                0x00414af8                OSTaskQuery
                0x00414ca8                OS_TaskStkClr
 .text          0x00414d18      0x7a0 ../ucosMon_bsp//libucosii_bsp.a(os_time.o)
                0x00414d18                OSTimeDly
                0x00414e8c                OSTimeDlyHMSM
                0x004150d0                OSTimeDlyResume
                0x00415398                OSTimeGet
                0x00415428                OSTimeSet
 .text          0x004154b8      0x254 ../ucosMon_bsp//libucosii_bsp.a(alt_sys_init.o)
                0x004155e4                alt_irq_init
                0x00415618                alt_sys_init
 .text          0x0041570c      0xc14 ../ucosMon_bsp//libucosii_bsp.a(altera_avalon_dma.o)
                0x0041577c                alt_avalon_dma_launch_bidir
                0x00415ce4                alt_avalon_dma_tx_ioctl
                0x00415d2c                alt_avalon_dma_rx_ioctl
                0x00415d74                alt_avalon_dma_prepare
                0x00415eac                alt_avalon_dma_space
                0x00415f20                alt_avalon_dma_send
                0x00416270                alt_avalon_dma_init
 .text          0x00416320      0x164 ../ucosMon_bsp//libucosii_bsp.a(altera_avalon_jtag_uart_fd.o)
                0x00416320                altera_avalon_jtag_uart_read_fd
                0x00416380                altera_avalon_jtag_uart_write_fd
                0x004163e0                altera_avalon_jtag_uart_close_fd
                0x00416430                altera_avalon_jtag_uart_ioctl_fd
 .text          0x00416484      0x55c ../ucosMon_bsp//libucosii_bsp.a(altera_avalon_jtag_uart_init.o)
                0x00416484                altera_avalon_jtag_uart_init
                0x00416978                altera_avalon_jtag_uart_close
 .text          0x004169e0       0xf4 ../ucosMon_bsp//libucosii_bsp.a(altera_avalon_jtag_uart_ioctl.o)
                0x004169e0                altera_avalon_jtag_uart_ioctl
 .text          0x00416ad4      0x2f0 ../ucosMon_bsp//libucosii_bsp.a(altera_avalon_jtag_uart_read.o)
                0x00416ad4                altera_avalon_jtag_uart_read
 .text          0x00416dc4      0x2fc ../ucosMon_bsp//libucosii_bsp.a(altera_avalon_jtag_uart_write.o)
                0x00416dc4                altera_avalon_jtag_uart_write
 .text          0x004170c0      0x354 ../ucosMon_bsp//libucosii_bsp.a(altera_avalon_mutex.o)
                0x0041718c                altera_avalon_mutex_open
                0x004171dc                altera_avalon_mutex_close
                0x00417200                altera_avalon_mutex_lock
                0x00417268                altera_avalon_mutex_trylock
                0x004172e8                altera_avalon_mutex_unlock
                0x00417350                altera_avalon_mutex_is_mine
                0x004173c4                altera_avalon_mutex_first_lock
 .text          0x00417414      0x128 ../ucosMon_bsp//libucosii_bsp.a(altera_avalon_timer_sc.o)
                0x004174b4                alt_avalon_timer_sc_init
 .text          0x0041753c      0x270 ../ucosMon_bsp//libucosii_bsp.a(altera_avalon_timer_ts.o)
                0x0041753c                alt_timestamp_start
                0x004175e4                alt_timestamp
                0x00417784                alt_timestamp_freq
 .text          0x004177ac        0x0 ../ucosMon_bsp//libucosii_bsp.a(altera_avalon_timer_vars.o)
 .text          0x004177ac      0xbc8 ../ucosMon_bsp//libucosii_bsp.a(altera_ro_zipfs.o)
                0x00417a2c                check_directory_header
                0x00417fbc                alt_ro_zipfs_open
                0x0041804c                alt_ro_zipfs_read
                0x00418168                alt_ro_zipfs_seek
                0x004182a4                alt_ro_zipfs_fstat
                0x0041831c                alt_ro_zipfs_check_valid
 .text          0x00418374      0x16c ../ucosMon_bsp//libucosii_bsp.a(alt_alarm_start.o)
                0x00418374                alt_alarm_start
 .text          0x004184e0       0x1c ../ucosMon_bsp//libucosii_bsp.a(alt_dcache_flush_all.o)
                0x004184e0                alt_dcache_flush_all
 .text          0x004184fc       0xf0 ../ucosMon_bsp//libucosii_bsp.a(alt_dev_llist_insert.o)
                0x0041854c                alt_dev_llist_insert
 .text          0x004185ec       0x5c ../ucosMon_bsp//libucosii_bsp.a(alt_do_ctors.o)
                0x004185ec                _do_ctors
 .text          0x00418648       0x5c ../ucosMon_bsp//libucosii_bsp.a(alt_do_dtors.o)
                0x00418648                _do_dtors
 .text          0x004186a4        0x0 ../ucosMon_bsp//libucosii_bsp.a(alt_exception_entry.o)
 .text          0x004186a4       0x84 ../ucosMon_bsp//libucosii_bsp.a(alt_fs_reg.o)
                0x004186a4                alt_fs_reg
 .text          0x00418728       0x30 ../ucosMon_bsp//libucosii_bsp.a(alt_icache_flush_all.o)
                0x00418728                alt_icache_flush_all
 .text          0x00418758      0x158 ../ucosMon_bsp//libucosii_bsp.a(alt_io_redirect.o)
                0x00418838                alt_io_redirect
 .text          0x004188b0      0x298 ../ucosMon_bsp//libucosii_bsp.a(alt_open.o)
                0x004189f0                open
 .text          0x00418b48      0x1c8 ../ucosMon_bsp//libucosii_bsp.a(alt_tick.o)
                0x00418b48                alt_alarm_stop
                0x00418c0c                alt_tick
 .text          0x00418d10       0x20 ../ucosMon_bsp//libucosii_bsp.a(altera_nios2_qsys_irq.o)
                0x00418d10                altera_nios2_qsys_irq_init
 .text          0x00418d30       0xd0 ../ucosMon_bsp//libucosii_bsp.a(os_cpu_a.o)
                0x00418d30                OSCtxSw
                0x00418d30                OSIntCtxSw
                0x00418dbc                OSStartHighRdy
                0x00418ddc                OSStartTsk
 .text          0x00418e00      0x3fc ../ucosMon_bsp//libucosii_bsp.a(os_cpu_c.o)
                0x00418e00                OSTaskStkInit
                0x004190f4                OSTaskCreateHook
                0x00419114                OSTaskDelHook
                0x00419134                OSTaskSwHook
                0x00419150                OSTaskStatHook
                0x0041916c                OSTimeTickHook
                0x00419188                OSInitHookBegin
                0x004191a4                OSInitHookEnd
                0x004191c0                OSTaskIdleHook
                0x004191dc                OSTCBInitHook
 .text          0x004191fc      0x114 ../ucosMon_bsp//libucosii_bsp.a(alt_find_file.o)
                0x004191fc                alt_find_file
 .text          0x00419310      0x114 ../ucosMon_bsp//libucosii_bsp.a(alt_get_fd.o)
                0x00419310                alt_get_fd
 .text          0x00419424       0x8c ../ucosMon_bsp//libucosii_bsp.a(alt_icache_flush.o)
                0x00419424                alt_icache_flush
 .text          0x004194b0       0x14 /CMC/tools/altera/13.1/nios2eds/bin/gnu/H-i686-pc-linux-gnu/bin/../lib/gcc/nios2-elf/4.7.3/../../../../../H-i686-pc-linux-gnu/nios2-elf/lib/mno-hw-mul/libc.a(lib_a-atexit.o)
                0x004194b0                atexit
 .text          0x004194c4       0x7c /CMC/tools/altera/13.1/nios2eds/bin/gnu/H-i686-pc-linux-gnu/bin/../lib/gcc/nios2-elf/4.7.3/../../../../../H-i686-pc-linux-gnu/nios2-elf/lib/mno-hw-mul/libc.a(lib_a-memcmp.o)
                0x004194c4                memcmp
 .text          0x00419540       0xfc /CMC/tools/altera/13.1/nios2eds/bin/gnu/H-i686-pc-linux-gnu/bin/../lib/gcc/nios2-elf/4.7.3/../../../../../H-i686-pc-linux-gnu/nios2-elf/lib/mno-hw-mul/libc.a(lib_a-strncmp.o)
                0x00419540                strncmp
 .text          0x0041963c      0x130 /CMC/tools/altera/13.1/nios2eds/bin/gnu/H-i686-pc-linux-gnu/bin/../lib/gcc/nios2-elf/4.7.3/../../../../../H-i686-pc-linux-gnu/nios2-elf/lib/mno-hw-mul/libc.a(lib_a-__atexit.o)
                0x0041963c                __register_exitproc
 .text          0x0041976c       0x84 /CMC/tools/altera/13.1/nios2eds/bin/gnu/H-i686-pc-linux-gnu/bin/../lib/gcc/nios2-elf/4.7.3/mno-hw-mul/libgcc.a(_fixunsdfsi.o)
                0x0041976c                __fixunsdfsi
 *(.gnu.warning.*)
 *(.fini)
                0x004197f0                PROVIDE (__etext, ABSOLUTE (.))
                0x004197f0                PROVIDE (_etext, ABSOLUTE (.))
                0x004197f0                PROVIDE (etext, ABSOLUTE (.))
 *(.eh_frame_hdr)
                0x004197f0                . = ALIGN (0x4)
                0x004197f0                PROVIDE (__preinit_array_start, ABSOLUTE (.))
 *(.preinit_array)
                0x004197f0                PROVIDE (__preinit_array_end, ABSOLUTE (.))
                0x004197f0                PROVIDE (__init_array_start, ABSOLUTE (.))
 *(.init_array)
                0x004197f0                PROVIDE (__init_array_end, ABSOLUTE (.))
                0x004197f0                PROVIDE (__fini_array_start, ABSOLUTE (.))
 *(.fini_array)
                0x004197f0                PROVIDE (__fini_array_end, ABSOLUTE (.))
 *(.eh_frame)
 *(.gcc_except_table .gcc_except_table.*)
 *(.dynamic)
                0x004197f0                PROVIDE (__CTOR_LIST__, ABSOLUTE (.))
 *(.ctors)
 *(SORT(.ctors.*))
                0x004197f0                PROVIDE (__CTOR_END__, ABSOLUTE (.))
                0x004197f0                PROVIDE (__DTOR_LIST__, ABSOLUTE (.))
 *(.dtors)
 *(SORT(.dtors.*))
                0x004197f0                PROVIDE (__DTOR_END__, ABSOLUTE (.))
 *(.jcr)
                0x004197f0                . = ALIGN (0x4)

.rodata         0x004197f0      0x634
                0x004197f0                PROVIDE (__ram_rodata_start, ABSOLUTE (.))
                0x004197f0                . = ALIGN (0x4)
 *(.rodata .rodata.* .gnu.linkonce.r.*)
 .rodata        0x004197f0      0x188 obj/default/Monitor.o
 .rodata.str1.4
                0x00419978        0x2 /CMC/tools/altera/13.1/nios2eds/bin/gnu/H-i686-pc-linux-gnu/bin/../lib/gcc/nios2-elf/4.7.3/../../../../../H-i686-pc-linux-gnu/nios2-elf/lib/mno-hw-mul/libc.a(lib_a-impure.o)
                                  0x4 (size before relaxing)
 *fill*         0x0041997a        0x2 
 .rodata.str1.4
                0x0041997c        0x2 /CMC/tools/altera/13.1/nios2eds/bin/gnu/H-i686-pc-linux-gnu/bin/../lib/gcc/nios2-elf/4.7.3/../../../../../H-i686-pc-linux-gnu/nios2-elf/lib/mno-hw-mul/libc.a(lib_a-puts.o)
                                  0x4 (size before relaxing)
 *fill*         0x0041997e        0x2 
 .rodata.str1.4
                0x00419980       0x42 /CMC/tools/altera/13.1/nios2eds/bin/gnu/H-i686-pc-linux-gnu/bin/../lib/gcc/nios2-elf/4.7.3/../../../../../H-i686-pc-linux-gnu/nios2-elf/lib/mno-hw-mul/libc.a(lib_a-vfprintf.o)
                                 0x44 (size before relaxing)
 .rodata        0x004199c2       0x20 /CMC/tools/altera/13.1/nios2eds/bin/gnu/H-i686-pc-linux-gnu/bin/../lib/gcc/nios2-elf/4.7.3/../../../../../H-i686-pc-linux-gnu/nios2-elf/lib/mno-hw-mul/libc.a(lib_a-vfprintf.o)
 *fill*         0x004199e2        0x2 
 .rodata.str1.4
                0x004199e4       0x10 /CMC/tools/altera/13.1/nios2eds/bin/gnu/H-i686-pc-linux-gnu/bin/../lib/gcc/nios2-elf/4.7.3/../../../../../H-i686-pc-linux-gnu/nios2-elf/lib/mno-hw-mul/libc.a(lib_a-dtoa.o)
                                 0x14 (size before relaxing)
 .rodata.str1.4
                0x004199f4       0x10 /CMC/tools/altera/13.1/nios2eds/bin/gnu/H-i686-pc-linux-gnu/bin/../lib/gcc/nios2-elf/4.7.3/../../../../../H-i686-pc-linux-gnu/nios2-elf/lib/mno-hw-mul/libc.a(lib_a-locale.o)
                                 0x18 (size before relaxing)
 .rodata        0x00419a04       0x30 /CMC/tools/altera/13.1/nios2eds/bin/gnu/H-i686-pc-linux-gnu/bin/../lib/gcc/nios2-elf/4.7.3/../../../../../H-i686-pc-linux-gnu/nios2-elf/lib/mno-hw-mul/libc.a(lib_a-locale.o)
 .rodata        0x00419a34      0x124 /CMC/tools/altera/13.1/nios2eds/bin/gnu/H-i686-pc-linux-gnu/bin/../lib/gcc/nios2-elf/4.7.3/../../../../../H-i686-pc-linux-gnu/nios2-elf/lib/mno-hw-mul/libc.a(lib_a-mprec.o)
                0x00419a34                __mprec_tinytens
                0x00419a5c                __mprec_bigtens
                0x00419a84                __mprec_tens
 .rodata        0x00419b58       0x14 /CMC/tools/altera/13.1/nios2eds/bin/gnu/H-i686-pc-linux-gnu/bin/../lib/gcc/nios2-elf/4.7.3/mno-hw-mul/libgcc.a(_thenan_df.o)
                0x00419b58                __thenan_df
 .rodata        0x00419b6c      0x100 /CMC/tools/altera/13.1/nios2eds/bin/gnu/H-i686-pc-linux-gnu/bin/../lib/gcc/nios2-elf/4.7.3/mno-hw-mul/libgcc.a(_clz.o)
                0x00419b6c                __clz_tab
 .rodata        0x00419c6c        0xc ../ucosMon_bsp//libucosii_bsp.a(alt_dev.o)
 .rodata        0x00419c78       0x1c ../ucosMon_bsp//libucosii_bsp.a(alt_main.o)
 .rodata        0x00419c94      0x120 ../ucosMon_bsp//libucosii_bsp.a(os_core.o)
                0x00419c94                OSUnMapTbl
 .rodata        0x00419db4       0x6c ../ucosMon_bsp//libucosii_bsp.a(alt_sys_init.o)
 .rodata        0x00419e20        0x4 ../ucosMon_bsp//libucosii_bsp.a(os_cpu_c.o)
 *(.rodata1)
                0x00419e24                . = ALIGN (0x4)
                0x00419e24                PROVIDE (__ram_rodata_end, ABSOLUTE (.))
                0x004197f0                PROVIDE (__flash_rodata_start, LOADADDR (.rodata))

.rwdata         0x00419e24     0x1cfc load address 0x0041bb20
                0x00419e24                PROVIDE (__ram_rwdata_start, ABSOLUTE (.))
                0x00419e24                . = ALIGN (0x4)
 *(.got.plt)
 *(.got)
 *(.data1)
 *(.data .data.* .gnu.linkonce.d.*)
 .data          0x00419e24        0x0 ../ucosMon_bsp//obj/HAL/src/crt0.o
 .data          0x00419e24        0x0 obj/default/Monitor.o
 .data          0x00419e24        0x0 obj/default/gp.o
 .data          0x00419e24        0x0 ../critical_library/libcritical_library.a(fingerprint.o)
 .data          0x00419e24        0x0 /CMC/tools/altera/13.1/nios2eds/bin/gnu/H-i686-pc-linux-gnu/bin/../lib/gcc/nios2-elf/4.7.3/mno-hw-mul/libgcc.a(lib2-mul.o)
 .data          0x00419e24        0x0 /CMC/tools/altera/13.1/nios2eds/bin/gnu/H-i686-pc-linux-gnu/bin/../lib/gcc/nios2-elf/4.7.3/../../../../../H-i686-pc-linux-gnu/nios2-elf/lib/mno-hw-mul/libc.a(lib_a-clock.o)
 .data          0x00419e24        0x0 /CMC/tools/altera/13.1/nios2eds/bin/gnu/H-i686-pc-linux-gnu/bin/../lib/gcc/nios2-elf/4.7.3/../../../../../H-i686-pc-linux-gnu/nios2-elf/lib/mno-hw-mul/libc.a(lib_a-exit.o)
 .data          0x00419e24      0x400 /CMC/tools/altera/13.1/nios2eds/bin/gnu/H-i686-pc-linux-gnu/bin/../lib/gcc/nios2-elf/4.7.3/../../../../../H-i686-pc-linux-gnu/nios2-elf/lib/mno-hw-mul/libc.a(lib_a-impure.o)
 .data          0x0041a224        0x0 /CMC/tools/altera/13.1/nios2eds/bin/gnu/H-i686-pc-linux-gnu/bin/../lib/gcc/nios2-elf/4.7.3/../../../../../H-i686-pc-linux-gnu/nios2-elf/lib/mno-hw-mul/libc.a(lib_a-memcpy.o)
 .data          0x0041a224        0x0 /CMC/tools/altera/13.1/nios2eds/bin/gnu/H-i686-pc-linux-gnu/bin/../lib/gcc/nios2-elf/4.7.3/../../../../../H-i686-pc-linux-gnu/nios2-elf/lib/mno-hw-mul/libc.a(lib_a-printf.o)
 .data          0x0041a224        0x0 /CMC/tools/altera/13.1/nios2eds/bin/gnu/H-i686-pc-linux-gnu/bin/../lib/gcc/nios2-elf/4.7.3/../../../../../H-i686-pc-linux-gnu/nios2-elf/lib/mno-hw-mul/libc.a(lib_a-puts.o)
 .data          0x0041a224        0x0 /CMC/tools/altera/13.1/nios2eds/bin/gnu/H-i686-pc-linux-gnu/bin/../lib/gcc/nios2-elf/4.7.3/../../../../../H-i686-pc-linux-gnu/nios2-elf/lib/mno-hw-mul/libc.a(lib_a-strlen.o)
 .data          0x0041a224        0x0 /CMC/tools/altera/13.1/nios2eds/bin/gnu/H-i686-pc-linux-gnu/bin/../lib/gcc/nios2-elf/4.7.3/../../../../../H-i686-pc-linux-gnu/nios2-elf/lib/mno-hw-mul/libc.a(lib_a-timesr.o)
 .data          0x0041a224        0x0 /CMC/tools/altera/13.1/nios2eds/bin/gnu/H-i686-pc-linux-gnu/bin/../lib/gcc/nios2-elf/4.7.3/../../../../../H-i686-pc-linux-gnu/nios2-elf/lib/mno-hw-mul/libc.a(lib_a-vfprintf.o)
 .data          0x0041a224        0x0 /CMC/tools/altera/13.1/nios2eds/bin/gnu/H-i686-pc-linux-gnu/bin/../lib/gcc/nios2-elf/4.7.3/../../../../../H-i686-pc-linux-gnu/nios2-elf/lib/mno-hw-mul/libc.a(lib_a-wsetup.o)
 .data          0x0041a224        0x0 /CMC/tools/altera/13.1/nios2eds/bin/gnu/H-i686-pc-linux-gnu/bin/../lib/gcc/nios2-elf/4.7.3/../../../../../H-i686-pc-linux-gnu/nios2-elf/lib/mno-hw-mul/libc.a(lib_a-__call_atexit.o)
 .data          0x0041a224        0x0 /CMC/tools/altera/13.1/nios2eds/bin/gnu/H-i686-pc-linux-gnu/bin/../lib/gcc/nios2-elf/4.7.3/../../../../../H-i686-pc-linux-gnu/nios2-elf/lib/mno-hw-mul/libc.a(lib_a-dtoa.o)
 .data          0x0041a224        0x0 /CMC/tools/altera/13.1/nios2eds/bin/gnu/H-i686-pc-linux-gnu/bin/../lib/gcc/nios2-elf/4.7.3/../../../../../H-i686-pc-linux-gnu/nios2-elf/lib/mno-hw-mul/libc.a(lib_a-fflush.o)
 .data          0x0041a224        0x0 /CMC/tools/altera/13.1/nios2eds/bin/gnu/H-i686-pc-linux-gnu/bin/../lib/gcc/nios2-elf/4.7.3/../../../../../H-i686-pc-linux-gnu/nios2-elf/lib/mno-hw-mul/libc.a(lib_a-findfp.o)
 .data          0x0041a224        0x0 /CMC/tools/altera/13.1/nios2eds/bin/gnu/H-i686-pc-linux-gnu/bin/../lib/gcc/nios2-elf/4.7.3/../../../../../H-i686-pc-linux-gnu/nios2-elf/lib/mno-hw-mul/libc.a(lib_a-freer.o)
 .data          0x0041a224        0x0 /CMC/tools/altera/13.1/nios2eds/bin/gnu/H-i686-pc-linux-gnu/bin/../lib/gcc/nios2-elf/4.7.3/../../../../../H-i686-pc-linux-gnu/nios2-elf/lib/mno-hw-mul/libc.a(lib_a-fvwrite.o)
 .data          0x0041a224        0x0 /CMC/tools/altera/13.1/nios2eds/bin/gnu/H-i686-pc-linux-gnu/bin/../lib/gcc/nios2-elf/4.7.3/../../../../../H-i686-pc-linux-gnu/nios2-elf/lib/mno-hw-mul/libc.a(lib_a-fwalk.o)
 .data          0x0041a224        0xc /CMC/tools/altera/13.1/nios2eds/bin/gnu/H-i686-pc-linux-gnu/bin/../lib/gcc/nios2-elf/4.7.3/../../../../../H-i686-pc-linux-gnu/nios2-elf/lib/mno-hw-mul/libc.a(lib_a-locale.o)
                0x0041a224                __lc_ctype
 .data          0x0041a230        0x0 /CMC/tools/altera/13.1/nios2eds/bin/gnu/H-i686-pc-linux-gnu/bin/../lib/gcc/nios2-elf/4.7.3/../../../../../H-i686-pc-linux-gnu/nios2-elf/lib/mno-hw-mul/libc.a(lib_a-makebuf.o)
 .data          0x0041a230      0x408 /CMC/tools/altera/13.1/nios2eds/bin/gnu/H-i686-pc-linux-gnu/bin/../lib/gcc/nios2-elf/4.7.3/../../../../../H-i686-pc-linux-gnu/nios2-elf/lib/mno-hw-mul/libc.a(lib_a-mallocr.o)
                0x0041a230                __malloc_av_
 .data          0x0041a638        0x0 /CMC/tools/altera/13.1/nios2eds/bin/gnu/H-i686-pc-linux-gnu/bin/../lib/gcc/nios2-elf/4.7.3/../../../../../H-i686-pc-linux-gnu/nios2-elf/lib/mno-hw-mul/libc.a(lib_a-memchr.o)
 .data          0x0041a638        0x0 /CMC/tools/altera/13.1/nios2eds/bin/gnu/H-i686-pc-linux-gnu/bin/../lib/gcc/nios2-elf/4.7.3/../../../../../H-i686-pc-linux-gnu/nios2-elf/lib/mno-hw-mul/libc.a(lib_a-memmove.o)
 .data          0x0041a638        0x0 /CMC/tools/altera/13.1/nios2eds/bin/gnu/H-i686-pc-linux-gnu/bin/../lib/gcc/nios2-elf/4.7.3/../../../../../H-i686-pc-linux-gnu/nios2-elf/lib/mno-hw-mul/libc.a(lib_a-memset.o)
 .data          0x0041a638        0x0 /CMC/tools/altera/13.1/nios2eds/bin/gnu/H-i686-pc-linux-gnu/bin/../lib/gcc/nios2-elf/4.7.3/../../../../../H-i686-pc-linux-gnu/nios2-elf/lib/mno-hw-mul/libc.a(lib_a-mprec.o)
 .data          0x0041a638        0x0 /CMC/tools/altera/13.1/nios2eds/bin/gnu/H-i686-pc-linux-gnu/bin/../lib/gcc/nios2-elf/4.7.3/../../../../../H-i686-pc-linux-gnu/nios2-elf/lib/mno-hw-mul/libc.a(lib_a-reallocr.o)
 .data          0x0041a638        0x0 /CMC/tools/altera/13.1/nios2eds/bin/gnu/H-i686-pc-linux-gnu/bin/../lib/gcc/nios2-elf/4.7.3/../../../../../H-i686-pc-linux-gnu/nios2-elf/lib/mno-hw-mul/libc.a(lib_a-s_isinfd.o)
 .data          0x0041a638        0x0 /CMC/tools/altera/13.1/nios2eds/bin/gnu/H-i686-pc-linux-gnu/bin/../lib/gcc/nios2-elf/4.7.3/../../../../../H-i686-pc-linux-gnu/nios2-elf/lib/mno-hw-mul/libc.a(lib_a-s_isnand.o)
 .data          0x0041a638        0x0 /CMC/tools/altera/13.1/nios2eds/bin/gnu/H-i686-pc-linux-gnu/bin/../lib/gcc/nios2-elf/4.7.3/../../../../../H-i686-pc-linux-gnu/nios2-elf/lib/mno-hw-mul/libc.a(lib_a-sbrkr.o)
 .data          0x0041a638        0x0 /CMC/tools/altera/13.1/nios2eds/bin/gnu/H-i686-pc-linux-gnu/bin/../lib/gcc/nios2-elf/4.7.3/../../../../../H-i686-pc-linux-gnu/nios2-elf/lib/mno-hw-mul/libc.a(lib_a-stdio.o)
 .data          0x0041a638        0x0 /CMC/tools/altera/13.1/nios2eds/bin/gnu/H-i686-pc-linux-gnu/bin/../lib/gcc/nios2-elf/4.7.3/../../../../../H-i686-pc-linux-gnu/nios2-elf/lib/mno-hw-mul/libc.a(lib_a-strcmp.o)
 .data          0x0041a638        0x0 /CMC/tools/altera/13.1/nios2eds/bin/gnu/H-i686-pc-linux-gnu/bin/../lib/gcc/nios2-elf/4.7.3/../../../../../H-i686-pc-linux-gnu/nios2-elf/lib/mno-hw-mul/libc.a(lib_a-writer.o)
 .data          0x0041a638        0x0 /CMC/tools/altera/13.1/nios2eds/bin/gnu/H-i686-pc-linux-gnu/bin/../lib/gcc/nios2-elf/4.7.3/../../../../../H-i686-pc-linux-gnu/nios2-elf/lib/mno-hw-mul/libc.a(lib_a-callocr.o)
 .data          0x0041a638        0x0 /CMC/tools/altera/13.1/nios2eds/bin/gnu/H-i686-pc-linux-gnu/bin/../lib/gcc/nios2-elf/4.7.3/../../../../../H-i686-pc-linux-gnu/nios2-elf/lib/mno-hw-mul/libc.a(lib_a-closer.o)
 .data          0x0041a638        0x0 /CMC/tools/altera/13.1/nios2eds/bin/gnu/H-i686-pc-linux-gnu/bin/../lib/gcc/nios2-elf/4.7.3/../../../../../H-i686-pc-linux-gnu/nios2-elf/lib/mno-hw-mul/libc.a(lib_a-fclose.o)
 .data          0x0041a638        0x0 /CMC/tools/altera/13.1/nios2eds/bin/gnu/H-i686-pc-linux-gnu/bin/../lib/gcc/nios2-elf/4.7.3/../../../../../H-i686-pc-linux-gnu/nios2-elf/lib/mno-hw-mul/libc.a(lib_a-fstatr.o)
 .data          0x0041a638        0x0 /CMC/tools/altera/13.1/nios2eds/bin/gnu/H-i686-pc-linux-gnu/bin/../lib/gcc/nios2-elf/4.7.3/../../../../../H-i686-pc-linux-gnu/nios2-elf/lib/mno-hw-mul/libc.a(lib_a-int_errno.o)
 .data          0x0041a638        0x0 /CMC/tools/altera/13.1/nios2eds/bin/gnu/H-i686-pc-linux-gnu/bin/../lib/gcc/nios2-elf/4.7.3/../../../../../H-i686-pc-linux-gnu/nios2-elf/lib/mno-hw-mul/libc.a(lib_a-isattyr.o)
 .data          0x0041a638        0x0 /CMC/tools/altera/13.1/nios2eds/bin/gnu/H-i686-pc-linux-gnu/bin/../lib/gcc/nios2-elf/4.7.3/../../../../../H-i686-pc-linux-gnu/nios2-elf/lib/mno-hw-mul/libc.a(lib_a-lseekr.o)
 .data          0x0041a638        0x0 /CMC/tools/altera/13.1/nios2eds/bin/gnu/H-i686-pc-linux-gnu/bin/../lib/gcc/nios2-elf/4.7.3/../../../../../H-i686-pc-linux-gnu/nios2-elf/lib/mno-hw-mul/libc.a(lib_a-readr.o)
 .data          0x0041a638        0x0 /CMC/tools/altera/13.1/nios2eds/bin/gnu/H-i686-pc-linux-gnu/bin/../lib/gcc/nios2-elf/4.7.3/mno-hw-mul/libgcc.a(_udivdi3.o)
 .data          0x0041a638        0x0 /CMC/tools/altera/13.1/nios2eds/bin/gnu/H-i686-pc-linux-gnu/bin/../lib/gcc/nios2-elf/4.7.3/mno-hw-mul/libgcc.a(_umoddi3.o)
 .data          0x0041a638        0x0 /CMC/tools/altera/13.1/nios2eds/bin/gnu/H-i686-pc-linux-gnu/bin/../lib/gcc/nios2-elf/4.7.3/mno-hw-mul/libgcc.a(_addsub_df.o)
 .data          0x0041a638        0x0 /CMC/tools/altera/13.1/nios2eds/bin/gnu/H-i686-pc-linux-gnu/bin/../lib/gcc/nios2-elf/4.7.3/mno-hw-mul/libgcc.a(_mul_df.o)
 .data          0x0041a638        0x0 /CMC/tools/altera/13.1/nios2eds/bin/gnu/H-i686-pc-linux-gnu/bin/../lib/gcc/nios2-elf/4.7.3/mno-hw-mul/libgcc.a(_div_df.o)
 .data          0x0041a638        0x0 /CMC/tools/altera/13.1/nios2eds/bin/gnu/H-i686-pc-linux-gnu/bin/../lib/gcc/nios2-elf/4.7.3/mno-hw-mul/libgcc.a(_eq_df.o)
 .data          0x0041a638        0x0 /CMC/tools/altera/13.1/nios2eds/bin/gnu/H-i686-pc-linux-gnu/bin/../lib/gcc/nios2-elf/4.7.3/mno-hw-mul/libgcc.a(_ne_df.o)
 .data          0x0041a638        0x0 /CMC/tools/altera/13.1/nios2eds/bin/gnu/H-i686-pc-linux-gnu/bin/../lib/gcc/nios2-elf/4.7.3/mno-hw-mul/libgcc.a(_gt_df.o)
 .data          0x0041a638        0x0 /CMC/tools/altera/13.1/nios2eds/bin/gnu/H-i686-pc-linux-gnu/bin/../lib/gcc/nios2-elf/4.7.3/mno-hw-mul/libgcc.a(_ge_df.o)
 .data          0x0041a638        0x0 /CMC/tools/altera/13.1/nios2eds/bin/gnu/H-i686-pc-linux-gnu/bin/../lib/gcc/nios2-elf/4.7.3/mno-hw-mul/libgcc.a(_lt_df.o)
 .data          0x0041a638        0x0 /CMC/tools/altera/13.1/nios2eds/bin/gnu/H-i686-pc-linux-gnu/bin/../lib/gcc/nios2-elf/4.7.3/mno-hw-mul/libgcc.a(_si_to_df.o)
 .data          0x0041a638        0x0 /CMC/tools/altera/13.1/nios2eds/bin/gnu/H-i686-pc-linux-gnu/bin/../lib/gcc/nios2-elf/4.7.3/mno-hw-mul/libgcc.a(_df_to_si.o)
 .data          0x0041a638        0x0 /CMC/tools/altera/13.1/nios2eds/bin/gnu/H-i686-pc-linux-gnu/bin/../lib/gcc/nios2-elf/4.7.3/mno-hw-mul/libgcc.a(_thenan_df.o)
 .data          0x0041a638        0x0 /CMC/tools/altera/13.1/nios2eds/bin/gnu/H-i686-pc-linux-gnu/bin/../lib/gcc/nios2-elf/4.7.3/mno-hw-mul/libgcc.a(_usi_to_df.o)
 .data          0x0041a638        0x0 /CMC/tools/altera/13.1/nios2eds/bin/gnu/H-i686-pc-linux-gnu/bin/../lib/gcc/nios2-elf/4.7.3/mno-hw-mul/libgcc.a(lib2-divmod.o)
 .data          0x0041a638        0x0 /CMC/tools/altera/13.1/nios2eds/bin/gnu/H-i686-pc-linux-gnu/bin/../lib/gcc/nios2-elf/4.7.3/mno-hw-mul/libgcc.a(_muldi3.o)
 .data          0x0041a638        0x0 /CMC/tools/altera/13.1/nios2eds/bin/gnu/H-i686-pc-linux-gnu/bin/../lib/gcc/nios2-elf/4.7.3/mno-hw-mul/libgcc.a(_clz.o)
 .data          0x0041a638        0x0 /CMC/tools/altera/13.1/nios2eds/bin/gnu/H-i686-pc-linux-gnu/bin/../lib/gcc/nios2-elf/4.7.3/mno-hw-mul/libgcc.a(_clzsi2.o)
 .data          0x0041a638        0x0 /CMC/tools/altera/13.1/nios2eds/bin/gnu/H-i686-pc-linux-gnu/bin/../lib/gcc/nios2-elf/4.7.3/mno-hw-mul/libgcc.a(_pack_df.o)
 .data          0x0041a638        0x0 /CMC/tools/altera/13.1/nios2eds/bin/gnu/H-i686-pc-linux-gnu/bin/../lib/gcc/nios2-elf/4.7.3/mno-hw-mul/libgcc.a(_unpack_df.o)
 .data          0x0041a638        0x0 /CMC/tools/altera/13.1/nios2eds/bin/gnu/H-i686-pc-linux-gnu/bin/../lib/gcc/nios2-elf/4.7.3/mno-hw-mul/libgcc.a(_fpcmp_parts_df.o)
 .data          0x0041a638        0x0 /CMC/tools/altera/13.1/nios2eds/bin/gnu/H-i686-pc-linux-gnu/bin/../lib/gcc/nios2-elf/4.7.3/mno-hw-mul/libgcc.a(_lshrdi3.o)
 .data          0x0041a638        0x0 /CMC/tools/altera/13.1/nios2eds/bin/gnu/H-i686-pc-linux-gnu/bin/../lib/gcc/nios2-elf/4.7.3/mno-hw-mul/libgcc.a(_ashldi3.o)
 .data          0x0041a638        0x0 ../ucosMon_bsp//libucosii_bsp.a(alt_close.o)
 .data          0x0041a638      0x1a8 ../ucosMon_bsp//libucosii_bsp.a(alt_dev.o)
                0x0041a638                alt_dev_null
                0x0041a660                alt_fd_list
 .data          0x0041a7e0        0x0 ../ucosMon_bsp//libucosii_bsp.a(alt_dma_rxchan_open.o)
 .data          0x0041a7e0        0x0 ../ucosMon_bsp//libucosii_bsp.a(alt_dma_txchan_open.o)
 .data          0x0041a7e0        0x0 ../ucosMon_bsp//libucosii_bsp.a(alt_errno.o)
 .data          0x0041a7e0        0x0 ../ucosMon_bsp//libucosii_bsp.a(alt_exit.o)
 .data          0x0041a7e0        0x0 ../ucosMon_bsp//libucosii_bsp.a(alt_find_dev.o)
 .data          0x0041a7e0        0x0 ../ucosMon_bsp//libucosii_bsp.a(alt_fstat.o)
 .data          0x0041a7e0        0x0 ../ucosMon_bsp//libucosii_bsp.a(alt_iic.o)
 .data          0x0041a7e0        0x0 ../ucosMon_bsp//libucosii_bsp.a(alt_iic_isr_register.o)
 .data          0x0041a7e0        0x0 ../ucosMon_bsp//libucosii_bsp.a(alt_irq_entry.o)
 .data          0x0041a7e0        0x0 ../ucosMon_bsp//libucosii_bsp.a(alt_irq_handler.o)
 .data          0x0041a7e0        0x0 ../ucosMon_bsp//libucosii_bsp.a(alt_irq_vars.o)
 .data          0x0041a7e0        0x0 ../ucosMon_bsp//libucosii_bsp.a(alt_isatty.o)
 .data          0x0041a7e0        0x0 ../ucosMon_bsp//libucosii_bsp.a(alt_load.o)
 .data          0x0041a7e0        0x0 ../ucosMon_bsp//libucosii_bsp.a(alt_lseek.o)
 .data          0x0041a7e0        0x0 ../ucosMon_bsp//libucosii_bsp.a(alt_main.o)
 .data          0x0041a7e0        0x0 ../ucosMon_bsp//libucosii_bsp.a(alt_read.o)
 .data          0x0041a7e0        0x0 ../ucosMon_bsp//libucosii_bsp.a(alt_release_fd.o)
 .data          0x0041a7e0        0x0 ../ucosMon_bsp//libucosii_bsp.a(alt_sbrk.o)
 .data          0x0041a7e0        0x0 ../ucosMon_bsp//libucosii_bsp.a(alt_times.o)
 .data          0x0041a7e0        0x0 ../ucosMon_bsp//libucosii_bsp.a(alt_write.o)
 .data          0x0041a7e0        0x0 ../ucosMon_bsp//libucosii_bsp.a(alt_env_lock.o)
 .data          0x0041a7e0        0x0 ../ucosMon_bsp//libucosii_bsp.a(alt_malloc_lock.o)
 .data          0x0041a7e0        0x0 ../ucosMon_bsp//libucosii_bsp.a(os_core.o)
 .data          0x0041a7e0        0x0 ../ucosMon_bsp//libucosii_bsp.a(os_dbg.o)
 .data          0x0041a7e0        0x0 ../ucosMon_bsp//libucosii_bsp.a(os_flag.o)
 .data          0x0041a7e0        0x0 ../ucosMon_bsp//libucosii_bsp.a(os_mem.o)
 .data          0x0041a7e0        0x0 ../ucosMon_bsp//libucosii_bsp.a(os_q.o)
 .data          0x0041a7e0        0x0 ../ucosMon_bsp//libucosii_bsp.a(os_sem.o)
 .data          0x0041a7e0        0x0 ../ucosMon_bsp//libucosii_bsp.a(os_task.o)
 .data          0x0041a7e0        0x0 ../ucosMon_bsp//libucosii_bsp.a(os_time.o)
 .data          0x0041a7e0     0x1268 ../ucosMon_bsp//libucosii_bsp.a(alt_sys_init.o)
 .data          0x0041ba48        0x0 ../ucosMon_bsp//libucosii_bsp.a(altera_avalon_dma.o)
 .data          0x0041ba48        0x0 ../ucosMon_bsp//libucosii_bsp.a(altera_avalon_jtag_uart_fd.o)
 .data          0x0041ba48        0x0 ../ucosMon_bsp//libucosii_bsp.a(altera_avalon_jtag_uart_init.o)
 .data          0x0041ba48        0x0 ../ucosMon_bsp//libucosii_bsp.a(altera_avalon_jtag_uart_ioctl.o)
 .data          0x0041ba48        0x0 ../ucosMon_bsp//libucosii_bsp.a(altera_avalon_jtag_uart_read.o)
 .data          0x0041ba48        0x0 ../ucosMon_bsp//libucosii_bsp.a(altera_avalon_jtag_uart_write.o)
 .data          0x0041ba48        0x0 ../ucosMon_bsp//libucosii_bsp.a(altera_avalon_mutex.o)
 .data          0x0041ba48        0x0 ../ucosMon_bsp//libucosii_bsp.a(altera_avalon_timer_sc.o)
 .data          0x0041ba48        0x0 ../ucosMon_bsp//libucosii_bsp.a(altera_avalon_timer_ts.o)
 .data          0x0041ba48        0x0 ../ucosMon_bsp//libucosii_bsp.a(altera_avalon_timer_vars.o)
 .data          0x0041ba48        0x0 ../ucosMon_bsp//libucosii_bsp.a(altera_ro_zipfs.o)
 .data          0x0041ba48        0x0 ../ucosMon_bsp//libucosii_bsp.a(alt_alarm_start.o)
 .data          0x0041ba48        0x0 ../ucosMon_bsp//libucosii_bsp.a(alt_dcache_flush_all.o)
 .data          0x0041ba48        0x0 ../ucosMon_bsp//libucosii_bsp.a(alt_dev_llist_insert.o)
 .data          0x0041ba48        0x0 ../ucosMon_bsp//libucosii_bsp.a(alt_do_ctors.o)
 .data          0x0041ba48        0x0 ../ucosMon_bsp//libucosii_bsp.a(alt_do_dtors.o)
 .data          0x0041ba48        0x0 ../ucosMon_bsp//libucosii_bsp.a(alt_exception_entry.o)
 .data          0x0041ba48        0x0 ../ucosMon_bsp//libucosii_bsp.a(alt_fs_reg.o)
 .data          0x0041ba48        0x0 ../ucosMon_bsp//libucosii_bsp.a(alt_icache_flush_all.o)
 .data          0x0041ba48        0x0 ../ucosMon_bsp//libucosii_bsp.a(alt_io_redirect.o)
 .data          0x0041ba48        0x0 ../ucosMon_bsp//libucosii_bsp.a(alt_open.o)
 .data          0x0041ba48        0x0 ../ucosMon_bsp//libucosii_bsp.a(alt_tick.o)
 .data          0x0041ba48        0x0 ../ucosMon_bsp//libucosii_bsp.a(altera_nios2_qsys_irq.o)
 .data          0x0041ba48        0x0 ../ucosMon_bsp//libucosii_bsp.a(os_cpu_a.o)
 .data          0x0041ba48        0x0 ../ucosMon_bsp//libucosii_bsp.a(os_cpu_c.o)
 .data          0x0041ba48        0x0 ../ucosMon_bsp//libucosii_bsp.a(alt_find_file.o)
 .data          0x0041ba48        0x0 ../ucosMon_bsp//libucosii_bsp.a(alt_get_fd.o)
 .data          0x0041ba48        0x0 ../ucosMon_bsp//libucosii_bsp.a(alt_icache_flush.o)
 .data          0x0041ba48        0x0 /CMC/tools/altera/13.1/nios2eds/bin/gnu/H-i686-pc-linux-gnu/bin/../lib/gcc/nios2-elf/4.7.3/../../../../../H-i686-pc-linux-gnu/nios2-elf/lib/mno-hw-mul/libc.a(lib_a-atexit.o)
 .data          0x0041ba48        0x0 /CMC/tools/altera/13.1/nios2eds/bin/gnu/H-i686-pc-linux-gnu/bin/../lib/gcc/nios2-elf/4.7.3/../../../../../H-i686-pc-linux-gnu/nios2-elf/lib/mno-hw-mul/libc.a(lib_a-memcmp.o)
 .data          0x0041ba48        0x0 /CMC/tools/altera/13.1/nios2eds/bin/gnu/H-i686-pc-linux-gnu/bin/../lib/gcc/nios2-elf/4.7.3/../../../../../H-i686-pc-linux-gnu/nios2-elf/lib/mno-hw-mul/libc.a(lib_a-strncmp.o)
 .data          0x0041ba48        0x0 /CMC/tools/altera/13.1/nios2eds/bin/gnu/H-i686-pc-linux-gnu/bin/../lib/gcc/nios2-elf/4.7.3/../../../../../H-i686-pc-linux-gnu/nios2-elf/lib/mno-hw-mul/libc.a(lib_a-__atexit.o)
 .data          0x0041ba48        0x0 /CMC/tools/altera/13.1/nios2eds/bin/gnu/H-i686-pc-linux-gnu/bin/../lib/gcc/nios2-elf/4.7.3/mno-hw-mul/libgcc.a(_fixunsdfsi.o)
                0x00423a48                _gp = ABSOLUTE ((. + 0x8000))
                0x00423a48                PROVIDE (gp, _gp)
 *(.rwdata .rwdata.*)
 *(.sdata .sdata.* .gnu.linkonce.s.*)
 .sdata         0x0041ba48        0x8 obj/default/Monitor.o
                0x0041ba48                isr_0_ptr
                0x0041ba4c                isr_1_ptr
 .sdata         0x0041ba50        0x8 /CMC/tools/altera/13.1/nios2eds/bin/gnu/H-i686-pc-linux-gnu/bin/../lib/gcc/nios2-elf/4.7.3/../../../../../H-i686-pc-linux-gnu/nios2-elf/lib/mno-hw-mul/libc.a(lib_a-impure.o)
                0x0041ba50                _global_impure_ptr
                0x0041ba54                _impure_ptr
 .sdata         0x0041ba58        0x4 /CMC/tools/altera/13.1/nios2eds/bin/gnu/H-i686-pc-linux-gnu/bin/../lib/gcc/nios2-elf/4.7.3/../../../../../H-i686-pc-linux-gnu/nios2-elf/lib/mno-hw-mul/libc.a(lib_a-locale.o)
                0x0041ba58                __mb_cur_max
 .sdata         0x0041ba5c        0x8 /CMC/tools/altera/13.1/nios2eds/bin/gnu/H-i686-pc-linux-gnu/bin/../lib/gcc/nios2-elf/4.7.3/../../../../../H-i686-pc-linux-gnu/nios2-elf/lib/mno-hw-mul/libc.a(lib_a-mallocr.o)
                0x0041ba5c                __malloc_sbrk_base
                0x0041ba60                __malloc_trim_threshold
 .sdata         0x0041ba64       0x14 ../ucosMon_bsp//libucosii_bsp.a(alt_dev.o)
                0x0041ba64                alt_fs_list
                0x0041ba6c                alt_dev_list
                0x0041ba74                alt_max_fd
 .sdata         0x0041ba78        0x8 ../ucosMon_bsp//libucosii_bsp.a(alt_dma_rxchan_open.o)
                0x0041ba78                alt_dma_rxchan_list
 .sdata         0x0041ba80        0x8 ../ucosMon_bsp//libucosii_bsp.a(alt_dma_txchan_open.o)
                0x0041ba80                alt_dma_txchan_list
 .sdata         0x0041ba88        0x4 ../ucosMon_bsp//libucosii_bsp.a(alt_errno.o)
                0x0041ba88                alt_errno
 .sdata         0x0041ba8c        0x4 ../ucosMon_bsp//libucosii_bsp.a(alt_irq_vars.o)
                0x0041ba8c                alt_priority_mask
 .sdata         0x0041ba90        0x4 ../ucosMon_bsp//libucosii_bsp.a(alt_sbrk.o)
 .sdata         0x0041ba94        0x4 ../ucosMon_bsp//libucosii_bsp.a(alt_env_lock.o)
 .sdata         0x0041ba98        0x4 ../ucosMon_bsp//libucosii_bsp.a(alt_malloc_lock.o)
 .sdata         0x0041ba9c       0x74 ../ucosMon_bsp//libucosii_bsp.a(os_dbg.o)
                0x0041ba9c                OSDebugEn
                0x0041baa0                OSEndiannessTest
                0x0041baa4                OSEventEn
                0x0041baa6                OSEventMax
                0x0041baa8                OSEventNameSize
                0x0041baaa                OSEventSize
                0x0041baac                OSEventTblSize
                0x0041baae                OSEventMultiEn
                0x0041bab0                OSFlagEn
                0x0041bab2                OSFlagGrpSize
                0x0041bab4                OSFlagNodeSize
                0x0041bab6                OSFlagWidth
                0x0041bab8                OSFlagMax
                0x0041baba                OSFlagNameSize
                0x0041babc                OSLowestPrio
                0x0041babe                OSMboxEn
                0x0041bac0                OSMemEn
                0x0041bac2                OSMemMax
                0x0041bac4                OSMemNameSize
                0x0041bac6                OSMemSize
                0x0041bac8                OSMemTblSize
                0x0041baca                OSMutexEn
                0x0041bacc                OSPtrSize
                0x0041bace                OSQEn
                0x0041bad0                OSQMax
                0x0041bad2                OSQSize
                0x0041bad4                OSRdyTblSize
                0x0041bad6                OSSemEn
                0x0041bad8                OSStkWidth
                0x0041bada                OSTaskCreateEn
                0x0041badc                OSTaskCreateExtEn
                0x0041bade                OSTaskDelEn
                0x0041bae0                OSTaskIdleStkSize
                0x0041bae2                OSTaskProfileEn
                0x0041bae4                OSTaskMax
                0x0041bae6                OSTaskNameSize
                0x0041bae8                OSTaskStatEn
                0x0041baea                OSTaskStatStkSize
                0x0041baec                OSTaskStatStkChkEn
                0x0041baee                OSTaskSwHookEn
                0x0041baf0                OSTCBPrioTblMax
                0x0041baf2                OSTCBSize
                0x0041baf4                OSTicksPerSec
                0x0041baf6                OSTimeTickHookEn
                0x0041baf8                OSVersionNbr
                0x0041bafa                OSTmrEn
                0x0041bafc                OSTmrCfgMax
                0x0041bafe                OSTmrCfgNameSize
                0x0041bb00                OSTmrCfgWheelSize
                0x0041bb02                OSTmrCfgTicksPerSec
                0x0041bb04                OSTmrSize
                0x0041bb06                OSTmrTblSize
                0x0041bb08                OSTmrWheelSize
                0x0041bb0a                OSTmrWheelTblSize
                0x0041bb0c                OSDataSize
 .sdata         0x0041bb10        0x8 ../ucosMon_bsp//libucosii_bsp.a(altera_avalon_mutex.o)
                0x0041bb10                alt_mutex_list
 .sdata         0x0041bb18        0x8 ../ucosMon_bsp//libucosii_bsp.a(alt_tick.o)
                0x0041bb18                alt_alarm_list
 *(.sdata2 .sdata2.* .gnu.linkonce.s2.*)
                0x0041bb20                . = ALIGN (0x4)
                0x0041bb20                _edata = ABSOLUTE (.)
                0x0041bb20                PROVIDE (edata, ABSOLUTE (.))
                0x0041bb20                PROVIDE (__ram_rwdata_end, ABSOLUTE (.))
                0x0041bb20                PROVIDE (__flash_rwdata_start, LOADADDR (.rwdata))

.bss            0x0041d81c     0x360c
                0x0041d81c                __bss_start = ABSOLUTE (.)
                0x0041d81c                PROVIDE (__sbss_start, ABSOLUTE (.))
                0x0041d81c                PROVIDE (___sbss_start, ABSOLUTE (.))
 *(.dynsbss)
 *(.sbss .sbss.* .gnu.linkonce.sb.*)
 .sbss          0x0041d81c        0x8 obj/default/Monitor.o
                0x0041d81c                count
 .sbss          0x0041d824       0x14 obj/default/Monitor.o
                0x0041d824                start_schedule
                0x0041d828                done
                0x0041d82c                mutex
                0x0041d830                err
                0x0041d834                status
 .sbss          0x0041d838        0xc /CMC/tools/altera/13.1/nios2eds/bin/gnu/H-i686-pc-linux-gnu/bin/../lib/gcc/nios2-elf/4.7.3/../../../../../H-i686-pc-linux-gnu/nios2-elf/lib/mno-hw-mul/libc.a(lib_a-locale.o)
                0x0041d838                _PathLocale
                0x0041d83c                __mlocale_changed
                0x0041d840                __nlocale_changed
 .sbss          0x0041d844        0xc /CMC/tools/altera/13.1/nios2eds/bin/gnu/H-i686-pc-linux-gnu/bin/../lib/gcc/nios2-elf/4.7.3/../../../../../H-i686-pc-linux-gnu/nios2-elf/lib/mno-hw-mul/libc.a(lib_a-mallocr.o)
                0x0041d844                __malloc_max_total_mem
                0x0041d848                __malloc_max_sbrked_mem
                0x0041d84c                __malloc_top_pad
 .sbss          0x0041d850        0x4 /CMC/tools/altera/13.1/nios2eds/bin/gnu/H-i686-pc-linux-gnu/bin/../lib/gcc/nios2-elf/4.7.3/../../../../../H-i686-pc-linux-gnu/nios2-elf/lib/mno-hw-mul/libc.a(lib_a-int_errno.o)
                0x0041d850                errno
 .sbss          0x0041d854        0x4 ../ucosMon_bsp//libucosii_bsp.a(alt_dev.o)
                0x0041d854                alt_fd_list_lock
 .sbss          0x0041d858        0x4 ../ucosMon_bsp//libucosii_bsp.a(alt_irq_vars.o)
                0x0041d858                alt_irq_active
 .sbss          0x0041d85c        0xc ../ucosMon_bsp//libucosii_bsp.a(alt_main.o)
                0x0041d85c                alt_argc
                0x0041d860                alt_argv
                0x0041d864                alt_envp
 .sbss          0x0041d868        0x8 ../ucosMon_bsp//libucosii_bsp.a(alt_env_lock.o)
                0x0041d86c                alt_envsem
 .sbss          0x0041d870        0x8 ../ucosMon_bsp//libucosii_bsp.a(alt_malloc_lock.o)
                0x0041d874                alt_heapsem
 .sbss          0x0041d878       0x50 ../ucosMon_bsp//libucosii_bsp.a(os_core.o)
                0x0041d878                OSLockNesting
                0x0041d879                OSRunning
                0x0041d87c                OSIdleCtr
                0x0041d880                OSPrioHighRdy
                0x0041d881                OSPrioCur
                0x0041d884                OSTCBList
                0x0041d888                OSTickStepState
                0x0041d88c                OSCtxSwCtr
                0x0041d890                OSIdleCtrMax
                0x0041d894                OSTCBFreeList
                0x0041d898                OSCPUUsage
                0x0041d899                OSTaskCtr
                0x0041d89c                OSMemFreeList
                0x0041d8a0                OSTCBHighRdy
                0x0041d8a4                OSQFreeList
                0x0041d8a8                OSRdyGrp
                0x0041d8a9                OSRdyTbl
                0x0041d8ac                OSEventFreeList
                0x0041d8b0                OSIntNesting
                0x0041d8b4                OSTCBCur
                0x0041d8b8                OSTime
                0x0041d8bc                OSFlagFreeList
                0x0041d8c0                OSStatRdy
                0x0041d8c4                OSIdleCtrRun
 .sbss          0x0041d8c8        0x8 ../ucosMon_bsp//libucosii_bsp.a(altera_avalon_timer_vars.o)
                0x0041d8c8                altera_avalon_timer_ts_base
                0x0041d8cc                altera_avalon_timer_ts_freq
 .sbss          0x0041d8d0        0x8 ../ucosMon_bsp//libucosii_bsp.a(alt_tick.o)
                0x0041d8d0                _alt_tick_rate
                0x0041d8d4                _alt_nticks
 *(.sbss2 .sbss2.* .gnu.linkonce.sb2.*)
 *(.scommon)
                0x0041d8d8                PROVIDE (__sbss_end, ABSOLUTE (.))
                0x0041d8d8                PROVIDE (___sbss_end, ABSOLUTE (.))
 *(.dynbss)
 *(.bss .bss.* .gnu.linkonce.b.*)
 .bss           0x0041d8d8        0x0 ../ucosMon_bsp//obj/HAL/src/crt0.o
 .bss           0x0041d8d8        0x0 obj/default/Monitor.o
 .bss           0x0041d8d8        0x0 obj/default/gp.o
 .bss           0x0041d8d8        0x0 ../critical_library/libcritical_library.a(fingerprint.o)
 .bss           0x0041d8d8        0x0 /CMC/tools/altera/13.1/nios2eds/bin/gnu/H-i686-pc-linux-gnu/bin/../lib/gcc/nios2-elf/4.7.3/mno-hw-mul/libgcc.a(lib2-mul.o)
 .bss           0x0041d8d8        0x0 /CMC/tools/altera/13.1/nios2eds/bin/gnu/H-i686-pc-linux-gnu/bin/../lib/gcc/nios2-elf/4.7.3/../../../../../H-i686-pc-linux-gnu/nios2-elf/lib/mno-hw-mul/libc.a(lib_a-clock.o)
 .bss           0x0041d8d8        0x0 /CMC/tools/altera/13.1/nios2eds/bin/gnu/H-i686-pc-linux-gnu/bin/../lib/gcc/nios2-elf/4.7.3/../../../../../H-i686-pc-linux-gnu/nios2-elf/lib/mno-hw-mul/libc.a(lib_a-exit.o)
 .bss           0x0041d8d8        0x0 /CMC/tools/altera/13.1/nios2eds/bin/gnu/H-i686-pc-linux-gnu/bin/../lib/gcc/nios2-elf/4.7.3/../../../../../H-i686-pc-linux-gnu/nios2-elf/lib/mno-hw-mul/libc.a(lib_a-impure.o)
 .bss           0x0041d8d8        0x0 /CMC/tools/altera/13.1/nios2eds/bin/gnu/H-i686-pc-linux-gnu/bin/../lib/gcc/nios2-elf/4.7.3/../../../../../H-i686-pc-linux-gnu/nios2-elf/lib/mno-hw-mul/libc.a(lib_a-memcpy.o)
 .bss           0x0041d8d8        0x0 /CMC/tools/altera/13.1/nios2eds/bin/gnu/H-i686-pc-linux-gnu/bin/../lib/gcc/nios2-elf/4.7.3/../../../../../H-i686-pc-linux-gnu/nios2-elf/lib/mno-hw-mul/libc.a(lib_a-printf.o)
 .bss           0x0041d8d8        0x0 /CMC/tools/altera/13.1/nios2eds/bin/gnu/H-i686-pc-linux-gnu/bin/../lib/gcc/nios2-elf/4.7.3/../../../../../H-i686-pc-linux-gnu/nios2-elf/lib/mno-hw-mul/libc.a(lib_a-puts.o)
 .bss           0x0041d8d8        0x0 /CMC/tools/altera/13.1/nios2eds/bin/gnu/H-i686-pc-linux-gnu/bin/../lib/gcc/nios2-elf/4.7.3/../../../../../H-i686-pc-linux-gnu/nios2-elf/lib/mno-hw-mul/libc.a(lib_a-strlen.o)
 .bss           0x0041d8d8        0x0 /CMC/tools/altera/13.1/nios2eds/bin/gnu/H-i686-pc-linux-gnu/bin/../lib/gcc/nios2-elf/4.7.3/../../../../../H-i686-pc-linux-gnu/nios2-elf/lib/mno-hw-mul/libc.a(lib_a-timesr.o)
 .bss           0x0041d8d8        0x0 /CMC/tools/altera/13.1/nios2eds/bin/gnu/H-i686-pc-linux-gnu/bin/../lib/gcc/nios2-elf/4.7.3/../../../../../H-i686-pc-linux-gnu/nios2-elf/lib/mno-hw-mul/libc.a(lib_a-vfprintf.o)
 .bss           0x0041d8d8        0x0 /CMC/tools/altera/13.1/nios2eds/bin/gnu/H-i686-pc-linux-gnu/bin/../lib/gcc/nios2-elf/4.7.3/../../../../../H-i686-pc-linux-gnu/nios2-elf/lib/mno-hw-mul/libc.a(lib_a-wsetup.o)
 .bss           0x0041d8d8        0x0 /CMC/tools/altera/13.1/nios2eds/bin/gnu/H-i686-pc-linux-gnu/bin/../lib/gcc/nios2-elf/4.7.3/../../../../../H-i686-pc-linux-gnu/nios2-elf/lib/mno-hw-mul/libc.a(lib_a-__call_atexit.o)
 .bss           0x0041d8d8        0x0 /CMC/tools/altera/13.1/nios2eds/bin/gnu/H-i686-pc-linux-gnu/bin/../lib/gcc/nios2-elf/4.7.3/../../../../../H-i686-pc-linux-gnu/nios2-elf/lib/mno-hw-mul/libc.a(lib_a-dtoa.o)
 .bss           0x0041d8d8        0x0 /CMC/tools/altera/13.1/nios2eds/bin/gnu/H-i686-pc-linux-gnu/bin/../lib/gcc/nios2-elf/4.7.3/../../../../../H-i686-pc-linux-gnu/nios2-elf/lib/mno-hw-mul/libc.a(lib_a-fflush.o)
 .bss           0x0041d8d8        0x0 /CMC/tools/altera/13.1/nios2eds/bin/gnu/H-i686-pc-linux-gnu/bin/../lib/gcc/nios2-elf/4.7.3/../../../../../H-i686-pc-linux-gnu/nios2-elf/lib/mno-hw-mul/libc.a(lib_a-findfp.o)
 .bss           0x0041d8d8        0x0 /CMC/tools/altera/13.1/nios2eds/bin/gnu/H-i686-pc-linux-gnu/bin/../lib/gcc/nios2-elf/4.7.3/../../../../../H-i686-pc-linux-gnu/nios2-elf/lib/mno-hw-mul/libc.a(lib_a-freer.o)
 .bss           0x0041d8d8        0x0 /CMC/tools/altera/13.1/nios2eds/bin/gnu/H-i686-pc-linux-gnu/bin/../lib/gcc/nios2-elf/4.7.3/../../../../../H-i686-pc-linux-gnu/nios2-elf/lib/mno-hw-mul/libc.a(lib_a-fvwrite.o)
 .bss           0x0041d8d8        0x0 /CMC/tools/altera/13.1/nios2eds/bin/gnu/H-i686-pc-linux-gnu/bin/../lib/gcc/nios2-elf/4.7.3/../../../../../H-i686-pc-linux-gnu/nios2-elf/lib/mno-hw-mul/libc.a(lib_a-fwalk.o)
 .bss           0x0041d8d8        0x0 /CMC/tools/altera/13.1/nios2eds/bin/gnu/H-i686-pc-linux-gnu/bin/../lib/gcc/nios2-elf/4.7.3/../../../../../H-i686-pc-linux-gnu/nios2-elf/lib/mno-hw-mul/libc.a(lib_a-locale.o)
 .bss           0x0041d8d8        0x0 /CMC/tools/altera/13.1/nios2eds/bin/gnu/H-i686-pc-linux-gnu/bin/../lib/gcc/nios2-elf/4.7.3/../../../../../H-i686-pc-linux-gnu/nios2-elf/lib/mno-hw-mul/libc.a(lib_a-makebuf.o)
 .bss           0x0041d8d8       0x28 /CMC/tools/altera/13.1/nios2eds/bin/gnu/H-i686-pc-linux-gnu/bin/../lib/gcc/nios2-elf/4.7.3/../../../../../H-i686-pc-linux-gnu/nios2-elf/lib/mno-hw-mul/libc.a(lib_a-mallocr.o)
                0x0041d8d8                __malloc_current_mallinfo
 .bss           0x0041d900        0x0 /CMC/tools/altera/13.1/nios2eds/bin/gnu/H-i686-pc-linux-gnu/bin/../lib/gcc/nios2-elf/4.7.3/../../../../../H-i686-pc-linux-gnu/nios2-elf/lib/mno-hw-mul/libc.a(lib_a-memchr.o)
 .bss           0x0041d900        0x0 /CMC/tools/altera/13.1/nios2eds/bin/gnu/H-i686-pc-linux-gnu/bin/../lib/gcc/nios2-elf/4.7.3/../../../../../H-i686-pc-linux-gnu/nios2-elf/lib/mno-hw-mul/libc.a(lib_a-memmove.o)
 .bss           0x0041d900        0x0 /CMC/tools/altera/13.1/nios2eds/bin/gnu/H-i686-pc-linux-gnu/bin/../lib/gcc/nios2-elf/4.7.3/../../../../../H-i686-pc-linux-gnu/nios2-elf/lib/mno-hw-mul/libc.a(lib_a-memset.o)
 .bss           0x0041d900        0x0 /CMC/tools/altera/13.1/nios2eds/bin/gnu/H-i686-pc-linux-gnu/bin/../lib/gcc/nios2-elf/4.7.3/../../../../../H-i686-pc-linux-gnu/nios2-elf/lib/mno-hw-mul/libc.a(lib_a-mprec.o)
 .bss           0x0041d900        0x0 /CMC/tools/altera/13.1/nios2eds/bin/gnu/H-i686-pc-linux-gnu/bin/../lib/gcc/nios2-elf/4.7.3/../../../../../H-i686-pc-linux-gnu/nios2-elf/lib/mno-hw-mul/libc.a(lib_a-reallocr.o)
 .bss           0x0041d900        0x0 /CMC/tools/altera/13.1/nios2eds/bin/gnu/H-i686-pc-linux-gnu/bin/../lib/gcc/nios2-elf/4.7.3/../../../../../H-i686-pc-linux-gnu/nios2-elf/lib/mno-hw-mul/libc.a(lib_a-s_isinfd.o)
 .bss           0x0041d900        0x0 /CMC/tools/altera/13.1/nios2eds/bin/gnu/H-i686-pc-linux-gnu/bin/../lib/gcc/nios2-elf/4.7.3/../../../../../H-i686-pc-linux-gnu/nios2-elf/lib/mno-hw-mul/libc.a(lib_a-s_isnand.o)
 .bss           0x0041d900        0x0 /CMC/tools/altera/13.1/nios2eds/bin/gnu/H-i686-pc-linux-gnu/bin/../lib/gcc/nios2-elf/4.7.3/../../../../../H-i686-pc-linux-gnu/nios2-elf/lib/mno-hw-mul/libc.a(lib_a-sbrkr.o)
 .bss           0x0041d900        0x0 /CMC/tools/altera/13.1/nios2eds/bin/gnu/H-i686-pc-linux-gnu/bin/../lib/gcc/nios2-elf/4.7.3/../../../../../H-i686-pc-linux-gnu/nios2-elf/lib/mno-hw-mul/libc.a(lib_a-stdio.o)
 .bss           0x0041d900        0x0 /CMC/tools/altera/13.1/nios2eds/bin/gnu/H-i686-pc-linux-gnu/bin/../lib/gcc/nios2-elf/4.7.3/../../../../../H-i686-pc-linux-gnu/nios2-elf/lib/mno-hw-mul/libc.a(lib_a-strcmp.o)
 .bss           0x0041d900        0x0 /CMC/tools/altera/13.1/nios2eds/bin/gnu/H-i686-pc-linux-gnu/bin/../lib/gcc/nios2-elf/4.7.3/../../../../../H-i686-pc-linux-gnu/nios2-elf/lib/mno-hw-mul/libc.a(lib_a-writer.o)
 .bss           0x0041d900        0x0 /CMC/tools/altera/13.1/nios2eds/bin/gnu/H-i686-pc-linux-gnu/bin/../lib/gcc/nios2-elf/4.7.3/../../../../../H-i686-pc-linux-gnu/nios2-elf/lib/mno-hw-mul/libc.a(lib_a-callocr.o)
 .bss           0x0041d900        0x0 /CMC/tools/altera/13.1/nios2eds/bin/gnu/H-i686-pc-linux-gnu/bin/../lib/gcc/nios2-elf/4.7.3/../../../../../H-i686-pc-linux-gnu/nios2-elf/lib/mno-hw-mul/libc.a(lib_a-closer.o)
 .bss           0x0041d900        0x0 /CMC/tools/altera/13.1/nios2eds/bin/gnu/H-i686-pc-linux-gnu/bin/../lib/gcc/nios2-elf/4.7.3/../../../../../H-i686-pc-linux-gnu/nios2-elf/lib/mno-hw-mul/libc.a(lib_a-fclose.o)
 .bss           0x0041d900        0x0 /CMC/tools/altera/13.1/nios2eds/bin/gnu/H-i686-pc-linux-gnu/bin/../lib/gcc/nios2-elf/4.7.3/../../../../../H-i686-pc-linux-gnu/nios2-elf/lib/mno-hw-mul/libc.a(lib_a-fstatr.o)
 .bss           0x0041d900        0x0 /CMC/tools/altera/13.1/nios2eds/bin/gnu/H-i686-pc-linux-gnu/bin/../lib/gcc/nios2-elf/4.7.3/../../../../../H-i686-pc-linux-gnu/nios2-elf/lib/mno-hw-mul/libc.a(lib_a-int_errno.o)
 .bss           0x0041d900        0x0 /CMC/tools/altera/13.1/nios2eds/bin/gnu/H-i686-pc-linux-gnu/bin/../lib/gcc/nios2-elf/4.7.3/../../../../../H-i686-pc-linux-gnu/nios2-elf/lib/mno-hw-mul/libc.a(lib_a-isattyr.o)
 .bss           0x0041d900        0x0 /CMC/tools/altera/13.1/nios2eds/bin/gnu/H-i686-pc-linux-gnu/bin/../lib/gcc/nios2-elf/4.7.3/../../../../../H-i686-pc-linux-gnu/nios2-elf/lib/mno-hw-mul/libc.a(lib_a-lseekr.o)
 .bss           0x0041d900        0x0 /CMC/tools/altera/13.1/nios2eds/bin/gnu/H-i686-pc-linux-gnu/bin/../lib/gcc/nios2-elf/4.7.3/../../../../../H-i686-pc-linux-gnu/nios2-elf/lib/mno-hw-mul/libc.a(lib_a-readr.o)
 .bss           0x0041d900        0x0 /CMC/tools/altera/13.1/nios2eds/bin/gnu/H-i686-pc-linux-gnu/bin/../lib/gcc/nios2-elf/4.7.3/mno-hw-mul/libgcc.a(_udivdi3.o)
 .bss           0x0041d900        0x0 /CMC/tools/altera/13.1/nios2eds/bin/gnu/H-i686-pc-linux-gnu/bin/../lib/gcc/nios2-elf/4.7.3/mno-hw-mul/libgcc.a(_umoddi3.o)
 .bss           0x0041d900        0x0 /CMC/tools/altera/13.1/nios2eds/bin/gnu/H-i686-pc-linux-gnu/bin/../lib/gcc/nios2-elf/4.7.3/mno-hw-mul/libgcc.a(_addsub_df.o)
 .bss           0x0041d900        0x0 /CMC/tools/altera/13.1/nios2eds/bin/gnu/H-i686-pc-linux-gnu/bin/../lib/gcc/nios2-elf/4.7.3/mno-hw-mul/libgcc.a(_mul_df.o)
 .bss           0x0041d900        0x0 /CMC/tools/altera/13.1/nios2eds/bin/gnu/H-i686-pc-linux-gnu/bin/../lib/gcc/nios2-elf/4.7.3/mno-hw-mul/libgcc.a(_div_df.o)
 .bss           0x0041d900        0x0 /CMC/tools/altera/13.1/nios2eds/bin/gnu/H-i686-pc-linux-gnu/bin/../lib/gcc/nios2-elf/4.7.3/mno-hw-mul/libgcc.a(_eq_df.o)
 .bss           0x0041d900        0x0 /CMC/tools/altera/13.1/nios2eds/bin/gnu/H-i686-pc-linux-gnu/bin/../lib/gcc/nios2-elf/4.7.3/mno-hw-mul/libgcc.a(_ne_df.o)
 .bss           0x0041d900        0x0 /CMC/tools/altera/13.1/nios2eds/bin/gnu/H-i686-pc-linux-gnu/bin/../lib/gcc/nios2-elf/4.7.3/mno-hw-mul/libgcc.a(_gt_df.o)
 .bss           0x0041d900        0x0 /CMC/tools/altera/13.1/nios2eds/bin/gnu/H-i686-pc-linux-gnu/bin/../lib/gcc/nios2-elf/4.7.3/mno-hw-mul/libgcc.a(_ge_df.o)
 .bss           0x0041d900        0x0 /CMC/tools/altera/13.1/nios2eds/bin/gnu/H-i686-pc-linux-gnu/bin/../lib/gcc/nios2-elf/4.7.3/mno-hw-mul/libgcc.a(_lt_df.o)
 .bss           0x0041d900        0x0 /CMC/tools/altera/13.1/nios2eds/bin/gnu/H-i686-pc-linux-gnu/bin/../lib/gcc/nios2-elf/4.7.3/mno-hw-mul/libgcc.a(_si_to_df.o)
 .bss           0x0041d900        0x0 /CMC/tools/altera/13.1/nios2eds/bin/gnu/H-i686-pc-linux-gnu/bin/../lib/gcc/nios2-elf/4.7.3/mno-hw-mul/libgcc.a(_df_to_si.o)
 .bss           0x0041d900        0x0 /CMC/tools/altera/13.1/nios2eds/bin/gnu/H-i686-pc-linux-gnu/bin/../lib/gcc/nios2-elf/4.7.3/mno-hw-mul/libgcc.a(_thenan_df.o)
 .bss           0x0041d900        0x0 /CMC/tools/altera/13.1/nios2eds/bin/gnu/H-i686-pc-linux-gnu/bin/../lib/gcc/nios2-elf/4.7.3/mno-hw-mul/libgcc.a(_usi_to_df.o)
 .bss           0x0041d900        0x0 /CMC/tools/altera/13.1/nios2eds/bin/gnu/H-i686-pc-linux-gnu/bin/../lib/gcc/nios2-elf/4.7.3/mno-hw-mul/libgcc.a(lib2-divmod.o)
 .bss           0x0041d900        0x0 /CMC/tools/altera/13.1/nios2eds/bin/gnu/H-i686-pc-linux-gnu/bin/../lib/gcc/nios2-elf/4.7.3/mno-hw-mul/libgcc.a(_muldi3.o)
 .bss           0x0041d900        0x0 /CMC/tools/altera/13.1/nios2eds/bin/gnu/H-i686-pc-linux-gnu/bin/../lib/gcc/nios2-elf/4.7.3/mno-hw-mul/libgcc.a(_clz.o)
 .bss           0x0041d900        0x0 /CMC/tools/altera/13.1/nios2eds/bin/gnu/H-i686-pc-linux-gnu/bin/../lib/gcc/nios2-elf/4.7.3/mno-hw-mul/libgcc.a(_clzsi2.o)
 .bss           0x0041d900        0x0 /CMC/tools/altera/13.1/nios2eds/bin/gnu/H-i686-pc-linux-gnu/bin/../lib/gcc/nios2-elf/4.7.3/mno-hw-mul/libgcc.a(_pack_df.o)
 .bss           0x0041d900        0x0 /CMC/tools/altera/13.1/nios2eds/bin/gnu/H-i686-pc-linux-gnu/bin/../lib/gcc/nios2-elf/4.7.3/mno-hw-mul/libgcc.a(_unpack_df.o)
 .bss           0x0041d900        0x0 /CMC/tools/altera/13.1/nios2eds/bin/gnu/H-i686-pc-linux-gnu/bin/../lib/gcc/nios2-elf/4.7.3/mno-hw-mul/libgcc.a(_fpcmp_parts_df.o)
 .bss           0x0041d900        0x0 /CMC/tools/altera/13.1/nios2eds/bin/gnu/H-i686-pc-linux-gnu/bin/../lib/gcc/nios2-elf/4.7.3/mno-hw-mul/libgcc.a(_lshrdi3.o)
 .bss           0x0041d900        0x0 /CMC/tools/altera/13.1/nios2eds/bin/gnu/H-i686-pc-linux-gnu/bin/../lib/gcc/nios2-elf/4.7.3/mno-hw-mul/libgcc.a(_ashldi3.o)
 .bss           0x0041d900        0x0 ../ucosMon_bsp//libucosii_bsp.a(alt_close.o)
 .bss           0x0041d900        0x0 ../ucosMon_bsp//libucosii_bsp.a(alt_dev.o)
 .bss           0x0041d900        0x0 ../ucosMon_bsp//libucosii_bsp.a(alt_dma_rxchan_open.o)
 .bss           0x0041d900        0x0 ../ucosMon_bsp//libucosii_bsp.a(alt_dma_txchan_open.o)
 .bss           0x0041d900        0x0 ../ucosMon_bsp//libucosii_bsp.a(alt_errno.o)
 .bss           0x0041d900        0x0 ../ucosMon_bsp//libucosii_bsp.a(alt_exit.o)
 .bss           0x0041d900        0x0 ../ucosMon_bsp//libucosii_bsp.a(alt_find_dev.o)
 .bss           0x0041d900        0x0 ../ucosMon_bsp//libucosii_bsp.a(alt_fstat.o)
 .bss           0x0041d900        0x0 ../ucosMon_bsp//libucosii_bsp.a(alt_iic.o)
 .bss           0x0041d900        0x0 ../ucosMon_bsp//libucosii_bsp.a(alt_iic_isr_register.o)
 .bss           0x0041d900        0x0 ../ucosMon_bsp//libucosii_bsp.a(alt_irq_entry.o)
 .bss           0x0041d900        0x0 ../ucosMon_bsp//libucosii_bsp.a(alt_irq_handler.o)
 .bss           0x0041d900        0x0 ../ucosMon_bsp//libucosii_bsp.a(alt_irq_vars.o)
 .bss           0x0041d900        0x0 ../ucosMon_bsp//libucosii_bsp.a(alt_isatty.o)
 .bss           0x0041d900        0x0 ../ucosMon_bsp//libucosii_bsp.a(alt_load.o)
 .bss           0x0041d900        0x0 ../ucosMon_bsp//libucosii_bsp.a(alt_lseek.o)
 .bss           0x0041d900        0x0 ../ucosMon_bsp//libucosii_bsp.a(alt_main.o)
 .bss           0x0041d900        0x0 ../ucosMon_bsp//libucosii_bsp.a(alt_read.o)
 .bss           0x0041d900        0x0 ../ucosMon_bsp//libucosii_bsp.a(alt_release_fd.o)
 .bss           0x0041d900        0x0 ../ucosMon_bsp//libucosii_bsp.a(alt_sbrk.o)
 .bss           0x0041d900        0x0 ../ucosMon_bsp//libucosii_bsp.a(alt_times.o)
 .bss           0x0041d900        0x0 ../ucosMon_bsp//libucosii_bsp.a(alt_write.o)
 .bss           0x0041d900        0x0 ../ucosMon_bsp//libucosii_bsp.a(alt_env_lock.o)
 .bss           0x0041d900        0x0 ../ucosMon_bsp//libucosii_bsp.a(alt_malloc_lock.o)
 .bss           0x0041d900        0x0 ../ucosMon_bsp//libucosii_bsp.a(os_core.o)
 .bss           0x0041d900        0x0 ../ucosMon_bsp//libucosii_bsp.a(os_dbg.o)
 .bss           0x0041d900        0x0 ../ucosMon_bsp//libucosii_bsp.a(os_flag.o)
 .bss           0x0041d900        0x0 ../ucosMon_bsp//libucosii_bsp.a(os_mem.o)
 .bss           0x0041d900        0x0 ../ucosMon_bsp//libucosii_bsp.a(os_q.o)
 .bss           0x0041d900        0x0 ../ucosMon_bsp//libucosii_bsp.a(os_sem.o)
 .bss           0x0041d900        0x0 ../ucosMon_bsp//libucosii_bsp.a(os_task.o)
 .bss           0x0041d900        0x0 ../ucosMon_bsp//libucosii_bsp.a(os_time.o)
 .bss           0x0041d900        0x0 ../ucosMon_bsp//libucosii_bsp.a(alt_sys_init.o)
 .bss           0x0041d900        0x0 ../ucosMon_bsp//libucosii_bsp.a(altera_avalon_dma.o)
 .bss           0x0041d900        0x0 ../ucosMon_bsp//libucosii_bsp.a(altera_avalon_jtag_uart_fd.o)
 .bss           0x0041d900        0x0 ../ucosMon_bsp//libucosii_bsp.a(altera_avalon_jtag_uart_init.o)
 .bss           0x0041d900        0x0 ../ucosMon_bsp//libucosii_bsp.a(altera_avalon_jtag_uart_ioctl.o)
 .bss           0x0041d900        0x0 ../ucosMon_bsp//libucosii_bsp.a(altera_avalon_jtag_uart_read.o)
 .bss           0x0041d900        0x0 ../ucosMon_bsp//libucosii_bsp.a(altera_avalon_jtag_uart_write.o)
 .bss           0x0041d900        0x0 ../ucosMon_bsp//libucosii_bsp.a(altera_avalon_mutex.o)
 .bss           0x0041d900        0x0 ../ucosMon_bsp//libucosii_bsp.a(altera_avalon_timer_sc.o)
 .bss           0x0041d900        0x0 ../ucosMon_bsp//libucosii_bsp.a(altera_avalon_timer_ts.o)
 .bss           0x0041d900        0x0 ../ucosMon_bsp//libucosii_bsp.a(altera_avalon_timer_vars.o)
 .bss           0x0041d900        0x0 ../ucosMon_bsp//libucosii_bsp.a(altera_ro_zipfs.o)
 .bss           0x0041d900        0x0 ../ucosMon_bsp//libucosii_bsp.a(alt_alarm_start.o)
 .bss           0x0041d900        0x0 ../ucosMon_bsp//libucosii_bsp.a(alt_dcache_flush_all.o)
 .bss           0x0041d900        0x0 ../ucosMon_bsp//libucosii_bsp.a(alt_dev_llist_insert.o)
 .bss           0x0041d900        0x0 ../ucosMon_bsp//libucosii_bsp.a(alt_do_ctors.o)
 .bss           0x0041d900        0x0 ../ucosMon_bsp//libucosii_bsp.a(alt_do_dtors.o)
 .bss           0x0041d900        0x0 ../ucosMon_bsp//libucosii_bsp.a(alt_exception_entry.o)
 .bss           0x0041d900        0x0 ../ucosMon_bsp//libucosii_bsp.a(alt_fs_reg.o)
 .bss           0x0041d900        0x0 ../ucosMon_bsp//libucosii_bsp.a(alt_icache_flush_all.o)
 .bss           0x0041d900        0x0 ../ucosMon_bsp//libucosii_bsp.a(alt_io_redirect.o)
 .bss           0x0041d900        0x0 ../ucosMon_bsp//libucosii_bsp.a(alt_open.o)
 .bss           0x0041d900        0x0 ../ucosMon_bsp//libucosii_bsp.a(alt_tick.o)
 .bss           0x0041d900        0x0 ../ucosMon_bsp//libucosii_bsp.a(altera_nios2_qsys_irq.o)
 .bss           0x0041d900        0x0 ../ucosMon_bsp//libucosii_bsp.a(os_cpu_a.o)
 .bss           0x0041d900        0x0 ../ucosMon_bsp//libucosii_bsp.a(os_cpu_c.o)
 .bss           0x0041d900        0x0 ../ucosMon_bsp//libucosii_bsp.a(alt_find_file.o)