Archive member included because of file (symbol)

../critical_library/libcritical_library.a(critical.o)
                              obj/default/Monitor.o (critical_task)
../critical_library/libcritical_library.a(fingerprint.o)
                              obj/default/Monitor.o (set_task_directory)
/CMC/tools/altera/13.1/nios2eds/bin/gnu/H-i686-pc-linux-gnu/bin/../lib/gcc/nios2-elf/4.7.3/mno-hw-mul/libgcc.a(lib2-mul.o)
                              obj/default/Monitor.o (__mulsi3)
/CMC/tools/altera/13.1/nios2eds/bin/gnu/H-i686-pc-linux-gnu/bin/../lib/gcc/nios2-elf/4.7.3/../../../../../H-i686-pc-linux-gnu/nios2-elf/lib/mno-hw-mul/libc.a(lib_a-clock.o)
                              obj/default/Monitor.o (clock)
/CMC/tools/altera/13.1/nios2eds/bin/gnu/H-i686-pc-linux-gnu/bin/../lib/gcc/nios2-elf/4.7.3/../../../../../H-i686-pc-linux-gnu/nios2-elf/lib/mno-hw-mul/libc.a(lib_a-exit.o)
                              obj/default/Monitor.o (exit)
/CMC/tools/altera/13.1/nios2eds/bin/gnu/H-i686-pc-linux-gnu/bin/../lib/gcc/nios2-elf/4.7.3/../../../../../H-i686-pc-linux-gnu/nios2-elf/lib/mno-hw-mul/libc.a(lib_a-impure.o)
                              /CMC/tools/altera/13.1/nios2eds/bin/gnu/H-i686-pc-linux-gnu/bin/../lib/gcc/nios2-elf/4.7.3/../../../../../H-i686-pc-linux-gnu/nios2-elf/lib/mno-hw-mul/libc.a(lib_a-exit.o) (_global_impure_ptr)
/CMC/tools/altera/13.1/nios2eds/bin/gnu/H-i686-pc-linux-gnu/bin/../lib/gcc/nios2-elf/4.7.3/../../../../../H-i686-pc-linux-gnu/nios2-elf/lib/mno-hw-mul/libc.a(lib_a-memcpy.o)
                              obj/default/Monitor.o (memcpy)
/CMC/tools/altera/13.1/nios2eds/bin/gnu/H-i686-pc-linux-gnu/bin/../lib/gcc/nios2-elf/4.7.3/../../../../../H-i686-pc-linux-gnu/nios2-elf/lib/mno-hw-mul/libc.a(lib_a-printf.o)
                              obj/default/Monitor.o (printf)
/CMC/tools/altera/13.1/nios2eds/bin/gnu/H-i686-pc-linux-gnu/bin/../lib/gcc/nios2-elf/4.7.3/../../../../../H-i686-pc-linux-gnu/nios2-elf/lib/mno-hw-mul/libc.a(lib_a-puts.o)
                              obj/default/Monitor.o (puts)
/CMC/tools/altera/13.1/nios2eds/bin/gnu/H-i686-pc-linux-gnu/bin/../lib/gcc/nios2-elf/4.7.3/../../../../../H-i686-pc-linux-gnu/nios2-elf/lib/mno-hw-mul/libc.a(lib_a-strlen.o)
                              /CMC/tools/altera/13.1/nios2eds/bin/gnu/H-i686-pc-linux-gnu/bin/../lib/gcc/nios2-elf/4.7.3/../../../../../H-i686-pc-linux-gnu/nios2-elf/lib/mno-hw-mul/libc.a(lib_a-puts.o) (strlen)
/CMC/tools/altera/13.1/nios2eds/bin/gnu/H-i686-pc-linux-gnu/bin/../lib/gcc/nios2-elf/4.7.3/../../../../../H-i686-pc-linux-gnu/nios2-elf/lib/mno-hw-mul/libc.a(lib_a-timesr.o)
                              /CMC/tools/altera/13.1/nios2eds/bin/gnu/H-i686-pc-linux-gnu/bin/../lib/gcc/nios2-elf/4.7.3/../../../../../H-i686-pc-linux-gnu/nios2-elf/lib/mno-hw-mul/libc.a(lib_a-clock.o) (_times_r)
/CMC/tools/altera/13.1/nios2eds/bin/gnu/H-i686-pc-linux-gnu/bin/../lib/gcc/nios2-elf/4.7.3/../../../../../H-i686-pc-linux-gnu/nios2-elf/lib/mno-hw-mul/libc.a(lib_a-vfprintf.o)
                              /CMC/tools/altera/13.1/nios2eds/bin/gnu/H-i686-pc-linux-gnu/bin/../lib/gcc/nios2-elf/4.7.3/../../../../../H-i686-pc-linux-gnu/nios2-elf/lib/mno-hw-mul/libc.a(lib_a-printf.o) (___vfprintf_internal_r)
/CMC/tools/altera/13.1/nios2eds/bin/gnu/H-i686-pc-linux-gnu/bin/../lib/gcc/nios2-elf/4.7.3/../../../../../H-i686-pc-linux-gnu/nios2-elf/lib/mno-hw-mul/libc.a(lib_a-wsetup.o)
                              /CMC/tools/altera/13.1/nios2eds/bin/gnu/H-i686-pc-linux-gnu/bin/../lib/gcc/nios2-elf/4.7.3/../../../../../H-i686-pc-linux-gnu/nios2-elf/lib/mno-hw-mul/libc.a(lib_a-vfprintf.o) (__swsetup_r)
/CMC/tools/altera/13.1/nios2eds/bin/gnu/H-i686-pc-linux-gnu/bin/../lib/gcc/nios2-elf/4.7.3/../../../../../H-i686-pc-linux-gnu/nios2-elf/lib/mno-hw-mul/libc.a(lib_a-__call_atexit.o)
                              /CMC/tools/altera/13.1/nios2eds/bin/gnu/H-i686-pc-linux-gnu/bin/../lib/gcc/nios2-elf/4.7.3/../../../../../H-i686-pc-linux-gnu/nios2-elf/lib/mno-hw-mul/libc.a(lib_a-exit.o) (__call_exitprocs)
/CMC/tools/altera/13.1/nios2eds/bin/gnu/H-i686-pc-linux-gnu/bin/../lib/gcc/nios2-elf/4.7.3/../../../../../H-i686-pc-linux-gnu/nios2-elf/lib/mno-hw-mul/libc.a(lib_a-dtoa.o)
                              /CMC/tools/altera/13.1/nios2eds/bin/gnu/H-i686-pc-linux-gnu/bin/../lib/gcc/nios2-elf/4.7.3/../../../../../H-i686-pc-linux-gnu/nios2-elf/lib/mno-hw-mul/libc.a(lib_a-vfprintf.o) (_dtoa_r)
/CMC/tools/altera/13.1/nios2eds/bin/gnu/H-i686-pc-linux-gnu/bin/../lib/gcc/nios2-elf/4.7.3/../../../../../H-i686-pc-linux-gnu/nios2-elf/lib/mno-hw-mul/libc.a(lib_a-fflush.o)
                              /CMC/tools/altera/13.1/nios2eds/bin/gnu/H-i686-pc-linux-gnu/bin/../lib/gcc/nios2-elf/4.7.3/../../../../../H-i686-pc-linux-gnu/nios2-elf/lib/mno-hw-mul/libc.a(lib_a-vfprintf.o) (_fflush_r)
/CMC/tools/altera/13.1/nios2eds/bin/gnu/H-i686-pc-linux-gnu/bin/../lib/gcc/nios2-elf/4.7.3/../../../../../H-i686-pc-linux-gnu/nios2-elf/lib/mno-hw-mul/libc.a(lib_a-findfp.o)
[...]
Memory Configuration

Name             Origin             Length             Attributes
reset            0x00400000         0x00000020
memory_0_onchip_memoryMain 0x00400020         0x00030fe0
global_data      0x00431000         0x00001000
shared_memory    0x02500000         0x00000400
processorM_0_scratchpad 0x08200000         0x00004000
*default*        0x00000000         0xffffffff

Linker script and memory map

LOAD ../ucosMon_bsp//obj/HAL/src/crt0.o
LOAD obj/default/Monitor.o
LOAD obj/default/gp.o
LOAD ../critical_library/libcritical_library.a
LOAD /CMC/tools/altera/13.1/nios2eds/bin/gnu/H-i686-pc-linux-gnu/bin/../lib/gcc/nios2-elf/4.7.3/../../../../../H-i686-pc-linux-gnu/nios2-elf/lib/mno-hw-mul/libstdc++.a
LOAD /CMC/tools/altera/13.1/nios2eds/bin/gnu/H-i686-pc-linux-gnu/bin/../lib/gcc/nios2-elf/4.7.3/../../../../../H-i686-pc-linux-gnu/nios2-elf/lib/mno-hw-mul/libm.a
LOAD /CMC/tools/altera/13.1/nios2eds/bin/gnu/H-i686-pc-linux-gnu/bin/../lib/gcc/nios2-elf/4.7.3/mno-hw-mul/libgcc.a
START GROUP
LOAD /CMC/tools/altera/13.1/nios2eds/bin/gnu/H-i686-pc-linux-gnu/bin/../lib/gcc/nios2-elf/4.7.3/../../../../../H-i686-pc-linux-gnu/nios2-elf/lib/mno-hw-mul/libc.a
LOAD /CMC/tools/altera/13.1/nios2eds/bin/gnu/H-i686-pc-linux-gnu/bin/../lib/gcc/nios2-elf/4.7.3/mno-hw-mul/libgcc.a
LOAD ../ucosMon_bsp//libucosii_bsp.a
END GROUP
LOAD /CMC/tools/altera/13.1/nios2eds/bin/gnu/H-i686-pc-linux-gnu/bin/../lib/gcc/nios2-elf/4.7.3/mno-hw-mul/libgcc.a
                0x00400000                __alt_mem_memory_0_onchip_memoryMain = 0x400000
                0x02500000                __alt_mem_shared_memory = 0x2500000
                0x08200000                __alt_mem_processorM_0_scratchpad = 0x8200000

.entry          0x00400000       0x20
 *(.entry)
 .entry         0x00400000       0x20 ../ucosMon_bsp//obj/HAL/src/crt0.o
                0x00400000                __reset

.exceptions     0x00400020      0x19c
                0x00400020                PROVIDE (__ram_exceptions_start, ABSOLUTE (.))
                0x00400020                . = ALIGN (0x20)
 *(.irq)
 *(.exceptions.entry.label)
 .exceptions.entry.label
                0x00400020        0x0 ../ucosMon_bsp//libucosii_bsp.a(alt_irq_entry.o)
                0x00400020                alt_irq_entry
 .exceptions.entry.label
                0x00400020        0x0 ../ucosMon_bsp//libucosii_bsp.a(alt_exception_entry.o)
                0x00400020                alt_exception
 *(.exceptions.entry.user)
 *(.exceptions.entry.ecc_fatal)
 *(.exceptions.entry)
 .exceptions.entry
                0x00400020       0x54 ../ucosMon_bsp//libucosii_bsp.a(alt_exception_entry.o)
 *(.exceptions.irqtest.user)
 *(.exceptions.irqtest)
 .exceptions.irqtest
                0x00400074       0x10 ../ucosMon_bsp//libucosii_bsp.a(alt_irq_entry.o)
 *(.exceptions.irqhandler.user)
 *(.exceptions.irqhandler)
 .exceptions.irqhandler
                0x00400084        0x4 ../ucosMon_bsp//libucosii_bsp.a(alt_irq_entry.o)
 *(.exceptions.irqreturn.user)
 *(.exceptions.irqreturn)
 .exceptions.irqreturn
                0x00400088        0x4 ../ucosMon_bsp//libucosii_bsp.a(alt_irq_entry.o)
 *(.exceptions.notirq.label)
 .exceptions.notirq.label
                0x0040008c        0x0 ../ucosMon_bsp//libucosii_bsp.a(alt_irq_entry.o)
 *(.exceptions.notirq.user)
 *(.exceptions.notirq)
 .exceptions.notirq
                0x0040008c        0x8 ../ucosMon_bsp//libucosii_bsp.a(alt_exception_entry.o)
 *(.exceptions.soft.user)
 *(.exceptions.soft)
 *(.exceptions.unknown.user)
 *(.exceptions.unknown)
 .exceptions.unknown
                0x00400094        0x4 ../ucosMon_bsp//libucosii_bsp.a(alt_exception_entry.o)
 *(.exceptions.exit.label)
 .exceptions.exit.label
                0x00400098        0x0 ../ucosMon_bsp//libucosii_bsp.a(alt_irq_entry.o)
 .exceptions.exit.label
                0x00400098        0x0 ../ucosMon_bsp//libucosii_bsp.a(alt_exception_entry.o)
 *(.exceptions.exit.user)
 *(.exceptions.exit)
 .exceptions.exit
                0x00400098       0x54 ../ucosMon_bsp//libucosii_bsp.a(alt_exception_entry.o)
 *(.exceptions)
 .exceptions    0x004000ec       0xd0 ../ucosMon_bsp//libucosii_bsp.a(alt_irq_handler.o)
                0x004000ec                alt_irq_handler
                0x004001bc                PROVIDE (__ram_exceptions_end, ABSOLUTE (.))
                0x00400020                PROVIDE (__flash_exceptions_start, LOADADDR (.exceptions))

.critical       0x08200000     0x2400
                0x08200000                PROVIDE (_alt_partition_critical_start, ABSOLUTE (.))
 *(.critical .critical.*)
 .critical      0x08200000     0x2400 obj/default/Monitor.o
                0x08200000                schedule_task_stk
                0x08200c00                print_status_stk
                0x08201800                print_execution_times_stk
                0x08202400                . = ALIGN (0x4)
                0x08202400                PROVIDE (_alt_partition_critical_end, ABSOLUTE (.))

.global_data    0x00431000        0x0
                0x00431000                PROVIDE (_alt_partition_global_data_start, ABSOLUTE (.))
 *(.global_data .global_data.*)
                0x00431000                . = ALIGN (0x4)
                0x00431000                PROVIDE (_alt_partition_global_data_end, ABSOLUTE (.))

.text           0x004001bc    0x19418
                0x004001bc                PROVIDE (stext, ABSOLUTE (.))
 *(.interp)
 *(.hash)
 *(.dynsym)
 *(.dynstr)
 *(.gnu.version)
 *(.gnu.version_d)
 *(.gnu.version_r)
 *(.rel.init)
 *(.rela.init)
 *(.rel.text .rel.text.* .rel.gnu.linkonce.t.*)
 *(.rela.text .rela.text.* .rela.gnu.linkonce.t.*)
 *(.rel.fini)
 *(.rela.fini)
 *(.rel.rodata .rel.rodata.* .rel.gnu.linkonce.r.*)
 *(.rela.rodata .rela.rodata.* .rela.gnu.linkonce.r.*)
 *(.rel.data .rel.data.* .rel.gnu.linkonce.d.*)
 *(.rela.data .rela.data.* .rela.gnu.linkonce.d.*)
 *(.rel.tdata .rel.tdata.* .rel.gnu.linkonce.td.*)
 *(.rela.tdata .rela.tdata.* .rela.gnu.linkonce.td.*)
 *(.rel.tbss .rel.tbss.* .rel.gnu.linkonce.tb.*)
 *(.rela.tbss .rela.tbss.* .rela.gnu.linkonce.tb.*)
 *(.rel.ctors)
 *(.rela.ctors)
 *(.rel.dtors)
 *(.rela.dtors)
 *(.rel.got)
 *(.rela.got)
 *(.rel.sdata .rel.sdata.* .rel.gnu.linkonce.s.*)
 *(.rela.sdata .rela.sdata.* .rela.gnu.linkonce.s.*)
 *(.rel.sbss .rel.sbss.* .rel.gnu.linkonce.sb.*)
 *(.rela.sbss .rela.sbss.* .rela.gnu.linkonce.sb.*)
 *(.rel.sdata2 .rel.sdata2.* .rel.gnu.linkonce.s2.*)
 *(.rela.sdata2 .rela.sdata2.* .rela.gnu.linkonce.s2.*)
 *(.rel.sbss2 .rel.sbss2.* .rel.gnu.linkonce.sb2.*)
 *(.rela.sbss2 .rela.sbss2.* .rela.gnu.linkonce.sb2.*)
 *(.rel.bss .rel.bss.* .rel.gnu.linkonce.b.*)
 *(.rela.bss .rela.bss.* .rela.gnu.linkonce.b.*)
 *(.rel.plt)
 *(.rela.plt)
 *(.rel.dyn)
 *(.init)
 *(.plt)
 *(.text .stub .text.* .gnu.linkonce.t.*)
 .text          0x004001bc       0x3c ../ucosMon_bsp//obj/HAL/src/crt0.o
                0x004001bc                _start
 .text          0x004001f8      0x988 obj/default/Monitor.o
                0x004002c8                schedule_task
                0x00400378                print_status_task
                0x00400490                print_execution_times
                0x00400694                dma
                0x00400898                main
 .text          0x00400b80       0x24 obj/default/gp.o
                0x00400b80                get_gp
                0x00400b8c                set_gp
                0x00400b98                restore_gp
 .text          0x00400ba4       0x6c ../critical_library/libcritical_library.a(critical.o)
                0x00400ba4                write_led
                0x00400bc0                critical_task
                0x00400be8                preempt_task
 .text          0x00400c10      0x260 ../critical_library/libcritical_library.a(fingerprint.o)
                0x00400c10                set_task_directory
                0x00400ca8                enable_fprint_task
                0x00400cd4                disable_fprint_task
                0x00400cf8                fprint_reset_irq
                0x00400d18                fprint_status
                0x00400d68                fprint_set_block_size
                0x00400d90                set_core_assignment
                0x00400ddc                set_core_assignment_table
 .text          0x00400e70       0x28 /CMC/tools/altera/13.1/nios2eds/bin/gnu/H-i686-pc-linux-gnu/bin/../lib/gcc/nios2-elf/4.7.3/mno-hw-mul/libgcc.a(lib2-mul.o)
                0x00400e70                __mulsi3
 .text          0x00400e98       0x4c /CMC/tools/altera/13.1/nios2eds/bin/gnu/H-i686-pc-linux-gnu/bin/../lib/gcc/nios2-elf/4.7.3/../../../../../H-i686-pc-linux-gnu/nios2-elf/lib/mno-hw-mul/libc.a(lib_a-clock.o)
                0x00400e98                clock
 .text          0x00400ee4       0x38 /CMC/tools/altera/13.1/nios2eds/bin/gnu/H-i686-pc-linux-gnu/bin/../lib/gcc/nios2-elf/4.7.3/../../../../../H-i686-pc-linux-gnu/nios2-elf/lib/mno-hw-mul/libc.a(lib_a-exit.o)
                0x00400ee4                exit
 .text          0x00400f1c        0x0 /CMC/tools/altera/13.1/nios2eds/bin/gnu/H-i686-pc-linux-gnu/bin/../lib/gcc/nios2-elf/4.7.3/../../../../../H-i686-pc-linux-gnu/nios2-elf/lib/mno-hw-mul/libc.a(lib_a-impure.o)
 .text          0x00400f1c      0x140 /CMC/tools/altera/13.1/nios2eds/bin/gnu/H-i686-pc-linux-gnu/bin/../lib/gcc/nios2-elf/4.7.3/../../../../../H-i686-pc-linux-gnu/nios2-elf/lib/mno-hw-mul/libc.a(lib_a-memcpy.o)
                0x00400f1c                memcpy
 .text          0x0040105c       0x68 /CMC/tools/altera/13.1/nios2eds/bin/gnu/H-i686-pc-linux-gnu/bin/../lib/gcc/nios2-elf/4.7.3/../../../../../H-i686-pc-linux-gnu/nios2-elf/lib/mno-hw-mul/libc.a(lib_a-printf.o)
                0x0040105c                _printf_r
                0x00401088                printf
 .text          0x004010c4       0x98 /CMC/tools/altera/13.1/nios2eds/bin/gnu/H-i686-pc-linux-gnu/bin/../lib/gcc/nios2-elf/4.7.3/../../../../../H-i686-pc-linux-gnu/nios2-elf/lib/mno-hw-mul/libc.a(lib_a-puts.o)
                0x004010c4                _puts_r
                0x00401148                puts
 .text          0x0040115c       0x8c /CMC/tools/altera/13.1/nios2eds/bin/gnu/H-i686-pc-linux-gnu/bin/../lib/gcc/nios2-elf/4.7.3/../../../../../H-i686-pc-linux-gnu/nios2-elf/lib/mno-hw-mul/libc.a(lib_a-strlen.o)
                0x0040115c                strlen
 .text          0x004011e8        0x8 /CMC/tools/altera/13.1/nios2eds/bin/gnu/H-i686-pc-linux-gnu/bin/../lib/gcc/nios2-elf/4.7.3/../../../../../H-i686-pc-linux-gnu/nios2-elf/lib/mno-hw-mul/libc.a(lib_a-timesr.o)
                0x004011e8                _times_r
 .text          0x004011f0     0x1ed4 /CMC/tools/altera/13.1/nios2eds/bin/gnu/H-i686-pc-linux-gnu/bin/../lib/gcc/nios2-elf/4.7.3/../../../../../H-i686-pc-linux-gnu/nios2-elf/lib/mno-hw-mul/libc.a(lib_a-vfprintf.o)
                0x00401224                ___vfprintf_internal_r
                0x004030a0                __vfprintf_internal
 .text          0x004030c4      0x174 /CMC/tools/altera/13.1/nios2eds/bin/gnu/H-i686-pc-linux-gnu/bin/../lib/gcc/nios2-elf/4.7.3/../../../../../H-i686-pc-linux-gnu/nios2-elf/lib/mno-hw-mul/libc.a(lib_a-wsetup.o)
                0x004030c4                __swsetup_r
 .text          0x00403238      0x1a0 /CMC/tools/altera/13.1/nios2eds/bin/gnu/H-i686-pc-linux-gnu/bin/../lib/gcc/nios2-elf/4.7.3/../../../../../H-i686-pc-linux-gnu/nios2-elf/lib/mno-hw-mul/libc.a(lib_a-__call_atexit.o)
                0x00403238                __call_exitprocs
 .text          0x004033d8     0x1858 /CMC/tools/altera/13.1/nios2eds/bin/gnu/H-i686-pc-linux-gnu/bin/../lib/gcc/nios2-elf/4.7.3/../../../../../H-i686-pc-linux-gnu/nios2-elf/lib/mno-hw-mul/libc.a(lib_a-dtoa.o)
                0x00403614                _dtoa_r
 .text          0x00404c30      0x218 /CMC/tools/altera/13.1/nios2eds/bin/gnu/H-i686-pc-linux-gnu/bin/../lib/gcc/nios2-elf/4.7.3/../../../../../H-i686-pc-linux-gnu/nios2-elf/lib/mno-hw-mul/libc.a(lib_a-fflush.o)
                0x00404c30                _fflush_r
                0x00404e18                fflush
 .text          0x00404e48      0x2ec /CMC/tools/altera/13.1/nios2eds/bin/gnu/H-i686-pc-linux-gnu/bin/../lib/gcc/nios2-elf/4.7.3/../../../../../H-i686-pc-linux-gnu/nios2-elf/lib/mno-hw-mul/libc.a(lib_a-findfp.o)
                0x00404e58                _cleanup_r
                0x00404e64                __sfmoreglue
                0x00404edc                _cleanup
                0x00404eec                __sinit
                0x00404ff8                __sfp
                0x004050f4                __sfp_lock_acquire
                0x004050f8                __sfp_lock_release
                0x004050fc                __sinit_lock_acquire
                0x00405100                __sinit_lock_release
                0x00405104                __fp_lock_all
                0x0040511c                __fp_unlock_all
 .text          0x00405134      0x40c /CMC/tools/altera/13.1/nios2eds/bin/gnu/H-i686-pc-linux-gnu/bin/../lib/gcc/nios2-elf/4.7.3/../../../../../H-i686-pc-linux-gnu/nios2-elf/lib/mno-hw-mul/libc.a(lib_a-freer.o)
                0x00405134                _malloc_trim_r
                0x00405270                _free_r
 .text          0x00405540      0x4e4 /CMC/tools/altera/13.1/nios2eds/bin/gnu/H-i686-pc-linux-gnu/bin/../lib/gcc/nios2-elf/4.7.3/../../../../../H-i686-pc-linux-gnu/nios2-elf/lib/mno-hw-mul/libc.a(lib_a-fvwrite.o)
                0x00405540                __sfvwrite_r
 .text          0x00405a24      0x160 /CMC/tools/altera/13.1/nios2eds/bin/gnu/H-i686-pc-linux-gnu/bin/../lib/gcc/nios2-elf/4.7.3/../../../../../H-i686-pc-linux-gnu/nios2-elf/lib/mno-hw-mul/libc.a(lib_a-fwalk.o)
                0x00405a24                _fwalk
                0x00405acc                _fwalk_reent
 .text          0x00405b84       0xdc /CMC/tools/altera/13.1/nios2eds/bin/gnu/H-i686-pc-linux-gnu/bin/../lib/gcc/nios2-elf/4.7.3/../../../../../H-i686-pc-linux-gnu/nios2-elf/lib/mno-hw-mul/libc.a(lib_a-locale.o)
                0x00405b84                _setlocale_r
                0x00405c20                __locale_charset
                0x00405c2c                _localeconv_r
                0x00405c38                setlocale
                0x00405c54                localeconv
 .text          0x00405c60      0x1a8 /CMC/tools/altera/13.1/nios2eds/bin/gnu/H-i686-pc-linux-gnu/bin/../lib/gcc/nios2-elf/4.7.3/../../../../../H-i686-pc-linux-gnu/nios2-elf/lib/mno-hw-mul/libc.a(lib_a-makebuf.o)
                0x00405c60                __smakebuf_r
 .text          0x00405e08      0x784 /CMC/tools/altera/13.1/nios2eds/bin/gnu/H-i686-pc-linux-gnu/bin/../lib/gcc/nios2-elf/4.7.3/../../../../../H-i686-pc-linux-gnu/nios2-elf/lib/mno-hw-mul/libc.a(lib_a-mallocr.o)
                0x00405e08                _malloc_r
 .text          0x0040658c       0xf8 /CMC/tools/altera/13.1/nios2eds/bin/gnu/H-i686-pc-linux-gnu/bin/../lib/gcc/nios2-elf/4.7.3/../../../../../H-i686-pc-linux-gnu/nios2-elf/lib/mno-hw-mul/libc.a(lib_a-memchr.o)
                0x0040658c                memchr
 .text          0x00406684      0x18c /CMC/tools/altera/13.1/nios2eds/bin/gnu/H-i686-pc-linux-gnu/bin/../lib/gcc/nios2-elf/4.7.3/../../../../../H-i686-pc-linux-gnu/nios2-elf/lib/mno-hw-mul/libc.a(lib_a-memmove.o)
                0x00406684                memmove
 .text          0x00406810       0xdc /CMC/tools/altera/13.1/nios2eds/bin/gnu/H-i686-pc-linux-gnu/bin/../lib/gcc/nios2-elf/4.7.3/../../../../../H-i686-pc-linux-gnu/nios2-elf/lib/mno-hw-mul/libc.a(lib_a-memset.o)
                0x00406810                memset
 .text          0x004068ec     0x1050 /CMC/tools/altera/13.1/nios2eds/bin/gnu/H-i686-pc-linux-gnu/bin/../lib/gcc/nios2-elf/4.7.3/../../../../../H-i686-pc-linux-gnu/nios2-elf/lib/mno-hw-mul/libc.a(lib_a-mprec.o)
                0x004068ec                _Balloc
                0x00406994                _Bfree
                0x004069bc                __multadd
                0x00406b00                __s2b
                0x00406c04                __hi0bits
                0x00406c6c                __lo0bits
                0x00406d1c                __i2b
                0x00406d58                __multiply
                0x00406fb0                __pow5mult
                0x004070dc                __lshift
                0x00407238                __mcmp
                0x00407290                __mdiff
                0x00407438                __ulp
                0x00407498                __b2d
                0x004075e0                __d2b
                0x00407724                __ratio
                0x004077c8                _mprec_log10
                0x0040783c                __copybits
                0x004078b8                __any_on
 .text          0x0040793c      0x5fc /CMC/tools/altera/13.1/nios2eds/bin/gnu/H-i686-pc-linux-gnu/bin/../lib/gcc/nios2-elf/4.7.3/../../../../../H-i686-pc-linux-gnu/nios2-elf/lib/mno-hw-mul/libc.a(lib_a-reallocr.o)
                0x0040793c                _realloc_r
 .text          0x00407f38       0x38 /CMC/tools/altera/13.1/nios2eds/bin/gnu/H-i686-pc-linux-gnu/bin/../lib/gcc/nios2-elf/4.7.3/../../../../../H-i686-pc-linux-gnu/nios2-elf/lib/mno-hw-mul/libc.a(lib_a-s_isinfd.o)
                0x00407f38                __isinfd
 .text          0x00407f70       0x2c /CMC/tools/altera/13.1/nios2eds/bin/gnu/H-i686-pc-linux-gnu/bin/../lib/gcc/nios2-elf/4.7.3/../../../../../H-i686-pc-linux-gnu/nios2-elf/lib/mno-hw-mul/libc.a(lib_a-s_isnand.o)
                0x00407f70                __isnand
 .text          0x00407f9c       0x64 /CMC/tools/altera/13.1/nios2eds/bin/gnu/H-i686-pc-linux-gnu/bin/../lib/gcc/nios2-elf/4.7.3/../../../../../H-i686-pc-linux-gnu/nios2-elf/lib/mno-hw-mul/libc.a(lib_a-sbrkr.o)
                0x00407f9c                _sbrk_r
 .text          0x00408000      0x140 /CMC/tools/altera/13.1/nios2eds/bin/gnu/H-i686-pc-linux-gnu/bin/../lib/gcc/nios2-elf/4.7.3/../../../../../H-i686-pc-linux-gnu/nios2-elf/lib/mno-hw-mul/libc.a(lib_a-stdio.o)
                0x00408000                __sread
                0x00408054                __swrite
                0x004080dc                __sseek
                0x00408138                __sclose
 .text          0x00408140       0xa4 /CMC/tools/altera/13.1/nios2eds/bin/gnu/H-i686-pc-linux-gnu/bin/../lib/gcc/nios2-elf/4.7.3/../../../../../H-i686-pc-linux-gnu/nios2-elf/lib/mno-hw-mul/libc.a(lib_a-strcmp.o)
                0x00408140                strcmp
 .text          0x004081e4       0x6c /CMC/tools/altera/13.1/nios2eds/bin/gnu/H-i686-pc-linux-gnu/bin/../lib/gcc/nios2-elf/4.7.3/../../../../../H-i686-pc-linux-gnu/nios2-elf/lib/mno-hw-mul/libc.a(lib_a-writer.o)
                0x004081e4                _write_r
 .text          0x00408250       0xcc /CMC/tools/altera/13.1/nios2eds/bin/gnu/H-i686-pc-linux-gnu/bin/../lib/gcc/nios2-elf/4.7.3/../../../../../H-i686-pc-linux-gnu/nios2-elf/lib/mno-hw-mul/libc.a(lib_a-callocr.o)
                0x00408250                _calloc_r
 .text          0x0040831c       0x64 /CMC/tools/altera/13.1/nios2eds/bin/gnu/H-i686-pc-linux-gnu/bin/../lib/gcc/nios2-elf/4.7.3/../../../../../H-i686-pc-linux-gnu/nios2-elf/lib/mno-hw-mul/libc.a(lib_a-closer.o)
                0x0040831c                _close_r
 .text          0x00408380      0x150 /CMC/tools/altera/13.1/nios2eds/bin/gnu/H-i686-pc-linux-gnu/bin/../lib/gcc/nios2-elf/4.7.3/../../../../../H-i686-pc-linux-gnu/nios2-elf/lib/mno-hw-mul/libc.a(lib_a-fclose.o)
                0x00408380                _fclose_r
                0x004084bc                fclose
 .text          0x004084d0       0x68 /CMC/tools/altera/13.1/nios2eds/bin/gnu/H-i686-pc-linux-gnu/bin/../lib/gcc/nios2-elf/4.7.3/../../../../../H-i686-pc-linux-gnu/nios2-elf/lib/mno-hw-mul/libc.a(lib_a-fstatr.o)
                0x004084d0                _fstat_r
 .text          0x00408538        0x0 /CMC/tools/altera/13.1/nios2eds/bin/gnu/H-i686-pc-linux-gnu/bin/../lib/gcc/nios2-elf/4.7.3/../../../../../H-i686-pc-linux-gnu/nios2-elf/lib/mno-hw-mul/libc.a(lib_a-int_errno.o)
 .text          0x00408538       0x64 /CMC/tools/altera/13.1/nios2eds/bin/gnu/H-i686-pc-linux-gnu/bin/../lib/gcc/nios2-elf/4.7.3/../../../../../H-i686-pc-linux-gnu/nios2-elf/lib/mno-hw-mul/libc.a(lib_a-isattyr.o)
                0x00408538                _isatty_r
 .text          0x0040859c       0x6c /CMC/tools/altera/13.1/nios2eds/bin/gnu/H-i686-pc-linux-gnu/bin/../lib/gcc/nios2-elf/4.7.3/../../../../../H-i686-pc-linux-gnu/nios2-elf/lib/mno-hw-mul/libc.a(lib_a-lseekr.o)
                0x0040859c                _lseek_r
 .text          0x00408608       0x6c /CMC/tools/altera/13.1/nios2eds/bin/gnu/H-i686-pc-linux-gnu/bin/../lib/gcc/nios2-elf/4.7.3/../../../../../H-i686-pc-linux-gnu/nios2-elf/lib/mno-hw-mul/libc.a(lib_a-readr.o)
                0x00408608                _read_r
 .text          0x00408674      0x650 /CMC/tools/altera/13.1/nios2eds/bin/gnu/H-i686-pc-linux-gnu/bin/../lib/gcc/nios2-elf/4.7.3/mno-hw-mul/libgcc.a(_udivdi3.o)
                0x00408674                __udivdi3
 .text          0x00408cc4      0x628 /CMC/tools/altera/13.1/nios2eds/bin/gnu/H-i686-pc-linux-gnu/bin/../lib/gcc/nios2-elf/4.7.3/mno-hw-mul/libgcc.a(_umoddi3.o)
                0x00408cc4                __umoddi3
 .text          0x004092ec      0x408 /CMC/tools/altera/13.1/nios2eds/bin/gnu/H-i686-pc-linux-gnu/bin/../lib/gcc/nios2-elf/4.7.3/mno-hw-mul/libgcc.a(_addsub_df.o)
                0x00409640                __adddf3
                0x00409694                __subdf3
 .text          0x004096f4      0x2e4 /CMC/tools/altera/13.1/nios2eds/bin/gnu/H-i686-pc-linux-gnu/bin/../lib/gcc/nios2-elf/4.7.3/mno-hw-mul/libgcc.a(_mul_df.o)
                0x004096f4                __muldf3
 .text          0x004099d8      0x1b4 /CMC/tools/altera/13.1/nios2eds/bin/gnu/H-i686-pc-linux-gnu/bin/../lib/gcc/nios2-elf/4.7.3/mno-hw-mul/libgcc.a(_div_df.o)
                0x004099d8                __divdf3
 .text          0x00409b8c       0x5c /CMC/tools/altera/13.1/nios2eds/bin/gnu/H-i686-pc-linux-gnu/bin/../lib/gcc/nios2-elf/4.7.3/mno-hw-mul/libgcc.a(_eq_df.o)
                0x00409b8c                __eqdf2
 .text          0x00409be8       0x5c /CMC/tools/altera/13.1/nios2eds/bin/gnu/H-i686-pc-linux-gnu/bin/../lib/gcc/nios2-elf/4.7.3/mno-hw-mul/libgcc.a(_ne_df.o)
                0x00409be8                __nedf2
 .text          0x00409c44       0x64 /CMC/tools/altera/13.1/nios2eds/bin/gnu/H-i686-pc-linux-gnu/bin/../lib/gcc/nios2-elf/4.7.3/mno-hw-mul/libgcc.a(_gt_df.o)
                0x00409c44                __gtdf2
 .text          0x00409ca8       0x64 /CMC/tools/altera/13.1/nios2eds/bin/gnu/H-i686-pc-linux-gnu/bin/../lib/gcc/nios2-elf/4.7.3/mno-hw-mul/libgcc.a(_ge_df.o)
                0x00409ca8                __gedf2
 .text          0x00409d0c       0x5c /CMC/tools/altera/13.1/nios2eds/bin/gnu/H-i686-pc-linux-gnu/bin/../lib/gcc/nios2-elf/4.7.3/mno-hw-mul/libgcc.a(_lt_df.o)
                0x00409d0c                __ltdf2
 .text          0x00409d68       0xd4 /CMC/tools/altera/13.1/nios2eds/bin/gnu/H-i686-pc-linux-gnu/bin/../lib/gcc/nios2-elf/4.7.3/mno-hw-mul/libgcc.a(_si_to_df.o)
                0x00409d68                __floatsidf
 .text          0x00409e3c       0xd4 /CMC/tools/altera/13.1/nios2eds/bin/gnu/H-i686-pc-linux-gnu/bin/../lib/gcc/nios2-elf/4.7.3/mno-hw-mul/libgcc.a(_df_to_si.o)
                0x00409e3c                __fixdfsi
 .text          0x00409f10        0x0 /CMC/tools/altera/13.1/nios2eds/bin/gnu/H-i686-pc-linux-gnu/bin/../lib/gcc/nios2-elf/4.7.3/mno-hw-mul/libgcc.a(_thenan_df.o)
 .text          0x00409f10      0x11c /CMC/tools/altera/13.1/nios2eds/bin/gnu/H-i686-pc-linux-gnu/bin/../lib/gcc/nios2-elf/4.7.3/mno-hw-mul/libgcc.a(_usi_to_df.o)
                0x00409f10                __floatunsidf
 .text          0x0040a02c      0x130 /CMC/tools/altera/13.1/nios2eds/bin/gnu/H-i686-pc-linux-gnu/bin/../lib/gcc/nios2-elf/4.7.3/mno-hw-mul/libgcc.a(lib2-divmod.o)
                0x0040a0a0                __divsi3
                0x0040a0f0                __modsi3
                0x0040a14c                __udivsi3
                0x0040a154                __umodsi3
 .text          0x0040a15c      0x110 /CMC/tools/altera/13.1/nios2eds/bin/gnu/H-i686-pc-linux-gnu/bin/../lib/gcc/nios2-elf/4.7.3/mno-hw-mul/libgcc.a(_muldi3.o)
                0x0040a15c                __muldi3
 .text          0x0040a26c        0x0 /CMC/tools/altera/13.1/nios2eds/bin/gnu/H-i686-pc-linux-gnu/bin/../lib/gcc/nios2-elf/4.7.3/mno-hw-mul/libgcc.a(_clz.o)
 .text          0x0040a26c       0xac /CMC/tools/altera/13.1/nios2eds/bin/gnu/H-i686-pc-linux-gnu/bin/../lib/gcc/nios2-elf/4.7.3/mno-hw-mul/libgcc.a(_clzsi2.o)
                0x0040a26c                __clzsi2
 .text          0x0040a318      0x224 /CMC/tools/altera/13.1/nios2eds/bin/gnu/H-i686-pc-linux-gnu/bin/../lib/gcc/nios2-elf/4.7.3/mno-hw-mul/libgcc.a(_pack_df.o)
                0x0040a318                __pack_d
 .text          0x0040a53c      0x104 /CMC/tools/altera/13.1/nios2eds/bin/gnu/H-i686-pc-linux-gnu/bin/../lib/gcc/nios2-elf/4.7.3/mno-hw-mul/libgcc.a(_unpack_df.o)
                0x0040a53c                __unpack_d
 .text          0x0040a640       0xd0 /CMC/tools/altera/13.1/nios2eds/bin/gnu/H-i686-pc-linux-gnu/bin/../lib/gcc/nios2-elf/4.7.3/mno-hw-mul/libgcc.a(_fpcmp_parts_df.o)
                0x0040a640                __fpcmp_parts_d
 .text          0x0040a710       0x44 /CMC/tools/altera/13.1/nios2eds/bin/gnu/H-i686-pc-linux-gnu/bin/../lib/gcc/nios2-elf/4.7.3/mno-hw-mul/libgcc.a(_lshrdi3.o)
                0x0040a710                __lshrdi3
 .text          0x0040a754       0x44 /CMC/tools/altera/13.1/nios2eds/bin/gnu/H-i686-pc-linux-gnu/bin/../lib/gcc/nios2-elf/4.7.3/mno-hw-mul/libgcc.a(_ashldi3.o)
                0x0040a754                __ashldi3
 .text          0x0040a798      0x11c ../ucosMon_bsp//libucosii_bsp.a(alt_close.o)
                0x0040a7e8                close
 .text          0x0040a8b4       0x2c ../ucosMon_bsp//libucosii_bsp.a(alt_dev.o)
 .text          0x0040a8e0       0xa0 ../ucosMon_bsp//libucosii_bsp.a(alt_dma_rxchan_open.o)
                0x0040a930                alt_dma_rxchan_open
 .text          0x0040a980       0xa0 ../ucosMon_bsp//libucosii_bsp.a(alt_dma_txchan_open.o)
                0x0040a9d0                alt_dma_txchan_open
 .text          0x0040aa20        0x0 ../ucosMon_bsp//libucosii_bsp.a(alt_errno.o)
 .text          0x0040aa20       0x44 ../ucosMon_bsp//libucosii_bsp.a(alt_exit.o)
                0x0040aa20                _exit
 .text          0x0040aa64       0x90 ../ucosMon_bsp//libucosii_bsp.a(alt_find_dev.o)
                0x0040aa64                alt_find_dev
 .text          0x0040aaf4      0x100 ../ucosMon_bsp//libucosii_bsp.a(alt_fstat.o)
                0x0040ab44                fstat
 .text          0x0040abf4      0x230 ../ucosMon_bsp//libucosii_bsp.a(alt_iic.o)
                0x0040abf4                alt_ic_isr_register
                0x0040ac44                alt_ic_irq_enable
                0x0040ad0c                alt_ic_irq_disable
                0x0040add8                alt_ic_irq_enabled
 .text          0x0040ae24      0x11c ../ucosMon_bsp//libucosii_bsp.a(alt_iic_isr_register.o)
                0x0040ae24                alt_iic_isr_register
 .text          0x0040af40        0x0 ../ucosMon_bsp//libucosii_bsp.a(alt_irq_entry.o)
 .text          0x0040af40        0x0 ../ucosMon_bsp//libucosii_bsp.a(alt_irq_handler.o)
 .text          0x0040af40        0x0 ../ucosMon_bsp//libucosii_bsp.a(alt_irq_vars.o)
 .text          0x0040af40       0xf4 ../ucosMon_bsp//libucosii_bsp.a(alt_isatty.o)
                0x0040af90                isatty
 .text          0x0040b034       0xec ../ucosMon_bsp//libucosii_bsp.a(alt_load.o)
                0x0040b0a0                alt_load
 .text          0x0040b120      0x124 ../ucosMon_bsp//libucosii_bsp.a(alt_lseek.o)
                0x0040b170                lseek
 .text          0x0040b244       0xcc ../ucosMon_bsp//libucosii_bsp.a(alt_main.o)
                0x0040b244                alt_main
 .text          0x0040b310      0x144 ../ucosMon_bsp//libucosii_bsp.a(alt_read.o)
                0x0040b360                read
 .text          0x0040b454       0x80 ../ucosMon_bsp//libucosii_bsp.a(alt_release_fd.o)
                0x0040b454                alt_release_fd
 .text          0x0040b4d4      0x108 ../ucosMon_bsp//libucosii_bsp.a(alt_sbrk.o)
                0x0040b4d4                sbrk
 .text          0x0040b5dc       0xd4 ../ucosMon_bsp//libucosii_bsp.a(alt_times.o)
                0x0040b62c                times
 .text          0x0040b6b0      0x140 ../ucosMon_bsp//libucosii_bsp.a(alt_write.o)
                0x0040b700                write
 .text          0x0040b7f0      0x118 ../ucosMon_bsp//libucosii_bsp.a(alt_env_lock.o)
                0x0040b7f0                __env_lock
                0x0040b8a8                __env_unlock
 .text          0x0040b908      0x2c4 ../ucosMon_bsp//libucosii_bsp.a(alt_malloc_lock.o)
                0x0040b908                __malloc_lock
                0x0040ba74                __malloc_unlock
 .text          0x0040bbcc     0x2470 ../ucosMon_bsp//libucosii_bsp.a(os_core.o)
                0x0040bbcc                OSEventNameGet
                0x0040bd18                OSEventNameSet
                0x0040beb4                OSEventPendMulti
                0x0040c5cc                OSInit
                0x0040c620                OSIntEnter
                0x0040c6c8                OSIntExit
                0x0040c7e8                OSSchedLock
                0x0040c89c                OSSchedUnlock
                0x0040ca24                OSStart
                0x0040ca90                OSStatInit
                0x0040cb94                OSTimeTick
                0x0040ce0c                OSVersion
                0x0040ce2c                OS_Dummy
                0x0040ce48                OS_EventTaskRdy
                0x0040cfe0                OS_EventTaskWait
                0x0040d0e8                OS_EventTaskWaitMulti
                0x0040d230                OS_EventTaskRemove
                0x0040d2e0                OS_EventTaskRemoveMulti
                0x0040d3d8                OS_EventWaitListInit
                0x0040d7a4                OS_MemClr
                0x0040d7f8                OS_MemCopy
                0x0040d864                OS_Sched
                0x0040d9cc                OS_StrCopy
                0x0040da48                OS_StrLen
                0x0040da9c                OS_TaskIdle
                0x0040db24                OS_TaskStat
                0x0040dc18                OS_TaskStatStkChk
                0x0040dce0                OS_TCBInit
 .text          0x0040e03c      0x18c ../ucosMon_bsp//libucosii_bsp.a(os_dbg.o)
                0x0040e03c                OSDebugInit
 .text          0x0040e1c8     0x1e0c ../ucosMon_bsp//libucosii_bsp.a(os_flag.o)
                0x0040e1c8                OSFlagAccept
                0x0040e5ac                OSFlagCreate
                0x0040e72c                OSFlagDel
                0x0040ea4c                OSFlagNameGet
                0x0040ebd4                OSFlagNameSet
                0x0040edac                OSFlagPend
                0x0040f5bc                OSFlagPendGetFlagsRdy
                0x0040f650                OSFlagPost
                0x0040fa94                OSFlagQuery
                0x0040fd44                OS_FlagInit
                0x0040ff34                OS_FlagUnlink
 .text          0x0040ffd4      0x91c ../ucosMon_bsp//libucosii_bsp.a(os_mem.o)
                0x0040ffd4                OSMemCreate
                0x004101f4                OSMemGet
                0x0041033c                OSMemNameGet
                0x00410460                OSMemNameSet
                0x004105d4                OSMemPut
                0x00410704                OSMemQuery
                0x00410818                OS_MemInit
 .text          0x004108f0     0x1644 ../ucosMon_bsp//libucosii_bsp.a(os_q.o)
                0x004108f0                OSQAccept
                0x00410a5c                OSQCreate
                0x00410cd8                OSQDel
                0x00411058                OSQFlush
                0x0041113c                OSQPend
                0x004114bc                OSQPendAbort
                0x00411688                OSQPost
                0x00411874                OSQPostFront
                0x00411a68                OSQPostOpt
                0x00411cf8                OSQQuery
                0x00411e88                OS_QInit
 .text          0x00411f34      0xde8 ../ucosMon_bsp//libucosii_bsp.a(os_sem.o)
                0x00411f34                OSSemAccept
                0x00412010                OSSemCreate
                0x0041213c                OSSemDel
                0x0041245c                OSSemPend
                0x0041274c                OSSemPendAbort
                0x00412918                OSSemPost
                0x00412aac                OSSemQuery
                0x00412bf0                OSSemSet
 .text          0x00412d1c     0x2050 ../ucosMon_bsp//libucosii_bsp.a(os_task.o)
                0x00412d1c                OSTaskChangePrio
                0x004132f4                OSTaskCreate
                0x00413560                OSTaskCreateExt
                0x00413804                OSTaskDel
                0x00413c90                OSTaskDelReq
                0x00413e98                OSTaskNameGet
                0x004140c4                OSTaskNameSet
                0x00414338                OSTaskResume
                0x00414634                OSTaskStkChk
                0x004148b8                OSTaskSuspend
                0x00414b4c                OSTaskQuery
                0x00414cfc                OS_TaskStkClr
 .text          0x00414d6c      0x7a0 ../ucosMon_bsp//libucosii_bsp.a(os_time.o)
                0x00414d6c                OSTimeDly
                0x00414ee0                OSTimeDlyHMSM
                0x00415124                OSTimeDlyResume
                0x004153ec                OSTimeGet
                0x0041547c                OSTimeSet
 .text          0x0041550c      0x254 ../ucosMon_bsp//libucosii_bsp.a(alt_sys_init.o)
                0x00415638                alt_irq_init
                0x0041566c                alt_sys_init
 .text          0x00415760      0xc14 ../ucosMon_bsp//libucosii_bsp.a(altera_avalon_dma.o)
                0x004157d0                alt_avalon_dma_launch_bidir
                0x00415d38                alt_avalon_dma_tx_ioctl
                0x00415d80                alt_avalon_dma_rx_ioctl
                0x00415dc8                alt_avalon_dma_prepare
                0x00415f00                alt_avalon_dma_space
                0x00415f74                alt_avalon_dma_send
                0x004162c4                alt_avalon_dma_init
 .text          0x00416374      0x164 ../ucosMon_bsp//libucosii_bsp.a(altera_avalon_jtag_uart_fd.o)
                0x00416374                altera_avalon_jtag_uart_read_fd
                0x004163d4                altera_avalon_jtag_uart_write_fd
                0x00416434                altera_avalon_jtag_uart_close_fd
                0x00416484                altera_avalon_jtag_uart_ioctl_fd
 .text          0x004164d8      0x55c ../ucosMon_bsp//libucosii_bsp.a(altera_avalon_jtag_uart_init.o)
                0x004164d8                altera_avalon_jtag_uart_init
                0x004169cc                altera_avalon_jtag_uart_close
 .text          0x00416a34       0xf4 ../ucosMon_bsp//libucosii_bsp.a(altera_avalon_jtag_uart_ioctl.o)
                0x00416a34                altera_avalon_jtag_uart_ioctl
 .text          0x00416b28      0x2f0 ../ucosMon_bsp//libucosii_bsp.a(altera_avalon_jtag_uart_read.o)
                0x00416b28                altera_avalon_jtag_uart_read
 .text          0x00416e18      0x2fc ../ucosMon_bsp//libucosii_bsp.a(altera_avalon_jtag_uart_write.o)
                0x00416e18                altera_avalon_jtag_uart_write
 .text          0x00417114      0x354 ../ucosMon_bsp//libucosii_bsp.a(altera_avalon_mutex.o)
                0x004171e0                altera_avalon_mutex_open
                0x00417230                altera_avalon_mutex_close
                0x00417254                altera_avalon_mutex_lock
                0x004172bc                altera_avalon_mutex_trylock
                0x0041733c                altera_avalon_mutex_unlock
                0x004173a4                altera_avalon_mutex_is_mine
                0x00417418                altera_avalon_mutex_first_lock
 .text          0x00417468      0x128 ../ucosMon_bsp//libucosii_bsp.a(altera_avalon_timer_sc.o)
                0x00417508                alt_avalon_timer_sc_init
 .text          0x00417590        0x0 ../ucosMon_bsp//libucosii_bsp.a(altera_avalon_timer_vars.o)
 .text          0x00417590      0xbc8 ../ucosMon_bsp//libucosii_bsp.a(altera_ro_zipfs.o)
                0x00417810                check_directory_header
                0x00417da0                alt_ro_zipfs_open
                0x00417e30                alt_ro_zipfs_read
                0x00417f4c                alt_ro_zipfs_seek
                0x00418088                alt_ro_zipfs_fstat
                0x00418100                alt_ro_zipfs_check_valid
 .text          0x00418158      0x16c ../ucosMon_bsp//libucosii_bsp.a(alt_alarm_start.o)
                0x00418158                alt_alarm_start
 .text          0x004182c4       0x1c ../ucosMon_bsp//libucosii_bsp.a(alt_dcache_flush_all.o)
                0x004182c4                alt_dcache_flush_all
 .text          0x004182e0       0xf0 ../ucosMon_bsp//libucosii_bsp.a(alt_dev_llist_insert.o)
                0x00418330                alt_dev_llist_insert
 .text          0x004183d0       0x5c ../ucosMon_bsp//libucosii_bsp.a(alt_do_ctors.o)
                0x004183d0                _do_ctors
 .text          0x0041842c       0x5c ../ucosMon_bsp//libucosii_bsp.a(alt_do_dtors.o)
                0x0041842c                _do_dtors
 .text          0x00418488        0x0 ../ucosMon_bsp//libucosii_bsp.a(alt_exception_entry.o)
 .text          0x00418488       0x84 ../ucosMon_bsp//libucosii_bsp.a(alt_fs_reg.o)
                0x00418488                alt_fs_reg
 .text          0x0041850c       0x30 ../ucosMon_bsp//libucosii_bsp.a(alt_icache_flush_all.o)
                0x0041850c                alt_icache_flush_all
 .text          0x0041853c      0x158 ../ucosMon_bsp//libucosii_bsp.a(alt_io_redirect.o)
                0x0041861c                alt_io_redirect
 .text          0x00418694      0x298 ../ucosMon_bsp//libucosii_bsp.a(alt_open.o)
                0x004187d4                open
 .text          0x0041892c      0x1c8 ../ucosMon_bsp//libucosii_bsp.a(alt_tick.o)
                0x0041892c                alt_alarm_stop
                0x004189f0                alt_tick
 .text          0x00418af4       0x20 ../ucosMon_bsp//libucosii_bsp.a(altera_nios2_qsys_irq.o)
                0x00418af4                altera_nios2_qsys_irq_init
 .text          0x00418b14       0xd0 ../ucosMon_bsp//libucosii_bsp.a(os_cpu_a.o)
                0x00418b14                OSCtxSw
                0x00418b14                OSIntCtxSw
                0x00418ba0                OSStartHighRdy
                0x00418bc0                OSStartTsk
 .text          0x00418be4      0x3fc ../ucosMon_bsp//libucosii_bsp.a(os_cpu_c.o)
                0x00418be4                OSTaskStkInit
                0x00418ed8                OSTaskCreateHook
                0x00418ef8                OSTaskDelHook
                0x00418f18                OSTaskSwHook
                0x00418f34                OSTaskStatHook
                0x00418f50                OSTimeTickHook
                0x00418f6c                OSInitHookBegin
                0x00418f88                OSInitHookEnd
                0x00418fa4                OSTaskIdleHook
                0x00418fc0                OSTCBInitHook
 .text          0x00418fe0      0x114 ../ucosMon_bsp//libucosii_bsp.a(alt_find_file.o)
                0x00418fe0                alt_find_file
 .text          0x004190f4      0x114 ../ucosMon_bsp//libucosii_bsp.a(alt_get_fd.o)
                0x004190f4                alt_get_fd
 .text          0x00419208       0x8c ../ucosMon_bsp//libucosii_bsp.a(alt_icache_flush.o)
                0x00419208                alt_icache_flush
 .text          0x00419294       0x14 /CMC/tools/altera/13.1/nios2eds/bin/gnu/H-i686-pc-linux-gnu/bin/../lib/gcc/nios2-elf/4.7.3/../../../../../H-i686-pc-linux-gnu/nios2-elf/lib/mno-hw-mul/libc.a(lib_a-atexit.o)
                0x00419294                atexit
 .text          0x004192a8       0x7c /CMC/tools/altera/13.1/nios2eds/bin/gnu/H-i686-pc-linux-gnu/bin/../lib/gcc/nios2-elf/4.7.3/../../../../../H-i686-pc-linux-gnu/nios2-elf/lib/mno-hw-mul/libc.a(lib_a-memcmp.o)
                0x004192a8                memcmp
 .text          0x00419324       0xfc /CMC/tools/altera/13.1/nios2eds/bin/gnu/H-i686-pc-linux-gnu/bin/../lib/gcc/nios2-elf/4.7.3/../../../../../H-i686-pc-linux-gnu/nios2-elf/lib/mno-hw-mul/libc.a(lib_a-strncmp.o)
                0x00419324                strncmp
 .text          0x00419420      0x130 /CMC/tools/altera/13.1/nios2eds/bin/gnu/H-i686-pc-linux-gnu/bin/../lib/gcc/nios2-elf/4.7.3/../../../../../H-i686-pc-linux-gnu/nios2-elf/lib/mno-hw-mul/libc.a(lib_a-__atexit.o)
                0x00419420                __register_exitproc
 .text          0x00419550       0x84 /CMC/tools/altera/13.1/nios2eds/bin/gnu/H-i686-pc-linux-gnu/bin/../lib/gcc/nios2-elf/4.7.3/mno-hw-mul/libgcc.a(_fixunsdfsi.o)
                0x00419550                __fixunsdfsi
 *(.gnu.warning.*)
 *(.fini)
                0x004195d4                PROVIDE (__etext, ABSOLUTE (.))
                0x004195d4                PROVIDE (_etext, ABSOLUTE (.))
                0x004195d4                PROVIDE (etext, ABSOLUTE (.))
 *(.eh_frame_hdr)
                0x004195d4                . = ALIGN (0x4)
                0x004195d4                PROVIDE (__preinit_array_start, ABSOLUTE (.))
 *(.preinit_array)
                0x004195d4                PROVIDE (__preinit_array_end, ABSOLUTE (.))
                0x004195d4                PROVIDE (__init_array_start, ABSOLUTE (.))
 *(.init_array)
                0x004195d4                PROVIDE (__init_array_end, ABSOLUTE (.))
                0x004195d4                PROVIDE (__fini_array_start, ABSOLUTE (.))
 *(.fini_array)
                0x004195d4                PROVIDE (__fini_array_end, ABSOLUTE (.))
 *(.eh_frame)
 *(.gcc_except_table .gcc_except_table.*)
 *(.dynamic)
                0x004195d4                PROVIDE (__CTOR_LIST__, ABSOLUTE (.))
 *(.ctors)
 *(SORT(.ctors.*))
                0x004195d4                PROVIDE (__CTOR_END__, ABSOLUTE (.))
                0x004195d4                PROVIDE (__DTOR_LIST__, ABSOLUTE (.))
 *(.dtors)
 *(SORT(.dtors.*))
                0x004195d4                PROVIDE (__DTOR_END__, ABSOLUTE (.))
 *(.jcr)
                0x004195d4                . = ALIGN (0x4)

.rodata         0x004195d4      0x614
                0x004195d4                PROVIDE (__ram_rodata_start, ABSOLUTE (.))
                0x004195d4                . = ALIGN (0x4)
 *(.rodata .rodata.* .gnu.linkonce.r.*)
 .rodata        0x004195d4      0x168 obj/default/Monitor.o
 .rodata.str1.4
                0x0041973c        0x2 /CMC/tools/altera/13.1/nios2eds/bin/gnu/H-i686-pc-linux-gnu/bin/../lib/gcc/nios2-elf/4.7.3/../../../../../H-i686-pc-linux-gnu/nios2-elf/lib/mno-hw-mul/libc.a(lib_a-impure.o)
                                  0x4 (size before relaxing)
 *fill*         0x0041973e        0x2 
 .rodata.str1.4
                0x00419740        0x2 /CMC/tools/altera/13.1/nios2eds/bin/gnu/H-i686-pc-linux-gnu/bin/../lib/gcc/nios2-elf/4.7.3/../../../../../H-i686-pc-linux-gnu/nios2-elf/lib/mno-hw-mul/libc.a(lib_a-puts.o)
                                  0x4 (size before relaxing)
 *fill*         0x00419742        0x2 
 .rodata.str1.4
                0x00419744       0x42 /CMC/tools/altera/13.1/nios2eds/bin/gnu/H-i686-pc-linux-gnu/bin/../lib/gcc/nios2-elf/4.7.3/../../../../../H-i686-pc-linux-gnu/nios2-elf/lib/mno-hw-mul/libc.a(lib_a-vfprintf.o)
                                 0x44 (size before relaxing)
 .rodata        0x00419786       0x20 /CMC/tools/altera/13.1/nios2eds/bin/gnu/H-i686-pc-linux-gnu/bin/../lib/gcc/nios2-elf/4.7.3/../../../../../H-i686-pc-linux-gnu/nios2-elf/lib/mno-hw-mul/libc.a(lib_a-vfprintf.o)
 *fill*         0x004197a6        0x2 
 .rodata.str1.4
                0x004197a8       0x10 /CMC/tools/altera/13.1/nios2eds/bin/gnu/H-i686-pc-linux-gnu/bin/../lib/gcc/nios2-elf/4.7.3/../../../../../H-i686-pc-linux-gnu/nios2-elf/lib/mno-hw-mul/libc.a(lib_a-dtoa.o)
                                 0x14 (size before relaxing)
 .rodata.str1.4
                0x004197b8       0x10 /CMC/tools/altera/13.1/nios2eds/bin/gnu/H-i686-pc-linux-gnu/bin/../lib/gcc/nios2-elf/4.7.3/../../../../../H-i686-pc-linux-gnu/nios2-elf/lib/mno-hw-mul/libc.a(lib_a-locale.o)
                                 0x18 (size before relaxing)
 .rodata        0x004197c8       0x30 /CMC/tools/altera/13.1/nios2eds/bin/gnu/H-i686-pc-linux-gnu/bin/../lib/gcc/nios2-elf/4.7.3/../../../../../H-i686-pc-linux-gnu/nios2-elf/lib/mno-hw-mul/libc.a(lib_a-locale.o)
 .rodata        0x004197f8      0x124 /CMC/tools/altera/13.1/nios2eds/bin/gnu/H-i686-pc-linux-gnu/bin/../lib/gcc/nios2-elf/4.7.3/../../../../../H-i686-pc-linux-gnu/nios2-elf/lib/mno-hw-mul/libc.a(lib_a-mprec.o)
                0x004197f8                __mprec_tinytens
                0x00419820                __mprec_bigtens
                0x00419848                __mprec_tens
 .rodata        0x0041991c       0x14 /CMC/tools/altera/13.1/nios2eds/bin/gnu/H-i686-pc-linux-gnu/bin/../lib/gcc/nios2-elf/4.7.3/mno-hw-mul/libgcc.a(_thenan_df.o)
                0x0041991c                __thenan_df
 .rodata        0x00419930      0x100 /CMC/tools/altera/13.1/nios2eds/bin/gnu/H-i686-pc-linux-gnu/bin/../lib/gcc/nios2-elf/4.7.3/mno-hw-mul/libgcc.a(_clz.o)
                0x00419930                __clz_tab
 .rodata        0x00419a30        0xc ../ucosMon_bsp//libucosii_bsp.a(alt_dev.o)
 .rodata        0x00419a3c       0x1c ../ucosMon_bsp//libucosii_bsp.a(alt_main.o)
 .rodata        0x00419a58      0x120 ../ucosMon_bsp//libucosii_bsp.a(os_core.o)
                0x00419a58                OSUnMapTbl
 .rodata        0x00419b78       0x6c ../ucosMon_bsp//libucosii_bsp.a(alt_sys_init.o)
 .rodata        0x00419be4        0x4 ../ucosMon_bsp//libucosii_bsp.a(os_cpu_c.o)
 *(.rodata1)
                0x00419be8                . = ALIGN (0x4)
                0x00419be8                PROVIDE (__ram_rodata_end, ABSOLUTE (.))
                0x004195d4                PROVIDE (__flash_rodata_start, LOADADDR (.rodata))

.rwdata         0x00419be8     0x1cfc load address 0x0041b8e4
                0x00419be8                PROVIDE (__ram_rwdata_start, ABSOLUTE (.))
                0x00419be8                . = ALIGN (0x4)
 *(.got.plt)
 *(.got)
 *(.data1)
 *(.data .data.* .gnu.linkonce.d.*)
 .data          0x00419be8        0x0 ../ucosMon_bsp//obj/HAL/src/crt0.o
 .data          0x00419be8        0x0 obj/default/Monitor.o
 .data          0x00419be8        0x0 obj/default/gp.o
 .data          0x00419be8        0x0 ../critical_library/libcritical_library.a(critical.o)
 .data          0x00419be8        0x0 ../critical_library/libcritical_library.a(fingerprint.o)
 .data          0x00419be8        0x0 /CMC/tools/altera/13.1/nios2eds/bin/gnu/H-i686-pc-linux-gnu/bin/../lib/gcc/nios2-elf/4.7.3/mno-hw-mul/libgcc.a(lib2-mul.o)
 .data          0x00419be8        0x0 /CMC/tools/altera/13.1/nios2eds/bin/gnu/H-i686-pc-linux-gnu/bin/../lib/gcc/nios2-elf/4.7.3/../../../../../H-i686-pc-linux-gnu/nios2-elf/lib/mno-hw-mul/libc.a(lib_a-clock.o)
 .data          0x00419be8        0x0 /CMC/tools/altera/13.1/nios2eds/bin/gnu/H-i686-pc-linux-gnu/bin/../lib/gcc/nios2-elf/4.7.3/../../../../../H-i686-pc-linux-gnu/nios2-elf/lib/mno-hw-mul/libc.a(lib_a-exit.o)
 .data          0x00419be8      0x400 /CMC/tools/altera/13.1/nios2eds/bin/gnu/H-i686-pc-linux-gnu/bin/../lib/gcc/nios2-elf/4.7.3/../../../../../H-i686-pc-linux-gnu/nios2-elf/lib/mno-hw-mul/libc.a(lib_a-impure.o)
 .data          0x00419fe8        0x0 /CMC/tools/altera/13.1/nios2eds/bin/gnu/H-i686-pc-linux-gnu/bin/../lib/gcc/nios2-elf/4.7.3/../../../../../H-i686-pc-linux-gnu/nios2-elf/lib/mno-hw-mul/libc.a(lib_a-memcpy.o)
 .data          0x00419fe8        0x0 /CMC/tools/altera/13.1/nios2eds/bin/gnu/H-i686-pc-linux-gnu/bin/../lib/gcc/nios2-elf/4.7.3/../../../../../H-i686-pc-linux-gnu/nios2-elf/lib/mno-hw-mul/libc.a(lib_a-printf.o)
 .data          0x00419fe8        0x0 /CMC/tools/altera/13.1/nios2eds/bin/gnu/H-i686-pc-linux-gnu/bin/../lib/gcc/nios2-elf/4.7.3/../../../../../H-i686-pc-linux-gnu/nios2-elf/lib/mno-hw-mul/libc.a(lib_a-puts.o)
 .data          0x00419fe8        0x0 /CMC/tools/altera/13.1/nios2eds/bin/gnu/H-i686-pc-linux-gnu/bin/../lib/gcc/nios2-elf/4.7.3/../../../../../H-i686-pc-linux-gnu/nios2-elf/lib/mno-hw-mul/libc.a(lib_a-strlen.o)
 .data          0x00419fe8        0x0 /CMC/tools/altera/13.1/nios2eds/bin/gnu/H-i686-pc-linux-gnu/bin/../lib/gcc/nios2-elf/4.7.3/../../../../../H-i686-pc-linux-gnu/nios2-elf/lib/mno-hw-mul/libc.a(lib_a-timesr.o)
 .data          0x00419fe8        0x0 /CMC/tools/altera/13.1/nios2eds/bin/gnu/H-i686-pc-linux-gnu/bin/../lib/gcc/nios2-elf/4.7.3/../../../../../H-i686-pc-linux-gnu/nios2-elf/lib/mno-hw-mul/libc.a(lib_a-vfprintf.o)
 .data          0x00419fe8        0x0 /CMC/tools/altera/13.1/nios2eds/bin/gnu/H-i686-pc-linux-gnu/bin/../lib/gcc/nios2-elf/4.7.3/../../../../../H-i686-pc-linux-gnu/nios2-elf/lib/mno-hw-mul/libc.a(lib_a-wsetup.o)
 .data          0x00419fe8        0x0 /CMC/tools/altera/13.1/nios2eds/bin/gnu/H-i686-pc-linux-gnu/bin/../lib/gcc/nios2-elf/4.7.3/../../../../../H-i686-pc-linux-gnu/nios2-elf/lib/mno-hw-mul/libc.a(lib_a-__call_atexit.o)
 .data          0x00419fe8        0x0 /CMC/tools/altera/13.1/nios2eds/bin/gnu/H-i686-pc-linux-gnu/bin/../lib/gcc/nios2-elf/4.7.3/../../../../../H-i686-pc-linux-gnu/nios2-elf/lib/mno-hw-mul/libc.a(lib_a-dtoa.o)
 .data          0x00419fe8        0x0 /CMC/tools/altera/13.1/nios2eds/bin/gnu/H-i686-pc-linux-gnu/bin/../lib/gcc/nios2-elf/4.7.3/../../../../../H-i686-pc-linux-gnu/nios2-elf/lib/mno-hw-mul/libc.a(lib_a-fflush.o)
 .data          0x00419fe8        0x0 /CMC/tools/altera/13.1/nios2eds/bin/gnu/H-i686-pc-linux-gnu/bin/../lib/gcc/nios2-elf/4.7.3/../../../../../H-i686-pc-linux-gnu/nios2-elf/lib/mno-hw-mul/libc.a(lib_a-findfp.o)
 .data          0x00419fe8        0x0 /CMC/tools/altera/13.1/nios2eds/bin/gnu/H-i686-pc-linux-gnu/bin/../lib/gcc/nios2-elf/4.7.3/../../../../../H-i686-pc-linux-gnu/nios2-elf/lib/mno-hw-mul/libc.a(lib_a-freer.o)
 .data          0x00419fe8        0x0 /CMC/tools/altera/13.1/nios2eds/bin/gnu/H-i686-pc-linux-gnu/bin/../lib/gcc/nios2-elf/4.7.3/../../../../../H-i686-pc-linux-gnu/nios2-elf/lib/mno-hw-mul/libc.a(lib_a-fvwrite.o)
 .data          0x00419fe8        0x0 /CMC/tools/altera/13.1/nios2eds/bin/gnu/H-i686-pc-linux-gnu/bin/../lib/gcc/nios2-elf/4.7.3/../../../../../H-i686-pc-linux-gnu/nios2-elf/lib/mno-hw-mul/libc.a(lib_a-fwalk.o)
 .data          0x00419fe8        0xc /CMC/tools/altera/13.1/nios2eds/bin/gnu/H-i686-pc-linux-gnu/bin/../lib/gcc/nios2-elf/4.7.3/../../../../../H-i686-pc-linux-gnu/nios2-elf/lib/mno-hw-mul/libc.a(lib_a-locale.o)
                0x00419fe8                __lc_ctype
 .data          0x00419ff4        0x0 /CMC/tools/altera/13.1/nios2eds/bin/gnu/H-i686-pc-linux-gnu/bin/../lib/gcc/nios2-elf/4.7.3/../../../../../H-i686-pc-linux-gnu/nios2-elf/lib/mno-hw-mul/libc.a(lib_a-makebuf.o)
 .data          0x00419ff4      0x408 /CMC/tools/altera/13.1/nios2eds/bin/gnu/H-i686-pc-linux-gnu/bin/../lib/gcc/nios2-elf/4.7.3/../../../../../H-i686-pc-linux-gnu/nios2-elf/lib/mno-hw-mul/libc.a(lib_a-mallocr.o)
                0x00419ff4                __malloc_av_
 .data          0x0041a3fc        0x0 /CMC/tools/altera/13.1/nios2eds/bin/gnu/H-i686-pc-linux-gnu/bin/../lib/gcc/nios2-elf/4.7.3/../../../../../H-i686-pc-linux-gnu/nios2-elf/lib/mno-hw-mul/libc.a(lib_a-memchr.o)
 .data          0x0041a3fc        0x0 /CMC/tools/altera/13.1/nios2eds/bin/gnu/H-i686-pc-linux-gnu/bin/../lib/gcc/nios2-elf/4.7.3/../../../../../H-i686-pc-linux-gnu/nios2-elf/lib/mno-hw-mul/libc.a(lib_a-memmove.o)
 .data          0x0041a3fc        0x0 /CMC/tools/altera/13.1/nios2eds/bin/gnu/H-i686-pc-linux-gnu/bin/../lib/gcc/nios2-elf/4.7.3/../../../../../H-i686-pc-linux-gnu/nios2-elf/lib/mno-hw-mul/libc.a(lib_a-memset.o)
 .data          0x0041a3fc        0x0 /CMC/tools/altera/13.1/nios2eds/bin/gnu/H-i686-pc-linux-gnu/bin/../lib/gcc/nios2-elf/4.7.3/../../../../../H-i686-pc-linux-gnu/nios2-elf/lib/mno-hw-mul/libc.a(lib_a-mprec.o)
 .data          0x0041a3fc        0x0 /CMC/tools/altera/13.1/nios2eds/bin/gnu/H-i686-pc-linux-gnu/bin/../lib/gcc/nios2-elf/4.7.3/../../../../../H-i686-pc-linux-gnu/nios2-elf/lib/mno-hw-mul/libc.a(lib_a-reallocr.o)
 .data          0x0041a3fc        0x0 /CMC/tools/altera/13.1/nios2eds/bin/gnu/H-i686-pc-linux-gnu/bin/../lib/gcc/nios2-elf/4.7.3/../../../../../H-i686-pc-linux-gnu/nios2-elf/lib/mno-hw-mul/libc.a(lib_a-s_isinfd.o)
 .data          0x0041a3fc        0x0 /CMC/tools/altera/13.1/nios2eds/bin/gnu/H-i686-pc-linux-gnu/bin/../lib/gcc/nios2-elf/4.7.3/../../../../../H-i686-pc-linux-gnu/nios2-elf/lib/mno-hw-mul/libc.a(lib_a-s_isnand.o)
 .data          0x0041a3fc        0x0 /CMC/tools/altera/13.1/nios2eds/bin/gnu/H-i686-pc-linux-gnu/bin/../lib/gcc/nios2-elf/4.7.3/../../../../../H-i686-pc-linux-gnu/nios2-elf/lib/mno-hw-mul/libc.a(lib_a-sbrkr.o)
 .data          0x0041a3fc        0x0 /CMC/tools/altera/13.1/nios2eds/bin/gnu/H-i686-pc-linux-gnu/bin/../lib/gcc/nios2-elf/4.7.3/../../../../../H-i686-pc-linux-gnu/nios2-elf/lib/mno-hw-mul/libc.a(lib_a-stdio.o)
 .data          0x0041a3fc        0x0 /CMC/tools/altera/13.1/nios2eds/bin/gnu/H-i686-pc-linux-gnu/bin/../lib/gcc/nios2-elf/4.7.3/../../../../../H-i686-pc-linux-gnu/nios2-elf/lib/mno-hw-mul/libc.a(lib_a-strcmp.o)
 .data          0x0041a3fc        0x0 /CMC/tools/altera/13.1/nios2eds/bin/gnu/H-i686-pc-linux-gnu/bin/../lib/gcc/nios2-elf/4.7.3/../../../../../H-i686-pc-linux-gnu/nios2-elf/lib/mno-hw-mul/libc.a(lib_a-writer.o)
 .data          0x0041a3fc        0x0 /CMC/tools/altera/13.1/nios2eds/bin/gnu/H-i686-pc-linux-gnu/bin/../lib/gcc/nios2-elf/4.7.3/../../../../../H-i686-pc-linux-gnu/nios2-elf/lib/mno-hw-mul/libc.a(lib_a-callocr.o)
 .data          0x0041a3fc        0x0 /CMC/tools/altera/13.1/nios2eds/bin/gnu/H-i686-pc-linux-gnu/bin/../lib/gcc/nios2-elf/4.7.3/../../../../../H-i686-pc-linux-gnu/nios2-elf/lib/mno-hw-mul/libc.a(lib_a-closer.o)
 .data          0x0041a3fc        0x0 /CMC/tools/altera/13.1/nios2eds/bin/gnu/H-i686-pc-linux-gnu/bin/../lib/gcc/nios2-elf/4.7.3/../../../../../H-i686-pc-linux-gnu/nios2-elf/lib/mno-hw-mul/libc.a(lib_a-fclose.o)
 .data          0x0041a3fc        0x0 /CMC/tools/altera/13.1/nios2eds/bin/gnu/H-i686-pc-linux-gnu/bin/../lib/gcc/nios2-elf/4.7.3/../../../../../H-i686-pc-linux-gnu/nios2-elf/lib/mno-hw-mul/libc.a(lib_a-fstatr.o)
 .data          0x0041a3fc        0x0 /CMC/tools/altera/13.1/nios2eds/bin/gnu/H-i686-pc-linux-gnu/bin/../lib/gcc/nios2-elf/4.7.3/../../../../../H-i686-pc-linux-gnu/nios2-elf/lib/mno-hw-mul/libc.a(lib_a-int_errno.o)
 .data          0x0041a3fc        0x0 /CMC/tools/altera/13.1/nios2eds/bin/gnu/H-i686-pc-linux-gnu/bin/../lib/gcc/nios2-elf/4.7.3/../../../../../H-i686-pc-linux-gnu/nios2-elf/lib/mno-hw-mul/libc.a(lib_a-isattyr.o)
 .data          0x0041a3fc        0x0 /CMC/tools/altera/13.1/nios2eds/bin/gnu/H-i686-pc-linux-gnu/bin/../lib/gcc/nios2-elf/4.7.3/../../../../../H-i686-pc-linux-gnu/nios2-elf/lib/mno-hw-mul/libc.a(lib_a-lseekr.o)
 .data          0x0041a3fc        0x0 /CMC/tools/altera/13.1/nios2eds/bin/gnu/H-i686-pc-linux-gnu/bin/../lib/gcc/nios2-elf/4.7.3/../../../../../H-i686-pc-linux-gnu/nios2-elf/lib/mno-hw-mul/libc.a(lib_a-readr.o)
 .data          0x0041a3fc        0x0 /CMC/tools/altera/13.1/nios2eds/bin/gnu/H-i686-pc-linux-gnu/bin/../lib/gcc/nios2-elf/4.7.3/mno-hw-mul/libgcc.a(_udivdi3.o)
 .data          0x0041a3fc        0x0 /CMC/tools/altera/13.1/nios2eds/bin/gnu/H-i686-pc-linux-gnu/bin/../lib/gcc/nios2-elf/4.7.3/mno-hw-mul/libgcc.a(_umoddi3.o)
 .data          0x0041a3fc        0x0 /CMC/tools/altera/13.1/nios2eds/bin/gnu/H-i686-pc-linux-gnu/bin/../lib/gcc/nios2-elf/4.7.3/mno-hw-mul/libgcc.a(_addsub_df.o)
 .data          0x0041a3fc        0x0 /CMC/tools/altera/13.1/nios2eds/bin/gnu/H-i686-pc-linux-gnu/bin/../lib/gcc/nios2-elf/4.7.3/mno-hw-mul/libgcc.a(_mul_df.o)
 .data          0x0041a3fc        0x0 /CMC/tools/altera/13.1/nios2eds/bin/gnu/H-i686-pc-linux-gnu/bin/../lib/gcc/nios2-elf/4.7.3/mno-hw-mul/libgcc.a(_div_df.o)
 .data          0x0041a3fc        0x0 /CMC/tools/altera/13.1/nios2eds/bin/gnu/H-i686-pc-linux-gnu/bin/../lib/gcc/nios2-elf/4.7.3/mno-hw-mul/libgcc.a(_eq_df.o)
 .data          0x0041a3fc        0x0 /CMC/tools/altera/13.1/nios2eds/bin/gnu/H-i686-pc-linux-gnu/bin/../lib/gcc/nios2-elf/4.7.3/mno-hw-mul/libgcc.a(_ne_df.o)
 .data          0x0041a3fc        0x0 /CMC/tools/altera/13.1/nios2eds/bin/gnu/H-i686-pc-linux-gnu/bin/../lib/gcc/nios2-elf/4.7.3/mno-hw-mul/libgcc.a(_gt_df.o)
 .data          0x0041a3fc        0x0 /CMC/tools/altera/13.1/nios2eds/bin/gnu/H-i686-pc-linux-gnu/bin/../lib/gcc/nios2-elf/4.7.3/mno-hw-mul/libgcc.a(_ge_df.o)
 .data          0x0041a3fc        0x0 /CMC/tools/altera/13.1/nios2eds/bin/gnu/H-i686-pc-linux-gnu/bin/../lib/gcc/nios2-elf/4.7.3/mno-hw-mul/libgcc.a(_lt_df.o)
 .data          0x0041a3fc        0x0 /CMC/tools/altera/13.1/nios2eds/bin/gnu/H-i686-pc-linux-gnu/bin/../lib/gcc/nios2-elf/4.7.3/mno-hw-mul/libgcc.a(_si_to_df.o)
 .data          0x0041a3fc        0x0 /CMC/tools/altera/13.1/nios2eds/bin/gnu/H-i686-pc-linux-gnu/bin/../lib/gcc/nios2-elf/4.7.3/mno-hw-mul/libgcc.a(_df_to_si.o)
 .data          0x0041a3fc        0x0 /CMC/tools/altera/13.1/nios2eds/bin/gnu/H-i686-pc-linux-gnu/bin/../lib/gcc/nios2-elf/4.7.3/mno-hw-mul/libgcc.a(_thenan_df.o)
 .data          0x0041a3fc        0x0 /CMC/tools/altera/13.1/nios2eds/bin/gnu/H-i686-pc-linux-gnu/bin/../lib/gcc/nios2-elf/4.7.3/mno-hw-mul/libgcc.a(_usi_to_df.o)
 .data          0x0041a3fc        0x0 /CMC/tools/altera/13.1/nios2eds/bin/gnu/H-i686-pc-linux-gnu/bin/../lib/gcc/nios2-elf/4.7.3/mno-hw-mul/libgcc.a(lib2-divmod.o)
 .data          0x0041a3fc        0x0 /CMC/tools/altera/13.1/nios2eds/bin/gnu/H-i686-pc-linux-gnu/bin/../lib/gcc/nios2-elf/4.7.3/mno-hw-mul/libgcc.a(_muldi3.o)
 .data          0x0041a3fc        0x0 /CMC/tools/altera/13.1/nios2eds/bin/gnu/H-i686-pc-linux-gnu/bin/../lib/gcc/nios2-elf/4.7.3/mno-hw-mul/libgcc.a(_clz.o)
 .data          0x0041a3fc        0x0 /CMC/tools/altera/13.1/nios2eds/bin/gnu/H-i686-pc-linux-gnu/bin/../lib/gcc/nios2-elf/4.7.3/mno-hw-mul/libgcc.a(_clzsi2.o)
 .data          0x0041a3fc        0x0 /CMC/tools/altera/13.1/nios2eds/bin/gnu/H-i686-pc-linux-gnu/bin/../lib/gcc/nios2-elf/4.7.3/mno-hw-mul/libgcc.a(_pack_df.o)
 .data          0x0041a3fc        0x0 /CMC/tools/altera/13.1/nios2eds/bin/gnu/H-i686-pc-linux-gnu/bin/../lib/gcc/nios2-elf/4.7.3/mno-hw-mul/libgcc.a(_unpack_df.o)
 .data          0x0041a3fc        0x0 /CMC/tools/altera/13.1/nios2eds/bin/gnu/H-i686-pc-linux-gnu/bin/../lib/gcc/nios2-elf/4.7.3/mno-hw-mul/libgcc.a(_fpcmp_parts_df.o)
 .data          0x0041a3fc        0x0 /CMC/tools/altera/13.1/nios2eds/bin/gnu/H-i686-pc-linux-gnu/bin/../lib/gcc/nios2-elf/4.7.3/mno-hw-mul/libgcc.a(_lshrdi3.o)
 .data          0x0041a3fc        0x0 /CMC/tools/altera/13.1/nios2eds/bin/gnu/H-i686-pc-linux-gnu/bin/../lib/gcc/nios2-elf/4.7.3/mno-hw-mul/libgcc.a(_ashldi3.o)
 .data          0x0041a3fc        0x0 ../ucosMon_bsp//libucosii_bsp.a(alt_close.o)
 .data          0x0041a3fc      0x1a8 ../ucosMon_bsp//libucosii_bsp.a(alt_dev.o)
                0x0041a3fc                alt_dev_null
                0x0041a424                alt_fd_list
 .data          0x0041a5a4        0x0 ../ucosMon_bsp//libucosii_bsp.a(alt_dma_rxchan_open.o)
 .data          0x0041a5a4        0x0 ../ucosMon_bsp//libucosii_bsp.a(alt_dma_txchan_open.o)
 .data          0x0041a5a4        0x0 ../ucosMon_bsp//libucosii_bsp.a(alt_errno.o)
 .data          0x0041a5a4        0x0 ../ucosMon_bsp//libucosii_bsp.a(alt_exit.o)
 .data          0x0041a5a4        0x0 ../ucosMon_bsp//libucosii_bsp.a(alt_find_dev.o)
 .data          0x0041a5a4        0x0 ../ucosMon_bsp//libucosii_bsp.a(alt_fstat.o)
 .data          0x0041a5a4        0x0 ../ucosMon_bsp//libucosii_bsp.a(alt_iic.o)
 .data          0x0041a5a4        0x0 ../ucosMon_bsp//libucosii_bsp.a(alt_iic_isr_register.o)
 .data          0x0041a5a4        0x0 ../ucosMon_bsp//libucosii_bsp.a(alt_irq_entry.o)
 .data          0x0041a5a4        0x0 ../ucosMon_bsp//libucosii_bsp.a(alt_irq_handler.o)
 .data          0x0041a5a4        0x0 ../ucosMon_bsp//libucosii_bsp.a(alt_irq_vars.o)
 .data          0x0041a5a4        0x0 ../ucosMon_bsp//libucosii_bsp.a(alt_isatty.o)
 .data          0x0041a5a4        0x0 ../ucosMon_bsp//libucosii_bsp.a(alt_load.o)
 .data          0x0041a5a4        0x0 ../ucosMon_bsp//libucosii_bsp.a(alt_lseek.o)
 .data          0x0041a5a4        0x0 ../ucosMon_bsp//libucosii_bsp.a(alt_main.o)
 .data          0x0041a5a4        0x0 ../ucosMon_bsp//libucosii_bsp.a(alt_read.o)
 .data          0x0041a5a4        0x0 ../ucosMon_bsp//libucosii_bsp.a(alt_release_fd.o)
 .data          0x0041a5a4        0x0 ../ucosMon_bsp//libucosii_bsp.a(alt_sbrk.o)
 .data          0x0041a5a4        0x0 ../ucosMon_bsp//libucosii_bsp.a(alt_times.o)
 .data          0x0041a5a4        0x0 ../ucosMon_bsp//libucosii_bsp.a(alt_write.o)
 .data          0x0041a5a4        0x0 ../ucosMon_bsp//libucosii_bsp.a(alt_env_lock.o)
 .data          0x0041a5a4        0x0 ../ucosMon_bsp//libucosii_bsp.a(alt_malloc_lock.o)
 .data          0x0041a5a4        0x0 ../ucosMon_bsp//libucosii_bsp.a(os_core.o)
 .data          0x0041a5a4        0x0 ../ucosMon_bsp//libucosii_bsp.a(os_dbg.o)
 .data          0x0041a5a4        0x0 ../ucosMon_bsp//libucosii_bsp.a(os_flag.o)
 .data          0x0041a5a4        0x0 ../ucosMon_bsp//libucosii_bsp.a(os_mem.o)
 .data          0x0041a5a4        0x0 ../ucosMon_bsp//libucosii_bsp.a(os_q.o)
 .data          0x0041a5a4        0x0 ../ucosMon_bsp//libucosii_bsp.a(os_sem.o)
 .data          0x0041a5a4        0x0 ../ucosMon_bsp//libucosii_bsp.a(os_task.o)
 .data          0x0041a5a4        0x0 ../ucosMon_bsp//libucosii_bsp.a(os_time.o)
 .data          0x0041a5a4     0x1268 ../ucosMon_bsp//libucosii_bsp.a(alt_sys_init.o)
 .data          0x0041b80c        0x0 ../ucosMon_bsp//libucosii_bsp.a(altera_avalon_dma.o)
 .data          0x0041b80c        0x0 ../ucosMon_bsp//libucosii_bsp.a(altera_avalon_jtag_uart_fd.o)
 .data          0x0041b80c        0x0 ../ucosMon_bsp//libucosii_bsp.a(altera_avalon_jtag_uart_init.o)
 .data          0x0041b80c        0x0 ../ucosMon_bsp//libucosii_bsp.a(altera_avalon_jtag_uart_ioctl.o)
 .data          0x0041b80c        0x0 ../ucosMon_bsp//libucosii_bsp.a(altera_avalon_jtag_uart_read.o)
 .data          0x0041b80c        0x0 ../ucosMon_bsp//libucosii_bsp.a(altera_avalon_jtag_uart_write.o)
 .data          0x0041b80c        0x0 ../ucosMon_bsp//libucosii_bsp.a(altera_avalon_mutex.o)
 .data          0x0041b80c        0x0 ../ucosMon_bsp//libucosii_bsp.a(altera_avalon_timer_sc.o)
 .data          0x0041b80c        0x0 ../ucosMon_bsp//libucosii_bsp.a(altera_avalon_timer_vars.o)
 .data          0x0041b80c        0x0 ../ucosMon_bsp//libucosii_bsp.a(altera_ro_zipfs.o)
 .data          0x0041b80c        0x0 ../ucosMon_bsp//libucosii_bsp.a(alt_alarm_start.o)
 .data          0x0041b80c        0x0 ../ucosMon_bsp//libucosii_bsp.a(alt_dcache_flush_all.o)
 .data          0x0041b80c        0x0 ../ucosMon_bsp//libucosii_bsp.a(alt_dev_llist_insert.o)
 .data          0x0041b80c        0x0 ../ucosMon_bsp//libucosii_bsp.a(alt_do_ctors.o)
 .data          0x0041b80c        0x0 ../ucosMon_bsp//libucosii_bsp.a(alt_do_dtors.o)
 .data          0x0041b80c        0x0 ../ucosMon_bsp//libucosii_bsp.a(alt_exception_entry.o)
 .data          0x0041b80c        0x0 ../ucosMon_bsp//libucosii_bsp.a(alt_fs_reg.o)
 .data          0x0041b80c        0x0 ../ucosMon_bsp//libucosii_bsp.a(alt_icache_flush_all.o)
 .data          0x0041b80c        0x0 ../ucosMon_bsp//libucosii_bsp.a(alt_io_redirect.o)
 .data          0x0041b80c        0x0 ../ucosMon_bsp//libucosii_bsp.a(alt_open.o)
 .data          0x0041b80c        0x0 ../ucosMon_bsp//libucosii_bsp.a(alt_tick.o)
 .data          0x0041b80c        0x0 ../ucosMon_bsp//libucosii_bsp.a(altera_nios2_qsys_irq.o)
 .data          0x0041b80c        0x0 ../ucosMon_bsp//libucosii_bsp.a(os_cpu_a.o)
 .data          0x0041b80c        0x0 ../ucosMon_bsp//libucosii_bsp.a(os_cpu_c.o)
 .data          0x0041b80c        0x0 ../ucosMon_bsp//libucosii_bsp.a(alt_find_file.o)
 .data          0x0041b80c        0x0 ../ucosMon_bsp//libucosii_bsp.a(alt_get_fd.o)
 .data          0x0041b80c        0x0 ../ucosMon_bsp//libucosii_bsp.a(alt_icache_flush.o)
 .data          0x0041b80c        0x0 /CMC/tools/altera/13.1/nios2eds/bin/gnu/H-i686-pc-linux-gnu/bin/../lib/gcc/nios2-elf/4.7.3/../../../../../H-i686-pc-linux-gnu/nios2-elf/lib/mno-hw-mul/libc.a(lib_a-atexit.o)
 .data          0x0041b80c        0x0 /CMC/tools/altera/13.1/nios2eds/bin/gnu/H-i686-pc-linux-gnu/bin/../lib/gcc/nios2-elf/4.7.3/../../../../../H-i686-pc-linux-gnu/nios2-elf/lib/mno-hw-mul/libc.a(lib_a-memcmp.o)
 .data          0x0041b80c        0x0 /CMC/tools/altera/13.1/nios2eds/bin/gnu/H-i686-pc-linux-gnu/bin/../lib/gcc/nios2-elf/4.7.3/../../../../../H-i686-pc-linux-gnu/nios2-elf/lib/mno-hw-mul/libc.a(lib_a-strncmp.o)
 .data          0x0041b80c        0x0 /CMC/tools/altera/13.1/nios2eds/bin/gnu/H-i686-pc-linux-gnu/bin/../lib/gcc/nios2-elf/4.7.3/../../../../../H-i686-pc-linux-gnu/nios2-elf/lib/mno-hw-mul/libc.a(lib_a-__atexit.o)
 .data          0x0041b80c        0x0 /CMC/tools/altera/13.1/nios2eds/bin/gnu/H-i686-pc-linux-gnu/bin/../lib/gcc/nios2-elf/4.7.3/mno-hw-mul/libgcc.a(_fixunsdfsi.o)
                0x0042380c                _gp = ABSOLUTE ((. + 0x8000))
                0x0042380c                PROVIDE (gp, _gp)
 *(.rwdata .rwdata.*)
 *(.sdata .sdata.* .gnu.linkonce.s.*)
 .sdata         0x0041b80c        0x8 obj/default/Monitor.o
                0x0041b80c                isr_0_ptr
                0x0041b810                isr_1_ptr
 .sdata         0x0041b814        0x8 /CMC/tools/altera/13.1/nios2eds/bin/gnu/H-i686-pc-linux-gnu/bin/../lib/gcc/nios2-elf/4.7.3/../../../../../H-i686-pc-linux-gnu/nios2-elf/lib/mno-hw-mul/libc.a(lib_a-impure.o)
                0x0041b814                _global_impure_ptr
                0x0041b818                _impure_ptr
 .sdata         0x0041b81c        0x4 /CMC/tools/altera/13.1/nios2eds/bin/gnu/H-i686-pc-linux-gnu/bin/../lib/gcc/nios2-elf/4.7.3/../../../../../H-i686-pc-linux-gnu/nios2-elf/lib/mno-hw-mul/libc.a(lib_a-locale.o)
                0x0041b81c                __mb_cur_max
 .sdata         0x0041b820        0x8 /CMC/tools/altera/13.1/nios2eds/bin/gnu/H-i686-pc-linux-gnu/bin/../lib/gcc/nios2-elf/4.7.3/../../../../../H-i686-pc-linux-gnu/nios2-elf/lib/mno-hw-mul/libc.a(lib_a-mallocr.o)
                0x0041b820                __malloc_sbrk_base
                0x0041b824                __malloc_trim_threshold
 .sdata         0x0041b828       0x14 ../ucosMon_bsp//libucosii_bsp.a(alt_dev.o)
                0x0041b828                alt_fs_list
                0x0041b830                alt_dev_list
                0x0041b838                alt_max_fd
 .sdata         0x0041b83c        0x8 ../ucosMon_bsp//libucosii_bsp.a(alt_dma_rxchan_open.o)
                0x0041b83c                alt_dma_rxchan_list
 .sdata         0x0041b844        0x8 ../ucosMon_bsp//libucosii_bsp.a(alt_dma_txchan_open.o)
                0x0041b844                alt_dma_txchan_list
 .sdata         0x0041b84c        0x4 ../ucosMon_bsp//libucosii_bsp.a(alt_errno.o)
                0x0041b84c                alt_errno
 .sdata         0x0041b850        0x4 ../ucosMon_bsp//libucosii_bsp.a(alt_irq_vars.o)
                0x0041b850                alt_priority_mask
 .sdata         0x0041b854        0x4 ../ucosMon_bsp//libucosii_bsp.a(alt_sbrk.o)
 .sdata         0x0041b858        0x4 ../ucosMon_bsp//libucosii_bsp.a(alt_env_lock.o)
 .sdata         0x0041b85c        0x4 ../ucosMon_bsp//libucosii_bsp.a(alt_malloc_lock.o)
 .sdata         0x0041b860       0x74 ../ucosMon_bsp//libucosii_bsp.a(os_dbg.o)
                0x0041b860                OSDebugEn
                0x0041b864                OSEndiannessTest
                0x0041b868                OSEventEn
                0x0041b86a                OSEventMax
                0x0041b86c                OSEventNameSize
                0x0041b86e                OSEventSize
                0x0041b870                OSEventTblSize
                0x0041b872                OSEventMultiEn
                0x0041b874                OSFlagEn
                0x0041b876                OSFlagGrpSize
                0x0041b878                OSFlagNodeSize
                0x0041b87a                OSFlagWidth
                0x0041b87c                OSFlagMax
                0x0041b87e                OSFlagNameSize
                0x0041b880                OSLowestPrio
                0x0041b882                OSMboxEn
                0x0041b884                OSMemEn
                0x0041b886                OSMemMax
                0x0041b888                OSMemNameSize
                0x0041b88a                OSMemSize
                0x0041b88c                OSMemTblSize
                0x0041b88e                OSMutexEn
                0x0041b890                OSPtrSize
                0x0041b892                OSQEn
                0x0041b894                OSQMax
                0x0041b896                OSQSize
                0x0041b898                OSRdyTblSize
                0x0041b89a                OSSemEn
                0x0041b89c                OSStkWidth
                0x0041b89e                OSTaskCreateEn
                0x0041b8a0                OSTaskCreateExtEn
                0x0041b8a2                OSTaskDelEn
                0x0041b8a4                OSTaskIdleStkSize
                0x0041b8a6                OSTaskProfileEn
                0x0041b8a8                OSTaskMax
                0x0041b8aa                OSTaskNameSize
                0x0041b8ac                OSTaskStatEn
                0x0041b8ae                OSTaskStatStkSize
                0x0041b8b0                OSTaskStatStkChkEn
                0x0041b8b2                OSTaskSwHookEn
                0x0041b8b4                OSTCBPrioTblMax
                0x0041b8b6                OSTCBSize
                0x0041b8b8                OSTicksPerSec
                0x0041b8ba                OSTimeTickHookEn
                0x0041b8bc                OSVersionNbr
                0x0041b8be                OSTmrEn
                0x0041b8c0                OSTmrCfgMax
                0x0041b8c2                OSTmrCfgNameSize
                0x0041b8c4                OSTmrCfgWheelSize
                0x0041b8c6                OSTmrCfgTicksPerSec
                0x0041b8c8                OSTmrSize
                0x0041b8ca                OSTmrTblSize
                0x0041b8cc                OSTmrWheelSize
                0x0041b8ce                OSTmrWheelTblSize
                0x0041b8d0                OSDataSize
 .sdata         0x0041b8d4        0x8 ../ucosMon_bsp//libucosii_bsp.a(altera_avalon_mutex.o)
                0x0041b8d4                alt_mutex_list
 .sdata         0x0041b8dc        0x8 ../ucosMon_bsp//libucosii_bsp.a(alt_tick.o)
                0x0041b8dc                alt_alarm_list
 *(.sdata2 .sdata2.* .gnu.linkonce.s2.*)
                0x0041b8e4                . = ALIGN (0x4)
                0x0041b8e4                _edata = ABSOLUTE (.)
                0x0041b8e4                PROVIDE (edata, ABSOLUTE (.))
                0x0041b8e4                PROVIDE (__ram_rwdata_end, ABSOLUTE (.))
                0x0041b8e4                PROVIDE (__flash_rwdata_start, LOADADDR (.rwdata))

.bss            0x0041d5e0     0x35c0
                0x0041d5e0                __bss_start = ABSOLUTE (.)
                0x0041d5e0                PROVIDE (__sbss_start, ABSOLUTE (.))
                0x0041d5e0                PROVIDE (___sbss_start, ABSOLUTE (.))
 *(.dynsbss)
 *(.sbss .sbss.* .gnu.linkonce.sb.*)
 .sbss          0x0041d5e0        0x8 obj/default/Monitor.o
                0x0041d5e0                count
 .sbss          0x0041d5e8       0x14 obj/default/Monitor.o
                0x0041d5e8                start_schedule
                0x0041d5ec                done
                0x0041d5f0                mutex
                0x0041d5f4                err
                0x0041d5f8                status
 .sbss          0x0041d5fc        0xc /CMC/tools/altera/13.1/nios2eds/bin/gnu/H-i686-pc-linux-gnu/bin/../lib/gcc/nios2-elf/4.7.3/../../../../../H-i686-pc-linux-gnu/nios2-elf/lib/mno-hw-mul/libc.a(lib_a-locale.o)
                0x0041d5fc                _PathLocale
                0x0041d600                __mlocale_changed
                0x0041d604                __nlocale_changed
 .sbss          0x0041d608        0xc /CMC/tools/altera/13.1/nios2eds/bin/gnu/H-i686-pc-linux-gnu/bin/../lib/gcc/nios2-elf/4.7.3/../../../../../H-i686-pc-linux-gnu/nios2-elf/lib/mno-hw-mul/libc.a(lib_a-mallocr.o)
                0x0041d608                __malloc_max_total_mem
                0x0041d60c                __malloc_max_sbrked_mem
                0x0041d610                __malloc_top_pad
 .sbss          0x0041d614        0x4 /CMC/tools/altera/13.1/nios2eds/bin/gnu/H-i686-pc-linux-gnu/bin/../lib/gcc/nios2-elf/4.7.3/../../../../../H-i686-pc-linux-gnu/nios2-elf/lib/mno-hw-mul/libc.a(lib_a-int_errno.o)
                0x0041d614                errno
 .sbss          0x0041d618        0x4 ../ucosMon_bsp//libucosii_bsp.a(alt_dev.o)
                0x0041d618                alt_fd_list_lock
 .sbss          0x0041d61c        0x4 ../ucosMon_bsp//libucosii_bsp.a(alt_irq_vars.o)
                0x0041d61c                alt_irq_active
 .sbss          0x0041d620        0xc ../ucosMon_bsp//libucosii_bsp.a(alt_main.o)
                0x0041d620                alt_argc
                0x0041d624                alt_argv
                0x0041d628                alt_envp
 .sbss          0x0041d62c        0x8 ../ucosMon_bsp//libucosii_bsp.a(alt_env_lock.o)
                0x0041d630                alt_envsem
 .sbss          0x0041d634        0x8 ../ucosMon_bsp//libucosii_bsp.a(alt_malloc_lock.o)
                0x0041d638                alt_heapsem
 .sbss          0x0041d63c       0x50 ../ucosMon_bsp//libucosii_bsp.a(os_core.o)
                0x0041d63c                OSLockNesting
                0x0041d63d                OSRunning
                0x0041d640                OSIdleCtr
                0x0041d644                OSPrioHighRdy
                0x0041d645                OSPrioCur
                0x0041d648                OSTCBList
                0x0041d64c                OSTickStepState
                0x0041d650                OSCtxSwCtr
                0x0041d654                OSIdleCtrMax
                0x0041d658                OSTCBFreeList
                0x0041d65c                OSCPUUsage
                0x0041d65d                OSTaskCtr
                0x0041d660                OSMemFreeList
                0x0041d664                OSTCBHighRdy
                0x0041d668                OSQFreeList
                0x0041d66c                OSRdyGrp
                0x0041d66d                OSRdyTbl
                0x0041d670                OSEventFreeList
                0x0041d674                OSIntNesting
                0x0041d678                OSTCBCur
                0x0041d67c                OSTime
                0x0041d680                OSFlagFreeList
                0x0041d684                OSStatRdy
                0x0041d688                OSIdleCtrRun
 .sbss          0x0041d68c        0x8 ../ucosMon_bsp//libucosii_bsp.a(altera_avalon_timer_vars.o)
                0x0041d68c                altera_avalon_timer_ts_base
                0x0041d690                altera_avalon_timer_ts_freq
 .sbss          0x0041d694        0x8 ../ucosMon_bsp//libucosii_bsp.a(alt_tick.o)
                0x0041d694                _alt_tick_rate
                0x0041d698                _alt_nticks
 *(.sbss2 .sbss2.* .gnu.linkonce.sb2.*)
 *(.scommon)
                0x0041d69c                PROVIDE (__sbss_end, ABSOLUTE (.))
                0x0041d69c                PROVIDE (___sbss_end, ABSOLUTE (.))
 *(.dynbss)
 *(.bss .bss.* .gnu.linkonce.b.*)
 .bss           0x0041d69c        0x0 ../ucosMon_bsp//obj/HAL/src/crt0.o
 .bss           0x0041d69c        0x0 obj/default/Monitor.o
 .bss           0x0041d69c        0x0 obj/default/gp.o
 .bss           0x0041d69c        0x0 ../critical_library/libcritical_library.a(critical.o)
 .bss           0x0041d69c        0x0 ../critical_library/libcritical_library.a(fingerprint.o)
 .bss           0x0041d69c        0x0 /CMC/tools/altera/13.1/nios2eds/bin/gnu/H-i686-pc-linux-gnu/bin/../lib/gcc/nios2-elf/4.7.3/mno-hw-mul/libgcc.a(lib2-mul.o)
 .bss           0x0041d69c        0x0 /CMC/tools/altera/13.1/nios2eds/bin/gnu/H-i686-pc-linux-gnu/bin/../lib/gcc/nios2-elf/4.7.3/../../../../../H-i686-pc-linux-gnu/nios2-elf/lib/mno-hw-mul/libc.a(lib_a-clock.o)
 .bss           0x0041d69c        0x0 /CMC/tools/altera/13.1/nios2eds/bin/gnu/H-i686-pc-linux-gnu/bin/../lib/gcc/nios2-elf/4.7.3/../../../../../H-i686-pc-linux-gnu/nios2-elf/lib/mno-hw-mul/libc.a(lib_a-exit.o)
 .bss           0x0041d69c        0x0 /CMC/tools/altera/13.1/nios2eds/bin/gnu/H-i686-pc-linux-gnu/bin/../lib/gcc/nios2-elf/4.7.3/../../../../../H-i686-pc-linux-gnu/nios2-elf/lib/mno-hw-mul/libc.a(lib_a-impure.o)
 .bss           0x0041d69c        0x0 /CMC/tools/altera/13.1/nios2eds/bin/gnu/H-i686-pc-linux-gnu/bin/../lib/gcc/nios2-elf/4.7.3/../../../../../H-i686-pc-linux-gnu/nios2-elf/lib/mno-hw-mul/libc.a(lib_a-memcpy.o)
 .bss           0x0041d69c        0x0 /CMC/tools/altera/13.1/nios2eds/bin/gnu/H-i686-pc-linux-gnu/bin/../lib/gcc/nios2-elf/4.7.3/../../../../../H-i686-pc-linux-gnu/nios2-elf/lib/mno-hw-mul/libc.a(lib_a-printf.o)
 .bss           0x0041d69c        0x0 /CMC/tools/altera/13.1/nios2eds/bin/gnu/H-i686-pc-linux-gnu/bin/../lib/gcc/nios2-elf/4.7.3/../../../../../H-i686-pc-linux-gnu/nios2-elf/lib/mno-hw-mul/libc.a(lib_a-puts.o)
 .bss           0x0041d69c        0x0 /CMC/tools/altera/13.1/nios2eds/bin/gnu/H-i686-pc-linux-gnu/bin/../lib/gcc/nios2-elf/4.7.3/../../../../../H-i686-pc-linux-gnu/nios2-elf/lib/mno-hw-mul/libc.a(lib_a-strlen.o)
 .bss           0x0041d69c        0x0 /CMC/tools/altera/13.1/nios2eds/bin/gnu/H-i686-pc-linux-gnu/bin/../lib/gcc/nios2-elf/4.7.3/../../../../../H-i686-pc-linux-gnu/nios2-elf/lib/mno-hw-mul/libc.a(lib_a-timesr.o)
 .bss           0x0041d69c        0x0 /CMC/tools/altera/13.1/nios2eds/bin/gnu/H-i686-pc-linux-gnu/bin/../lib/gcc/nios2-elf/4.7.3/../../../../../H-i686-pc-linux-gnu/nios2-elf/lib/mno-hw-mul/libc.a(lib_a-vfprintf.o)
 .bss           0x0041d69c        0x0 /CMC/tools/altera/13.1/nios2eds/bin/gnu/H-i686-pc-linux-gnu/bin/../lib/gcc/nios2-elf/4.7.3/../../../../../H-i686-pc-linux-gnu/nios2-elf/lib/mno-hw-mul/libc.a(lib_a-wsetup.o)
 .bss           0x0041d69c        0x0 /CMC/tools/altera/13.1/nios2eds/bin/gnu/H-i686-pc-linux-gnu/bin/../lib/gcc/nios2-elf/4.7.3/../../../../../H-i686-pc-linux-gnu/nios2-elf/lib/mno-hw-mul/libc.a(lib_a-__call_atexit.o)
 .bss           0x0041d69c        0x0 /CMC/tools/altera/13.1/nios2eds/bin/gnu/H-i686-pc-linux-gnu/bin/../lib/gcc/nios2-elf/4.7.3/../../../../../H-i686-pc-linux-gnu/nios2-elf/lib/mno-hw-mul/libc.a(lib_a-dtoa.o)
 .bss           0x0041d69c        0x0 /CMC/tools/altera/13.1/nios2eds/bin/gnu/H-i686-pc-linux-gnu/bin/../lib/gcc/nios2-elf/4.7.3/../../../../../H-i686-pc-linux-gnu/nios2-elf/lib/mno-hw-mul/libc.a(lib_a-fflush.o)
 .bss           0x0041d69c        0x0 /CMC/tools/altera/13.1/nios2eds/bin/gnu/H-i686-pc-linux-gnu/bin/../lib/gcc/nios2-elf/4.7.3/../../../../../H-i686-pc-linux-gnu/nios2-elf/lib/mno-hw-mul/libc.a(lib_a-findfp.o)
 .bss           0x0041d69c        0x0 /CMC/tools/altera/13.1/nios2eds/bin/gnu/H-i686-pc-linux-gnu/bin/../lib/gcc/nios2-elf/4.7.3/../../../../../H-i686-pc-linux-gnu/nios2-elf/lib/mno-hw-mul/libc.a(lib_a-freer.o)
 .bss           0x0041d69c        0x0 /CMC/tools/altera/13.1/nios2eds/bin/gnu/H-i686-pc-linux-gnu/bin/../lib/gcc/nios2-elf/4.7.3/../../../../../H-i686-pc-linux-gnu/nios2-elf/lib/mno-hw-mul/libc.a(lib_a-fvwrite.o)
 .bss           0x0041d69c        0x0 /CMC/tools/altera/13.1/nios2eds/bin/gnu/H-i686-pc-linux-gnu/bin/../lib/gcc/nios2-elf/4.7.3/../../../../../H-i686-pc-linux-gnu/nios2-elf/lib/mno-hw-mul/libc.a(lib_a-fwalk.o)
 .bss           0x0041d69c        0x0 /CMC/tools/altera/13.1/nios2eds/bin/gnu/H-i686-pc-linux-gnu/bin/../lib/gcc/nios2-elf/4.7.3/../../../../../H-i686-pc-linux-gnu/nios2-elf/lib/mno-hw-mul/libc.a(lib_a-locale.o)
 .bss           0x0041d69c        0x0 /CMC/tools/altera/13.1/nios2eds/bin/gnu/H-i686-pc-linux-gnu/bin/../lib/gcc/nios2-elf/4.7.3/../../../../../H-i686-pc-linux-gnu/nios2-elf/lib/mno-hw-mul/libc.a(lib_a-makebuf.o)
 .bss           0x0041d69c       0x28 /CMC/tools/altera/13.1/nios2eds/bin/gnu/H-i686-pc-linux-gnu/bin/../lib/gcc/nios2-elf/4.7.3/../../../../../H-i686-pc-linux-gnu/nios2-elf/lib/mno-hw-mul/libc.a(lib_a-mallocr.o)
                0x0041d69c                __malloc_current_mallinfo
 .bss           0x0041d6c4        0x0 /CMC/tools/altera/13.1/nios2eds/bin/gnu/H-i686-pc-linux-gnu/bin/../lib/gcc/nios2-elf/4.7.3/../../../../../H-i686-pc-linux-gnu/nios2-elf/lib/mno-hw-mul/libc.a(lib_a-memchr.o)
 .bss           0x0041d6c4        0x0 /CMC/tools/altera/13.1/nios2eds/bin/gnu/H-i686-pc-linux-gnu/bin/../lib/gcc/nios2-elf/4.7.3/../../../../../H-i686-pc-linux-gnu/nios2-elf/lib/mno-hw-mul/libc.a(lib_a-memmove.o)
 .bss           0x0041d6c4        0x0 /CMC/tools/altera/13.1/nios2eds/bin/gnu/H-i686-pc-linux-gnu/bin/../lib/gcc/nios2-elf/4.7.3/../../../../../H-i686-pc-linux-gnu/nios2-elf/lib/mno-hw-mul/libc.a(lib_a-memset.o)
 .bss           0x0041d6c4        0x0 /CMC/tools/altera/13.1/nios2eds/bin/gnu/H-i686-pc-linux-gnu/bin/../lib/gcc/nios2-elf/4.7.3/../../../../../H-i686-pc-linux-gnu/nios2-elf/lib/mno-hw-mul/libc.a(lib_a-mprec.o)
 .bss           0x0041d6c4        0x0 /CMC/tools/altera/13.1/nios2eds/bin/gnu/H-i686-pc-linux-gnu/bin/../lib/gcc/nios2-elf/4.7.3/../../../../../H-i686-pc-linux-gnu/nios2-elf/lib/mno-hw-mul/libc.a(lib_a-reallocr.o)
 .bss           0x0041d6c4        0x0 /CMC/tools/altera/13.1/nios2eds/bin/gnu/H-i686-pc-linux-gnu/bin/../lib/gcc/nios2-elf/4.7.3/../../../../../H-i686-pc-linux-gnu/nios2-elf/lib/mno-hw-mul/libc.a(lib_a-s_isinfd.o)
 .bss           0x0041d6c4        0x0 /CMC/tools/altera/13.1/nios2eds/bin/gnu/H-i686-pc-linux-gnu/bin/../lib/gcc/nios2-elf/4.7.3/../../../../../H-i686-pc-linux-gnu/nios2-elf/lib/mno-hw-mul/libc.a(lib_a-s_isnand.o)
 .bss           0x0041d6c4        0x0 /CMC/tools/altera/13.1/nios2eds/bin/gnu/H-i686-pc-linux-gnu/bin/../lib/gcc/nios2-elf/4.7.3/../../../../../H-i686-pc-linux-gnu/nios2-elf/lib/mno-hw-mul/libc.a(lib_a-sbrkr.o)
 .bss           0x0041d6c4        0x0 /CMC/tools/altera/13.1/nios2eds/bin/gnu/H-i686-pc-linux-gnu/bin/../lib/gcc/nios2-elf/4.7.3/../../../../../H-i686-pc-linux-gnu/nios2-elf/lib/mno-hw-mul/libc.a(lib_a-stdio.o)
 .bss           0x0041d6c4        0x0 /CMC/tools/altera/13.1/nios2eds/bin/gnu/H-i686-pc-linux-gnu/bin/../lib/gcc/nios2-elf/4.7.3/../../../../../H-i686-pc-linux-gnu/nios2-elf/lib/mno-hw-mul/libc.a(lib_a-strcmp.o)
 .bss           0x0041d6c4        0x0 /CMC/tools/altera/13.1/nios2eds/bin/gnu/H-i686-pc-linux-gnu/bin/../lib/gcc/nios2-elf/4.7.3/../../../../../H-i686-pc-linux-gnu/nios2-elf/lib/mno-hw-mul/libc.a(lib_a-writer.o)
 .bss           0x0041d6c4        0x0 /CMC/tools/altera/13.1/nios2eds/bin/gnu/H-i686-pc-linux-gnu/bin/../lib/gcc/nios2-elf/4.7.3/../../../../../H-i686-pc-linux-gnu/nios2-elf/lib/mno-hw-mul/libc.a(lib_a-callocr.o)
 .bss           0x0041d6c4        0x0 /CMC/tools/altera/13.1/nios2eds/bin/gnu/H-i686-pc-linux-gnu/bin/../lib/gcc/nios2-elf/4.7.3/../../../../../H-i686-pc-linux-gnu/nios2-elf/lib/mno-hw-mul/libc.a(lib_a-closer.o)
 .bss           0x0041d6c4        0x0 /CMC/tools/altera/13.1/nios2eds/bin/gnu/H-i686-pc-linux-gnu/bin/../lib/gcc/nios2-elf/4.7.3/../../../../../H-i686-pc-linux-gnu/nios2-elf/lib/mno-hw-mul/libc.a(lib_a-fclose.o)
 .bss           0x0041d6c4        0x0 /CMC/tools/altera/13.1/nios2eds/bin/gnu/H-i686-pc-linux-gnu/bin/../lib/gcc/nios2-elf/4.7.3/../../../../../H-i686-pc-linux-gnu/nios2-elf/lib/mno-hw-mul/libc.a(lib_a-fstatr.o)
 .bss           0x0041d6c4        0x0 /CMC/tools/altera/13.1/nios2eds/bin/gnu/H-i686-pc-linux-gnu/bin/../lib/gcc/nios2-elf/4.7.3/../../../../../H-i686-pc-linux-gnu/nios2-elf/lib/mno-hw-mul/libc.a(lib_a-int_errno.o)
 .bss           0x0041d6c4        0x0 /CMC/tools/altera/13.1/nios2eds/bin/gnu/H-i686-pc-linux-gnu/bin/../lib/gcc/nios2-elf/4.7.3/../../../../../H-i686-pc-linux-gnu/nios2-elf/lib/mno-hw-mul/libc.a(lib_a-isattyr.o)
 .bss           0x0041d6c4        0x0 /CMC/tools/altera/13.1/nios2eds/bin/gnu/H-i686-pc-linux-gnu/bin/../lib/gcc/nios2-elf/4.7.3/../../../../../H-i686-pc-linux-gnu/nios2-elf/lib/mno-hw-mul/libc.a(lib_a-lseekr.o)
 .bss           0x0041d6c4        0x0 /CMC/tools/altera/13.1/nios2eds/bin/gnu/H-i686-pc-linux-gnu/bin/../lib/gcc/nios2-elf/4.7.3/../../../../../H-i686-pc-linux-gnu/nios2-elf/lib/mno-hw-mul/libc.a(lib_a-readr.o)
 .bss           0x0041d6c4        0x0 /CMC/tools/altera/13.1/nios2eds/bin/gnu/H-i686-pc-linux-gnu/bin/../lib/gcc/nios2-elf/4.7.3/mno-hw-mul/libgcc.a(_udivdi3.o)
 .bss           0x0041d6c4        0x0 /CMC/tools/altera/13.1/nios2eds/bin/gnu/H-i686-pc-linux-gnu/bin/../lib/gcc/nios2-elf/4.7.3/mno-hw-mul/libgcc.a(_umoddi3.o)
 .bss           0x0041d6c4        0x0 /CMC/tools/altera/13.1/nios2eds/bin/gnu/H-i686-pc-linux-gnu/bin/../lib/gcc/nios2-elf/4.7.3/mno-hw-mul/libgcc.a(_addsub_df.o)
 .bss           0x0041d6c4        0x0 /CMC/tools/altera/13.1/nios2eds/bin/gnu/H-i686-pc-linux-gnu/bin/../lib/gcc/nios2-elf/4.7.3/mno-hw-mul/libgcc.a(_mul_df.o)
 .bss           0x0041d6c4        0x0 /CMC/tools/altera/13.1/nios2eds/bin/gnu/H-i686-pc-linux-gnu/bin/../lib/gcc/nios2-elf/4.7.3/mno-hw-mul/libgcc.a(_div_df.o)
 .bss           0x0041d6c4        0x0 /CMC/tools/altera/13.1/nios2eds/bin/gnu/H-i686-pc-linux-gnu/bin/../lib/gcc/nios2-elf/4.7.3/mno-hw-mul/libgcc.a(_eq_df.o)
 .bss           0x0041d6c4        0x0 /CMC/tools/altera/13.1/nios2eds/bin/gnu/H-i686-pc-linux-gnu/bin/../lib/gcc/nios2-elf/4.7.3/mno-hw-mul/libgcc.a(_ne_df.o)
 .bss           0x0041d6c4        0x0 /CMC/tools/altera/13.1/nios2eds/bin/gnu/H-i686-pc-linux-gnu/bin/../lib/gcc/nios2-elf/4.7.3/mno-hw-mul/libgcc.a(_gt_df.o)
 .bss           0x0041d6c4        0x0 /CMC/tools/altera/13.1/nios2eds/bin/gnu/H-i686-pc-linux-gnu/bin/../lib/gcc/nios2-elf/4.7.3/mno-hw-mul/libgcc.a(_ge_df.o)
 .bss           0x0041d6c4        0x0 /CMC/tools/altera/13.1/nios2eds/bin/gnu/H-i686-pc-linux-gnu/bin/../lib/gcc/nios2-elf/4.7.3/mno-hw-mul/libgcc.a(_lt_df.o)
 .bss           0x0041d6c4        0x0 /CMC/tools/altera/13.1/nios2eds/bin/gnu/H-i686-pc-linux-gnu/bin/../lib/gcc/nios2-elf/4.7.3/mno-hw-mul/libgcc.a(_si_to_df.o)
 .bss           0x0041d6c4        0x0 /CMC/tools/altera/13.1/nios2eds/bin/gnu/H-i686-pc-linux-gnu/bin/../lib/gcc/nios2-elf/4.7.3/mno-hw-mul/libgcc.a(_df_to_si.o)
 .bss           0x0041d6c4        0x0 /CMC/tools/altera/13.1/nios2eds/bin/gnu/H-i686-pc-linux-gnu/bin/../lib/gcc/nios2-elf/4.7.3/mno-hw-mul/libgcc.a(_thenan_df.o)
 .bss           0x0041d6c4        0x0 /CMC/tools/altera/13.1/nios2eds/bin/gnu/H-i686-pc-linux-gnu/bin/../lib/gcc/nios2-elf/4.7.3/mno-hw-mul/libgcc.a(_usi_to_df.o)
 .bss           0x0041d6c4        0x0 /CMC/tools/altera/13.1/nios2eds/bin/gnu/H-i686-pc-linux-gnu/bin/../lib/gcc/nios2-elf/4.7.3/mno-hw-mul/libgcc.a(lib2-divmod.o)
 .bss           0x0041d6c4        0x0 /CMC/tools/altera/13.1/nios2eds/bin/gnu/H-i686-pc-linux-gnu/bin/../lib/gcc/nios2-elf/4.7.3/mno-hw-mul/libgcc.a(_muldi3.o)
 .bss           0x0041d6c4        0x0 /CMC/tools/altera/13.1/nios2eds/bin/gnu/H-i686-pc-linux-gnu/bin/../lib/gcc/nios2-elf/4.7.3/mno-hw-mul/libgcc.a(_clz.o)
 .bss           0x0041d6c4        0x0 /CMC/tools/altera/13.1/nios2eds/bin/gnu/H-i686-pc-linux-gnu/bin/../lib/gcc/nios2-elf/4.7.3/mno-hw-mul/libgcc.a(_clzsi2.o)
 .bss           0x0041d6c4        0x0 /CMC/tools/altera/13.1/nios2eds/bin/gnu/H-i686-pc-linux-gnu/bin/../lib/gcc/nios2-elf/4.7.3/mno-hw-mul/libgcc.a(_pack_df.o)
 .bss           0x0041d6c4        0x0 /CMC/tools/altera/13.1/nios2eds/bin/gnu/H-i686-pc-linux-gnu/bin/../lib/gcc/nios2-elf/4.7.3/mno-hw-mul/libgcc.a(_unpack_df.o)
 .bss           0x0041d6c4        0x0 /CMC/tools/altera/13.1/nios2eds/bin/gnu/H-i686-pc-linux-gnu/bin/../lib/gcc/nios2-elf/4.7.3/mno-hw-mul/libgcc.a(_fpcmp_parts_df.o)
 .bss           0x0041d6c4        0x0 /CMC/tools/altera/13.1/nios2eds/bin/gnu/H-i686-pc-linux-gnu/bin/../lib/gcc/nios2-elf/4.7.3/mno-hw-mul/libgcc.a(_lshrdi3.o)
 .bss           0x0041d6c4        0x0 /CMC/tools/altera/13.1/nios2eds/bin/gnu/H-i686-pc-linux-gnu/bin/../lib/gcc/nios2-elf/4.7.3/mno-hw-mul/libgcc.a(_ashldi3.o)
 .bss           0x0041d6c4        0x0 ../ucosMon_bsp//libucosii_bsp.a(alt_close.o)
 .bss           0x0041d6c4        0x0 ../ucosMon_bsp//libucosii_bsp.a(alt_dev.o)
 .bss           0x0041d6c4        0x0 ../ucosMon_bsp//libucosii_bsp.a(alt_dma_rxchan_open.o)
 .bss           0x0041d6c4        0x0 ../ucosMon_bsp//libucosii_bsp.a(alt_dma_txchan_open.o)
 .bss           0x0041d6c4        0x0 ../ucosMon_bsp//libucosii_bsp.a(alt_errno.o)
 .bss           0x0041d6c4        0x0 ../ucosMon_bsp//libucosii_bsp.a(alt_exit.o)
 .bss           0x0041d6c4        0x0 ../ucosMon_bsp//libucosii_bsp.a(alt_find_dev.o)
 .bss           0x0041d6c4        0x0 ../ucosMon_bsp//libucosii_bsp.a(alt_fstat.o)
 .bss           0x0041d6c4        0x0 ../ucosMon_bsp//libucosii_bsp.a(alt_iic.o)
 .bss           0x0041d6c4        0x0 ../ucosMon_bsp//libucosii_bsp.a(alt_iic_isr_register.o)
 .bss           0x0041d6c4        0x0 ../ucosMon_bsp//libucosii_bsp.a(alt_irq_entry.o)
 .bss           0x0041d6c4        0x0 ../ucosMon_bsp//libucosii_bsp.a(alt_irq_handler.o)
 .bss           0x0041d6c4        0x0 ../ucosMon_bsp//libucosii_bsp.a(alt_irq_vars.o)
 .bss           0x0041d6c4        0x0 ../ucosMon_bsp//libucosii_bsp.a(alt_isatty.o)
 .bss           0x0041d6c4        0x0 ../ucosMon_bsp//libucosii_bsp.a(alt_load.o)
 .bss           0x0041d6c4        0x0 ../ucosMon_bsp//libucosii_bsp.a(alt_lseek.o)
 .bss           0x0041d6c4        0x0 ../ucosMon_bsp//libucosii_bsp.a(alt_main.o)
 .bss           0x0041d6c4        0x0 ../ucosMon_bsp//libucosii_bsp.a(alt_read.o)
 .bss           0x0041d6c4        0x0 ../ucosMon_bsp//libucosii_bsp.a(alt_release_fd.o)
 .bss           0x0041d6c4        0x0 ../ucosMon_bsp//libucosii_bsp.a(alt_sbrk.o)
 .bss           0x0041d6c4        0x0 ../ucosMon_bsp//libucosii_bsp.a(alt_times.o)
 .bss           0x0041d6c4        0x0 ../ucosMon_bsp//libucosii_bsp.a(alt_write.o)
 .bss           0x0041d6c4        0x0 ../ucosMon_bsp//libucosii_bsp.a(alt_env_lock.o)
 .bss           0x0041d6c4        0x0 ../ucosMon_bsp//libucosii_bsp.a(alt_malloc_lock.o)
 .bss           0x0041d6c4        0x0 ../ucosMon_bsp//libucosii_bsp.a(os_core.o)
 .bss           0x0041d6c4        0x0 ../ucosMon_bsp//libucosii_bsp.a(os_dbg.o)
 .bss           0x0041d6c4        0x0 ../ucosMon_bsp//libucosii_bsp.a(os_flag.o)
 .bss           0x0041d6c4        0x0 ../ucosMon_bsp//libucosii_bsp.a(os_mem.o)
 .bss           0x0041d6c4        0x0 ../ucosMon_bsp//libucosii_bsp.a(os_q.o)
 .bss           0x0041d6c4        0x0 ../ucosMon_bsp//libucosii_bsp.a(os_sem.o)
 .bss           0x0041d6c4        0x0 ../ucosMon_bsp//libucosii_bsp.a(os_task.o)
 .bss           0x0041d6c4        0x0 ../ucosMon_bsp//libucosii_bsp.a(os_time.o)
 .bss           0x0041d6c4        0x0 ../ucosMon_bsp//libucosii_bsp.a(alt_sys_init.o)
 .bss           0x0041d6c4        0x0 ../ucosMon_bsp//libucosii_bsp.a(altera_avalon_dma.o)
 .bss           0x0041d6c4        0x0 ../ucosMon_bsp//libucosii_bsp.a(altera_avalon_jtag_uart_fd.o)
 .bss           0x0041d6c4        0x0 ../ucosMon_bsp//libucosii_bsp.a(altera_avalon_jtag_uart_init.o)
 .bss           0x0041d6c4        0x0 ../ucosMon_bsp//libucosii_bsp.a(altera_avalon_jtag_uart_ioctl.o)
 .bss           0x0041d6c4        0x0 ../ucosMon_bsp//libucosii_bsp.a(altera_avalon_jtag_uart_read.o)
 .bss           0x0041d6c4        0x0 ../ucosMon_bsp//libucosii_bsp.a(altera_avalon_jtag_uart_write.o)
 .bss           0x0041d6c4        0x0 ../ucosMon_bsp//libucosii_bsp.a(altera_avalon_mutex.o)
 .bss           0x0041d6c4        0x0 ../ucosMon_bsp//libucosii_bsp.a(altera_avalon_timer_sc.o)
 .bss           0x0041d6c4        0x0 ../ucosMon_bsp//libucosii_bsp.a(altera_avalon_timer_vars.o)
 .bss           0x0041d6c4        0x0 ../ucosMon_bsp//libucosii_bsp.a(altera_ro_zipfs.o)
 .bss           0x0041d6c4        0x0 ../ucosMon_bsp//libucosii_bsp.a(alt_alarm_start.o)
 .bss           0x0041d6c4        0x0 ../ucosMon_bsp//libucosii_bsp.a(alt_dcache_flush_all.o)
 .bss           0x0041d6c4        0x0 ../ucosMon_bsp//libucosii_bsp.a(alt_dev_llist_insert.o)
 .bss           0x0041d6c4        0x0 ../ucosMon_bsp//libucosii_bsp.a(alt_do_ctors.o)
 .bss           0x0041d6c4        0x0 ../ucosMon_bsp//libucosii_bsp.a(alt_do_dtors.o)
 .bss           0x0041d6c4        0x0 ../ucosMon_bsp//libucosii_bsp.a(alt_exception_entry.o)
 .bss           0x0041d6c4        0x0 ../ucosMon_bsp//libucosii_bsp.a(alt_fs_reg.o)
 .bss           0x0041d6c4        0x0 ../ucosMon_bsp//libucosii_bsp.a(alt_icache_flush_all.o)
 .bss           0x0041d6c4        0x0 ../ucosMon_bsp//libucosii_bsp.a(alt_io_redirect.o)
 .bss           0x0041d6c4        0x0 ../ucosMon_bsp//libucosii_bsp.a(alt_open.o)
 .bss           0x0041d6c4        0x0 ../ucosMon_bsp//libucosii_bsp.a(alt_tick.o)
 .bss           0x0041d6c4        0x0 ../ucosMon_bsp//libucosii_bsp.a(altera_nios2_qsys_irq.o)
 .bss           0x0041d6c4        0x0 ../ucosMon_bsp//libucosii_bsp.a(os_cpu_a.o)
 .bss           0x0041d6c4        0x0 ../ucosMon_bsp//libucosii_bsp.a(os_cpu_c.o)
 .bss           0x0041d6c4        0x0 ../ucosMon_bsp//libucosii_bsp.a(alt_find_file.o)